mode: set
rpc_plugin_system/control-plane-ops/cli-status-control/cli/any.go:10.41,13.38 3 0
rpc_plugin_system/control-plane-ops/cli-status-control/cli/any.go:13.38,15.3 1 0
rpc_plugin_system/control-plane-ops/cli-status-control/cli/any.go:16.2,16.12 1 0
rpc_plugin_system/control-plane-ops/cli-status-control/cli/cli.go:12.56,15.42 3 1
rpc_plugin_system/control-plane-ops/cli-status-control/cli/cli.go:15.42,17.3 1 0
rpc_plugin_system/control-plane-ops/cli-status-control/cli/cli.go:18.2,18.12 1 1
rpc_plugin_system/control-plane-ops/cli-status-control/cli/cli.go:22.64,25.42 3 1
rpc_plugin_system/control-plane-ops/cli-status-control/cli/cli.go:25.42,27.3 1 0
rpc_plugin_system/control-plane-ops/cli-status-control/cli/cli.go:28.2,28.12 1 1
rpc_plugin_system/control-plane-ops/cli-status-control/cli/cli.go:32.69,35.41 3 1
rpc_plugin_system/control-plane-ops/cli-status-control/cli/cli.go:35.41,37.3 1 0
rpc_plugin_system/control-plane-ops/cli-status-control/cli/cli.go:38.2,38.12 1 1
rpc_plugin_system/control-plane-ops/cli-status-control/cli/logs.go:13.66,14.31 1 1
rpc_plugin_system/control-plane-ops/cli-status-control/cli/logs.go:14.31,15.72 1 1
rpc_plugin_system/control-plane-ops/cli-status-control/cli/logs.go:15.72,17.4 1 0
rpc_plugin_system/control-plane-ops/cli-status-control/cli/logs.go:19.2,19.12 1 1
rpc_plugin_system/control-plane-ops/cli-status-control/cli/logs.go:23.66,26.43 3 1
rpc_plugin_system/control-plane-ops/cli-status-control/cli/logs.go:26.43,28.3 1 0
rpc_plugin_system/control-plane-ops/cli-status-control/cli/logs.go:29.2,29.12 1 1
rpc_plugin_system/control-plane-ops/cli-status-control/cli/logs.go:33.68,34.72 1 1
rpc_plugin_system/control-plane-ops/cli-status-control/cli/logs.go:34.72,36.3 1 0
rpc_plugin_system/control-plane-ops/cli-status-control/cli/logs.go:37.2,44.4 1 1
rpc_plugin_system/control-plane-ops/cli-status-control/cli/logs.go:44.4,45.66 1 1
rpc_plugin_system/control-plane-ops/cli-status-control/cli/logs.go:45.66,47.4 1 0
rpc_plugin_system/control-plane-ops/cli-status-control/cli/logs.go:48.3,49.35 2 1
rpc_plugin_system/control-plane-ops/cli-status-control/cli/logs.go:49.35,51.4 1 1
rpc_plugin_system/control-plane-ops/cli-status-control/cli/logs.go:52.3,53.28 2 1
rpc_plugin_system/control-plane-ops/cli-status-control/cli/logs.go:53.28,54.84 1 1
rpc_plugin_system/control-plane-ops/cli-status-control/cli/logs.go:54.84,56.5 1 0
rpc_plugin_system/control-plane-ops/cli-status-control/cli/logs.go:59.2,59.12 1 1
rpc_plugin_system/control-plane-ops/cli-status-control/cli/logs.go:63.68,66.44 3 1
rpc_plugin_system/control-plane-ops/cli-status-control/cli/logs.go:66.44,68.3 1 0
rpc_plugin_system/control-plane-ops/cli-status-control/cli/logs.go:69.2,69.12 1 1
rpc_plugin_system/control-plane-ops/event-log-write/eventlog/eventlog.go:103.40,105.2 1 1
rpc_plugin_system/control-plane-ops/event-log-write/eventlog/eventlog.go:108.65,109.24 1 1
rpc_plugin_system/control-plane-ops/event-log-write/eventlog/eventlog.go:109.24,111.3 1 1
rpc_plugin_system/control-plane-ops/event-log-write/eventlog/eventlog.go:112.2,112.26 1 1
rpc_plugin_system/control-plane-ops/event-log-write/eventlog/eventlog.go:112.26,114.3 1 1
rpc_plugin_system/control-plane-ops/event-log-write/eventlog/eventlog.go:115.2,116.16 2 1
rpc_plugin_system/control-plane-ops/event-log-write/eventlog/eventlog.go:116.16,118.3 1 0
rpc_plugin_system/control-plane-ops/event-log-write/eventlog/eventlog.go:119.2,119.96 1 1
rpc_plugin_system/control-plane-ops/event-log-write/eventlog/eventlog.go:123.32,125.2 1 1
rpc_plugin_system/control-plane-ops/event-log-write/eventlog/eventlog.go:128.32,129.14 1 0
rpc_plugin_system/control-plane-ops/event-log-write/eventlog/eventlog.go:129.14,131.3 1 0
rpc_plugin_system/control-plane-ops/event-log-write/eventlog/eventlog.go:132.2,132.15 1 0
rpc_plugin_system/control-plane-ops/event-log-write/eventlog/eventlog.go:136.43,139.25 3 1
rpc_plugin_system/control-plane-ops/event-log-write/eventlog/eventlog.go:139.25,141.3 1 0
rpc_plugin_system/control-plane-ops/event-log-write/eventlog/eventlog.go:142.2,142.23 1 1
rpc_plugin_system/control-plane-ops/event-log-write/eventlog/eventlog.go:142.23,144.3 1 0
rpc_plugin_system/control-plane-ops/event-log-write/eventlog/eventlog.go:145.2,145.27 1 1
rpc_plugin_system/control-plane-ops/event-log-write/eventlog/eventlog.go:145.27,147.3 1 1
rpc_plugin_system/control-plane-ops/event-log-write/eventlog/eventlog.go:148.2,149.16 2 1
rpc_plugin_system/control-plane-ops/event-log-write/eventlog/eventlog.go:149.16,151.3 1 0
rpc_plugin_system/control-plane-ops/event-log-write/eventlog/eventlog.go:152.2,153.59 2 1
rpc_plugin_system/control-plane-ops/event-log-write/eventlog/eventlog.go:153.59,155.3 1 0
rpc_plugin_system/control-plane-ops/event-log-write/eventlog/eventlog.go:156.2,156.46 1 1
rpc_plugin_system/control-plane-ops/event-log-write/eventlog/eventlog.go:156.46,158.3 1 0
rpc_plugin_system/control-plane-ops/event-log-write/eventlog/eventlog.go:159.2,159.38 1 1
rpc_plugin_system/control-plane-ops/event-log-write/eventlog/eventlog.go:159.38,161.3 1 0
rpc_plugin_system/control-plane-ops/event-log-write/eventlog/eventlog.go:162.2,162.12 1 1
rpc_plugin_system/control-plane-ops/event-log-write/eventlog/eventlog.go:165.61,166.37 1 1
rpc_plugin_system/control-plane-ops/event-log-write/eventlog/eventlog.go:166.37,168.3 1 0
rpc_plugin_system/control-plane-ops/event-log-write/eventlog/eventlog.go:169.2,170.16 2 1
rpc_plugin_system/control-plane-ops/event-log-write/eventlog/eventlog.go:170.16,172.3 1 0
rpc_plugin_system/control-plane-ops/event-log-write/eventlog/eventlog.go:173.2,173.46 1 1
rpc_plugin_system/control-plane-ops/event-log-write/eventlog/eventlog.go:173.46,175.3 1 1
rpc_plugin_system/control-plane-ops/event-log-write/eventlog/eventlog.go:176.2,176.39 1 1
rpc_plugin_system/control-plane-ops/event-log-write/eventlog/eventlog.go:176.39,178.3 1 0
rpc_plugin_system/control-plane-ops/event-log-write/eventlog/eventlog.go:179.2,179.37 1 1
rpc_plugin_system/control-plane-ops/event-log-write/eventlog/eventlog.go:179.37,181.24 2 1
rpc_plugin_system/control-plane-ops/event-log-write/eventlog/eventlog.go:181.24,183.12 2 1
rpc_plugin_system/control-plane-ops/event-log-write/eventlog/eventlog.go:185.3,186.45 2 1
rpc_plugin_system/control-plane-ops/event-log-write/eventlog/eventlog.go:186.45,187.54 1 1
rpc_plugin_system/control-plane-ops/event-log-write/eventlog/eventlog.go:187.54,189.5 1 0
rpc_plugin_system/control-plane-ops/event-log-write/eventlog/eventlog.go:192.2,192.43 1 1
rpc_plugin_system/control-plane-ops/event-log-write/eventlog/eventlog.go:192.43,193.66 1 1
rpc_plugin_system/control-plane-ops/event-log-write/eventlog/eventlog.go:193.66,195.4 1 0
rpc_plugin_system/control-plane-ops/event-log-write/eventlog/eventlog.go:197.2,198.16 2 1
rpc_plugin_system/control-plane-ops/event-log-write/eventlog/eventlog.go:198.16,200.3 1 0
rpc_plugin_system/control-plane-ops/event-log-write/eventlog/eventlog.go:201.2,215.16 4 1
rpc_plugin_system/control-plane-ops/event-log-write/eventlog/eventlog.go:215.16,217.3 1 0
rpc_plugin_system/control-plane-ops/event-log-write/eventlog/eventlog.go:218.2,218.63 1 1
rpc_plugin_system/control-plane-ops/event-log-write/eventlog/eventlog.go:218.63,220.3 1 0
rpc_plugin_system/control-plane-ops/event-log-write/eventlog/eventlog.go:221.2,221.38 1 1
rpc_plugin_system/control-plane-ops/event-log-write/eventlog/eventlog.go:221.38,223.3 1 0
rpc_plugin_system/control-plane-ops/event-log-write/eventlog/eventlog.go:224.2,224.12 1 1
rpc_plugin_system/control-plane-ops/event-log-write/eventlog/eventlog.go:227.44,230.15 3 1
rpc_plugin_system/control-plane-ops/event-log-write/eventlog/eventlog.go:230.15,232.3 1 0
rpc_plugin_system/control-plane-ops/event-log-write/eventlog/eventlog.go:233.2,233.45 1 1
rpc_plugin_system/control-plane-ops/event-log-write/eventlog/eventlog.go:236.50,238.16 2 0
rpc_plugin_system/control-plane-ops/event-log-write/eventlog/eventlog.go:238.16,240.3 1 0
rpc_plugin_system/control-plane-ops/event-log-write/eventlog/eventlog.go:241.2,241.14 1 0
rpc_plugin_system/control-plane-ops/event-log-write/eventlog/read.go:35.61,37.16 2 1
rpc_plugin_system/control-plane-ops/event-log-write/eventlog/read.go:37.16,39.3 1 0
rpc_plugin_system/control-plane-ops/event-log-write/eventlog/read.go:40.2,41.26 2 1
rpc_plugin_system/control-plane-ops/event-log-write/eventlog/read.go:41.26,43.17 2 1
rpc_plugin_system/control-plane-ops/event-log-write/eventlog/read.go:43.17,45.4 1 1
rpc_plugin_system/control-plane-ops/event-log-write/eventlog/read.go:46.3,46.36 1 1
rpc_plugin_system/control-plane-ops/event-log-write/eventlog/read.go:48.2,48.21 1 1
rpc_plugin_system/control-plane-ops/event-log-write/eventlog/read.go:48.21,50.3 1 0
rpc_plugin_system/control-plane-ops/event-log-write/eventlog/read.go:51.2,51.54 1 1
rpc_plugin_system/control-plane-ops/event-log-write/eventlog/read.go:51.54,53.3 1 0
rpc_plugin_system/control-plane-ops/event-log-write/eventlog/read.go:54.2,54.20 1 1
rpc_plugin_system/control-plane-ops/event-log-write/eventlog/read.go:58.40,65.31 2 1
rpc_plugin_system/control-plane-ops/event-log-write/eventlog/read.go:65.31,69.3 3 1
rpc_plugin_system/control-plane-ops/event-log-write/eventlog/read.go:70.2,70.16 1 1
rpc_plugin_system/control-plane-ops/event-log-write/eventlog/read.go:74.37,77.27 3 1
rpc_plugin_system/control-plane-ops/event-log-write/eventlog/read.go:77.27,79.3 1 1
rpc_plugin_system/control-plane-ops/event-log-write/eventlog/read.go:80.2,80.23 1 1
rpc_plugin_system/control-plane-ops/event-log-write/eventlog/read.go:80.23,82.3 1 1
rpc_plugin_system/control-plane-ops/event-log-write/eventlog/read.go:83.2,83.26 1 1
rpc_plugin_system/control-plane-ops/event-log-write/eventlog/read.go:83.26,85.3 1 1
rpc_plugin_system/control-plane-ops/event-log-write/eventlog/read.go:86.2,86.29 1 1
rpc_plugin_system/control-plane-ops/event-log-write/eventlog/read.go:86.29,88.3 1 1
rpc_plugin_system/control-plane-ops/event-log-write/eventlog/read.go:89.2,89.20 1 1
rpc_plugin_system/control-plane-ops/event-log-write/eventlog/read.go:89.20,91.3 1 1
rpc_plugin_system/control-plane-ops/event-log-write/eventlog/read.go:92.2,92.24 1 1
rpc_plugin_system/control-plane-ops/event-log-write/eventlog/read.go:92.24,94.3 1 1
rpc_plugin_system/control-plane-ops/event-log-write/eventlog/read.go:95.2,95.25 1 1
rpc_plugin_system/control-plane-ops/event-log-write/eventlog/read.go:95.25,97.3 1 1
rpc_plugin_system/control-plane-ops/event-log-write/eventlog/read.go:98.2,98.24 1 1
rpc_plugin_system/control-plane-ops/event-log-write/eventlog/read.go:98.24,100.3 1 1
rpc_plugin_system/control-plane-ops/event-log-write/eventlog/read.go:101.2,101.23 1 1
rpc_plugin_system/control-plane-ops/event-log-write/eventlog/read.go:101.23,103.3 1 1
rpc_plugin_system/control-plane-ops/event-log-write/eventlog/read.go:104.2,104.35 1 1
rpc_plugin_system/control-plane-ops/event-log-write/eventlog/read.go:107.61,109.16 2 1
rpc_plugin_system/control-plane-ops/event-log-write/eventlog/read.go:109.16,111.3 1 0
rpc_plugin_system/control-plane-ops/event-log-write/eventlog/read.go:112.2,117.6 5 1
rpc_plugin_system/control-plane-ops/event-log-write/eventlog/read.go:117.6,119.38 2 1
rpc_plugin_system/control-plane-ops/event-log-write/eventlog/read.go:119.38,120.9 1 1
rpc_plugin_system/control-plane-ops/event-log-write/eventlog/read.go:122.3,123.34 2 1
rpc_plugin_system/control-plane-ops/event-log-write/eventlog/read.go:123.34,125.4 1 0
rpc_plugin_system/control-plane-ops/event-log-write/eventlog/read.go:126.3,128.54 3 1
rpc_plugin_system/control-plane-ops/event-log-write/eventlog/read.go:128.54,130.4 1 1
rpc_plugin_system/control-plane-ops/event-log-write/eventlog/read.go:131.3,131.29 1 1
rpc_plugin_system/control-plane-ops/event-log-write/eventlog/read.go:131.29,132.12 1 1
rpc_plugin_system/control-plane-ops/event-log-write/eventlog/read.go:134.3,135.20 2 1
rpc_plugin_system/control-plane-ops/event-log-write/eventlog/read.go:135.20,136.9 1 0
rpc_plugin_system/control-plane-ops/event-log-write/eventlog/read.go:139.2,139.20 1 1
rpc_plugin_system/control-plane-ops/event-log-write/eventlog/read.go:142.54,144.42 2 1
rpc_plugin_system/control-plane-ops/event-log-write/eventlog/read.go:144.42,146.39 2 1
rpc_plugin_system/control-plane-ops/event-log-write/eventlog/read.go:146.39,148.4 1 1
rpc_plugin_system/control-plane-ops/event-log-write/eventlog/read.go:150.2,150.41 1 1
rpc_plugin_system/control-plane-ops/event-log-write/eventlog/read.go:150.41,152.3 1 1
rpc_plugin_system/control-plane-ops/event-log-write/eventlog/read.go:153.2,153.21 1 1
rpc_plugin_system/control-plane-ops/event-log-write/eventlog/read.go:153.21,155.3 1 0
rpc_plugin_system/control-plane-ops/event-log-write/eventlog/read.go:156.2,156.19 1 1
rpc_plugin_system/control-plane-ops/event-log-write/eventlog/read.go:159.47,160.57 1 1
rpc_plugin_system/control-plane-ops/event-log-write/eventlog/read.go:160.57,162.3 1 1
rpc_plugin_system/control-plane-ops/event-log-write/eventlog/read.go:163.2,163.69 1 1
rpc_plugin_system/control-plane-ops/event-log-write/eventlog/read.go:163.69,165.3 1 0
rpc_plugin_system/control-plane-ops/event-log-write/eventlog/read.go:166.2,166.57 1 1
rpc_plugin_system/control-plane-ops/event-log-write/eventlog/read.go:166.57,168.3 1 0
rpc_plugin_system/control-plane-ops/event-log-write/eventlog/read.go:169.2,169.66 1 1
rpc_plugin_system/control-plane-ops/event-log-write/eventlog/read.go:169.66,171.3 1 0
rpc_plugin_system/control-plane-ops/event-log-write/eventlog/read.go:172.2,172.60 1 1
rpc_plugin_system/control-plane-ops/event-log-write/eventlog/read.go:172.60,174.3 1 0
rpc_plugin_system/control-plane-ops/event-log-write/eventlog/read.go:175.2,175.65 1 1
rpc_plugin_system/control-plane-ops/event-log-write/eventlog/read.go:175.65,177.3 1 0
rpc_plugin_system/control-plane-ops/event-log-write/eventlog/read.go:178.2,178.13 1 1
rpc_plugin_system/control-plane-ops/event-log-write/eventlog/read.go:181.30,182.55 1 0
rpc_plugin_system/control-plane-ops/event-log-write/eventlog/read.go:182.55,184.3 1 0
rpc_plugin_system/plugin-authoring-sdk/test-plugin-api/testpluginapi/config.go:30.44,31.28 1 0
rpc_plugin_system/plugin-authoring-sdk/test-plugin-api/testpluginapi/config.go:31.28,33.3 1 0
rpc_plugin_system/plugin-authoring-sdk/test-plugin-api/testpluginapi/config.go:34.2,34.60 1 0
rpc_plugin_system/plugin-authoring-sdk/test-plugin-api/testpluginapi/config.go:37.23,38.54 1 0
rpc_plugin_system/plugin-authoring-sdk/test-plugin-api/testpluginapi/config.go:38.54,40.17 2 0
rpc_plugin_system/plugin-authoring-sdk/test-plugin-api/testpluginapi/config.go:40.17,42.41 2 0
rpc_plugin_system/plugin-authoring-sdk/test-plugin-api/testpluginapi/config.go:42.41,43.26 1 0
rpc_plugin_system/plugin-authoring-sdk/test-plugin-api/testpluginapi/config.go:43.26,45.6 1 0
rpc_plugin_system/plugin-authoring-sdk/test-plugin-api/testpluginapi/config.go:46.5,46.34 1 0
rpc_plugin_system/plugin-authoring-sdk/test-plugin-api/testpluginapi/config.go:46.34,48.6 1 0
rpc_plugin_system/plugin-authoring-sdk/test-plugin-api/testpluginapi/config.go:49.5,49.28 1 0
rpc_plugin_system/plugin-authoring-sdk/test-plugin-api/testpluginapi/config.go:49.28,51.6 1 0
rpc_plugin_system/plugin-authoring-sdk/test-plugin-api/testpluginapi/config.go:52.5,52.15 1 0
rpc_plugin_system/plugin-authoring-sdk/test-plugin-api/testpluginapi/config.go:56.2,56.18 1 0
rpc_plugin_system/plugin-authoring-sdk/test-plugin-api/testpluginapi/config.go:59.46,61.16 2 0
rpc_plugin_system/plugin-authoring-sdk/test-plugin-api/testpluginapi/config.go:61.16,63.3 1 0
rpc_plugin_system/plugin-authoring-sdk/test-plugin-api/testpluginapi/config.go:64.2,64.56 1 0
rpc_plugin_system/plugin-authoring-sdk/test-plugin-api/testpluginapi/config.go:64.56,66.3 1 0
rpc_plugin_system/plugin-authoring-sdk/test-plugin-api/testpluginapi/config.go:67.2,67.12 1 0
rpc_plugin_system/plugin-authoring-sdk/test-plugin-api/testpluginapi/config.go:71.20,86.2 1 0
rpc_plugin_system/plugin-authoring-sdk/test-plugin-api/testpluginapi/config.go:88.49,89.42 1 0
rpc_plugin_system/plugin-authoring-sdk/test-plugin-api/testpluginapi/config.go:89.42,91.3 1 0
rpc_plugin_system/plugin-authoring-sdk/test-plugin-api/testpluginapi/config.go:92.2,92.17 1 0
rpc_plugin_system/plugin-authoring-sdk/test-plugin-api/testpluginapi/config.go:95.52,97.17 2 0
rpc_plugin_system/plugin-authoring-sdk/test-plugin-api/testpluginapi/config.go:97.17,99.3 1 0
rpc_plugin_system/plugin-authoring-sdk/test-plugin-api/testpluginapi/config.go:100.2,101.16 2 0
rpc_plugin_system/plugin-authoring-sdk/test-plugin-api/testpluginapi/config.go:101.16,103.3 1 0
rpc_plugin_system/plugin-authoring-sdk/test-plugin-api/testpluginapi/config.go:104.2,104.15 1 0
rpc_plugin_system/plugin-authoring-sdk/test-plugin-api/testpluginapi/config.go:107.58,109.17 2 0
rpc_plugin_system/plugin-authoring-sdk/test-plugin-api/testpluginapi/config.go:109.17,111.3 1 0
rpc_plugin_system/plugin-authoring-sdk/test-plugin-api/testpluginapi/config.go:112.2,113.16 2 0
rpc_plugin_system/plugin-authoring-sdk/test-plugin-api/testpluginapi/config.go:113.16,115.3 1 0
rpc_plugin_system/plugin-authoring-sdk/test-plugin-api/testpluginapi/config.go:116.2,116.15 1 0
rpc_plugin_system/plugin-authoring-sdk/test-plugin-api/testpluginapi/config.go:119.49,121.17 2 0
rpc_plugin_system/plugin-authoring-sdk/test-plugin-api/testpluginapi/config.go:121.17,123.3 1 0
rpc_plugin_system/plugin-authoring-sdk/test-plugin-api/testpluginapi/config.go:124.2,125.16 2 0
rpc_plugin_system/plugin-authoring-sdk/test-plugin-api/testpluginapi/config.go:125.16,127.3 1 0
rpc_plugin_system/plugin-authoring-sdk/test-plugin-api/testpluginapi/config.go:128.2,128.15 1 0
rpc_plugin_system/plugin-authoring-sdk/go-runtime/plugin/example_minimal.go:6.24,8.16 2 0
rpc_plugin_system/plugin-authoring-sdk/go-runtime/plugin/example_minimal.go:8.16,9.13 1 0
rpc_plugin_system/plugin-authoring-sdk/go-runtime/plugin/example_minimal.go:12.2,14.48 2 0
rpc_plugin_system/plugin-authoring-sdk/go-runtime/plugin/example_minimal.go:14.48,15.13 1 0
rpc_plugin_system/plugin-authoring-sdk/go-runtime/plugin/logging.go:55.45,58.16 3 0
rpc_plugin_system/plugin-authoring-sdk/go-runtime/plugin/logging.go:58.16,60.3 1 0
rpc_plugin_system/plugin-authoring-sdk/go-runtime/plugin/logging.go:61.2,67.8 1 0
rpc_plugin_system/plugin-authoring-sdk/go-runtime/plugin/logging.go:71.32,72.14 1 0
rpc_plugin_system/plugin-authoring-sdk/go-runtime/plugin/logging.go:72.14,74.3 1 0
rpc_plugin_system/plugin-authoring-sdk/go-runtime/plugin/logging.go:75.2,75.15 1 0
rpc_plugin_system/plugin-authoring-sdk/go-runtime/plugin/logging.go:79.32,80.33 1 0
rpc_plugin_system/plugin-authoring-sdk/go-runtime/plugin/logging.go:80.33,82.3 1 0
rpc_plugin_system/plugin-authoring-sdk/go-runtime/plugin/logging.go:83.2,83.25 1 0
rpc_plugin_system/plugin-authoring-sdk/go-runtime/plugin/logging.go:87.46,88.33 1 0
rpc_plugin_system/plugin-authoring-sdk/go-runtime/plugin/logging.go:88.33,90.3 1 0
rpc_plugin_system/plugin-authoring-sdk/go-runtime/plugin/logging.go:91.2,91.27 1 0
rpc_plugin_system/plugin-authoring-sdk/go-runtime/plugin/logging.go:91.27,93.3 1 0
rpc_plugin_system/plugin-authoring-sdk/go-runtime/plugin/logging.go:94.2,94.26 1 0
rpc_plugin_system/plugin-authoring-sdk/go-runtime/plugin/logging.go:94.26,96.3 1 0
rpc_plugin_system/plugin-authoring-sdk/go-runtime/plugin/logging.go:97.2,97.29 1 0
rpc_plugin_system/plugin-authoring-sdk/go-runtime/plugin/logging.go:97.29,99.3 1 0
rpc_plugin_system/plugin-authoring-sdk/go-runtime/plugin/logging.go:100.2,100.20 1 0
rpc_plugin_system/plugin-authoring-sdk/go-runtime/plugin/logging.go:100.20,102.3 1 0
rpc_plugin_system/plugin-authoring-sdk/go-runtime/plugin/logging.go:103.2,103.23 1 0
rpc_plugin_system/plugin-authoring-sdk/go-runtime/plugin/logging.go:103.23,105.3 1 0
rpc_plugin_system/plugin-authoring-sdk/go-runtime/plugin/logging.go:106.2,106.30 1 0
rpc_plugin_system/plugin-authoring-sdk/go-runtime/plugin/plugin.go:85.39,87.2 1 0
rpc_plugin_system/plugin-authoring-sdk/go-runtime/plugin/plugin.go:118.42,120.16 2 1
rpc_plugin_system/plugin-authoring-sdk/go-runtime/plugin/plugin.go:120.16,122.3 1 1
rpc_plugin_system/plugin-authoring-sdk/go-runtime/plugin/plugin.go:123.2,124.20 2 1
rpc_plugin_system/plugin-authoring-sdk/go-runtime/plugin/plugin.go:124.20,126.3 1 1
rpc_plugin_system/plugin-authoring-sdk/go-runtime/plugin/plugin.go:127.2,128.18 2 1
rpc_plugin_system/plugin-authoring-sdk/go-runtime/plugin/plugin.go:128.18,130.3 1 1
rpc_plugin_system/plugin-authoring-sdk/go-runtime/plugin/plugin.go:131.2,132.16 2 1
rpc_plugin_system/plugin-authoring-sdk/go-runtime/plugin/plugin.go:132.16,134.3 1 1
rpc_plugin_system/plugin-authoring-sdk/go-runtime/plugin/plugin.go:135.2,136.20 2 1
rpc_plugin_system/plugin-authoring-sdk/go-runtime/plugin/plugin.go:136.20,138.3 1 1
rpc_plugin_system/plugin-authoring-sdk/go-runtime/plugin/plugin.go:139.2,140.16 2 0
rpc_plugin_system/plugin-authoring-sdk/go-runtime/plugin/plugin.go:140.16,142.3 1 0
rpc_plugin_system/plugin-authoring-sdk/go-runtime/plugin/plugin.go:143.2,143.119 1 0
rpc_plugin_system/plugin-authoring-sdk/go-runtime/plugin/plugin.go:146.29,148.16 2 0
rpc_plugin_system/plugin-authoring-sdk/go-runtime/plugin/plugin.go:148.16,150.3 1 0
rpc_plugin_system/plugin-authoring-sdk/go-runtime/plugin/plugin.go:151.2,151.35 1 0
rpc_plugin_system/plugin-authoring-sdk/go-runtime/plugin/plugin.go:154.51,155.17 1 0
rpc_plugin_system/plugin-authoring-sdk/go-runtime/plugin/plugin.go:155.17,157.3 1 0
rpc_plugin_system/plugin-authoring-sdk/go-runtime/plugin/plugin.go:158.2,159.16 2 0
rpc_plugin_system/plugin-authoring-sdk/go-runtime/plugin/plugin.go:159.16,161.3 1 0
rpc_plugin_system/plugin-authoring-sdk/go-runtime/plugin/plugin.go:162.2,167.16 5 0
rpc_plugin_system/plugin-authoring-sdk/go-runtime/plugin/plugin.go:167.16,170.3 2 0
rpc_plugin_system/plugin-authoring-sdk/go-runtime/plugin/plugin.go:171.2,171.39 1 0
rpc_plugin_system/plugin-authoring-sdk/go-runtime/plugin/plugin.go:171.39,173.3 1 0
rpc_plugin_system/plugin-authoring-sdk/go-runtime/plugin/plugin.go:174.2,179.65 5 0
rpc_plugin_system/plugin-authoring-sdk/go-runtime/plugin/plugin.go:179.65,182.3 2 0
rpc_plugin_system/plugin-authoring-sdk/go-runtime/plugin/plugin.go:183.2,183.6 1 0
rpc_plugin_system/plugin-authoring-sdk/go-runtime/plugin/plugin.go:183.6,185.17 2 0
rpc_plugin_system/plugin-authoring-sdk/go-runtime/plugin/plugin.go:185.17,188.4 2 0
rpc_plugin_system/plugin-authoring-sdk/go-runtime/plugin/plugin.go:189.3,189.31 1 0
rpc_plugin_system/plugin-authoring-sdk/go-runtime/plugin/plugin.go:193.45,194.44 1 0
rpc_plugin_system/plugin-authoring-sdk/go-runtime/plugin/plugin.go:194.44,196.3 1 0
rpc_plugin_system/plugin-authoring-sdk/go-runtime/plugin/plugin.go:197.2,198.30 2 0
rpc_plugin_system/plugin-authoring-sdk/go-runtime/plugin/plugin.go:198.30,200.3 1 0
rpc_plugin_system/plugin-authoring-sdk/go-runtime/plugin/plugin.go:201.2,201.31 1 0
rpc_plugin_system/plugin-authoring-sdk/go-runtime/plugin/plugin.go:201.31,203.3 1 0
rpc_plugin_system/plugin-authoring-sdk/go-runtime/plugin/plugin.go:204.2,204.31 1 0
rpc_plugin_system/plugin-authoring-sdk/go-runtime/plugin/plugin.go:204.31,206.3 1 0
rpc_plugin_system/plugin-authoring-sdk/go-runtime/plugin/plugin.go:207.2,207.13 1 0
rpc_plugin_system/plugin-authoring-sdk/go-runtime/plugin/plugin.go:210.64,211.21 1 1
rpc_plugin_system/plugin-authoring-sdk/go-runtime/plugin/plugin.go:211.21,213.3 1 0
rpc_plugin_system/plugin-authoring-sdk/go-runtime/plugin/plugin.go:214.2,214.39 1 1
rpc_plugin_system/plugin-authoring-sdk/go-runtime/plugin/plugin.go:214.39,215.48 1 0
rpc_plugin_system/plugin-authoring-sdk/go-runtime/plugin/plugin.go:215.48,216.23 1 0
rpc_plugin_system/plugin-authoring-sdk/go-runtime/plugin/plugin.go:216.23,218.5 1 0
rpc_plugin_system/plugin-authoring-sdk/go-runtime/plugin/plugin.go:219.4,219.14 1 0
rpc_plugin_system/plugin-authoring-sdk/go-runtime/plugin/plugin.go:222.2,224.79 3 1
rpc_plugin_system/plugin-authoring-sdk/go-runtime/plugin/plugin.go:224.79,225.22 1 0
rpc_plugin_system/plugin-authoring-sdk/go-runtime/plugin/plugin.go:225.22,227.4 1 0
rpc_plugin_system/plugin-authoring-sdk/go-runtime/plugin/plugin.go:228.3,228.26 1 0
rpc_plugin_system/plugin-authoring-sdk/go-runtime/plugin/plugin.go:230.2,233.43 4 1
rpc_plugin_system/plugin-authoring-sdk/go-runtime/plugin/plugin.go:233.43,235.3 1 0
rpc_plugin_system/plugin-authoring-sdk/go-runtime/plugin/plugin.go:236.2,237.21 2 1
rpc_plugin_system/plugin-authoring-sdk/go-runtime/plugin/plugin.go:237.21,239.3 1 0
rpc_plugin_system/plugin-authoring-sdk/go-runtime/plugin/plugin.go:240.2,240.12 1 1
rpc_plugin_system/plugin-authoring-sdk/go-runtime/plugin/plugin.go:243.73,244.58 1 1
rpc_plugin_system/plugin-authoring-sdk/go-runtime/plugin/plugin.go:244.58,246.3 1 1
rpc_plugin_system/plugin-authoring-sdk/go-runtime/plugin/plugin.go:247.2,249.43 3 1
rpc_plugin_system/plugin-authoring-sdk/go-runtime/plugin/plugin.go:249.43,251.3 1 0
rpc_plugin_system/plugin-authoring-sdk/go-runtime/plugin/plugin.go:252.2,253.21 2 1
rpc_plugin_system/plugin-authoring-sdk/go-runtime/plugin/plugin.go:253.21,255.3 1 0
rpc_plugin_system/plugin-authoring-sdk/go-runtime/plugin/plugin.go:256.2,256.12 1 1
rpc_plugin_system/plugin-authoring-sdk/go-runtime/plugin/plugin.go:259.68,260.55 1 1
rpc_plugin_system/plugin-authoring-sdk/go-runtime/plugin/plugin.go:260.55,262.3 1 1
rpc_plugin_system/plugin-authoring-sdk/go-runtime/plugin/plugin.go:263.2,265.12 3 1
rpc_plugin_system/plugin-authoring-sdk/go-runtime/plugin/plugin.go:268.55,269.54 1 0
rpc_plugin_system/plugin-authoring-sdk/go-runtime/plugin/plugin.go:269.54,271.3 1 0
rpc_plugin_system/plugin-authoring-sdk/go-runtime/plugin/plugin.go:272.2,272.21 1 0
rpc_plugin_system/plugin-authoring-sdk/go-runtime/plugin/plugin.go:272.21,274.3 1 0
rpc_plugin_system/plugin-authoring-sdk/go-runtime/plugin/plugin.go:275.2,277.12 3 0
rpc_plugin_system/plugin-authoring-sdk/go-runtime/plugin/plugin.go:280.64,281.50 1 0
rpc_plugin_system/plugin-authoring-sdk/go-runtime/plugin/plugin.go:281.50,283.3 1 0
rpc_plugin_system/plugin-authoring-sdk/go-runtime/plugin/plugin.go:284.2,285.9 2 0
rpc_plugin_system/plugin-authoring-sdk/go-runtime/plugin/plugin.go:285.9,289.3 3 0
rpc_plugin_system/plugin-authoring-sdk/go-runtime/plugin/plugin.go:290.2,292.12 3 0
rpc_plugin_system/plugin-authoring-sdk/go-runtime/plugin/plugin.go:295.59,296.51 1 0
rpc_plugin_system/plugin-authoring-sdk/go-runtime/plugin/plugin.go:296.51,298.3 1 0
rpc_plugin_system/plugin-authoring-sdk/go-runtime/plugin/plugin.go:299.2,300.9 2 0
rpc_plugin_system/plugin-authoring-sdk/go-runtime/plugin/plugin.go:300.9,304.3 3 0
rpc_plugin_system/plugin-authoring-sdk/go-runtime/plugin/plugin.go:305.2,307.12 3 0
rpc_plugin_system/plugin-authoring-sdk/go-runtime/plugin/plugin.go:310.59,311.51 1 0
rpc_plugin_system/plugin-authoring-sdk/go-runtime/plugin/plugin.go:311.51,313.3 1 0
rpc_plugin_system/plugin-authoring-sdk/go-runtime/plugin/plugin.go:314.2,315.9 2 0
rpc_plugin_system/plugin-authoring-sdk/go-runtime/plugin/plugin.go:315.9,319.3 3 0
rpc_plugin_system/plugin-authoring-sdk/go-runtime/plugin/plugin.go:320.2,322.12 3 0
rpc_plugin_system/plugin-authoring-sdk/go-runtime/plugin/plugin.go:325.51,328.16 3 1
rpc_plugin_system/plugin-authoring-sdk/go-runtime/plugin/plugin.go:328.16,330.3 1 1
rpc_plugin_system/plugin-authoring-sdk/go-runtime/plugin/plugin.go:331.2,332.21 2 1
rpc_plugin_system/plugin-authoring-sdk/go-runtime/plugin/plugin.go:332.21,334.3 1 0
rpc_plugin_system/plugin-authoring-sdk/go-runtime/plugin/plugin.go:335.2,336.12 2 1
rpc_plugin_system/plugin-authoring-sdk/go-runtime/plugin/plugin.go:339.51,340.21 1 1
rpc_plugin_system/plugin-authoring-sdk/go-runtime/plugin/plugin.go:340.21,342.3 1 1
rpc_plugin_system/plugin-authoring-sdk/go-runtime/plugin/plugin.go:343.2,343.16 1 0
rpc_plugin_system/plugin-authoring-sdk/go-runtime/plugin/plugin.go:343.16,346.3 2 0
rpc_plugin_system/plugin-authoring-sdk/go-runtime/plugin/plugin.go:347.2,347.121 1 0
rpc_plugin_system/plugin-authoring-sdk/go-runtime/plugin/template.go:16.62,17.19 1 1
rpc_plugin_system/plugin-authoring-sdk/go-runtime/plugin/template.go:17.19,19.3 1 0
rpc_plugin_system/plugin-authoring-sdk/go-runtime/plugin/template.go:20.2,25.3 1 1
rpc_plugin_system/plugin-authoring-sdk/go-runtime/plugin/template.go:29.43,31.2 1 1
rpc_plugin_system/plugin-authoring-sdk/go-runtime/plugin/template.go:34.75,43.2 2 1
rpc_plugin_system/plugin-authoring-sdk/go-runtime/plugin/template.go:46.60,48.2 1 0
rpc_plugin_system/kernel-runtime-supervision/peercred-runtime/runtime/peercred_linux.go:20.52,22.9 2 0
rpc_plugin_system/kernel-runtime-supervision/peercred-runtime/runtime/peercred_linux.go:22.9,24.3 1 0
rpc_plugin_system/kernel-runtime-supervision/peercred-runtime/runtime/peercred_linux.go:25.2,26.16 2 0
rpc_plugin_system/kernel-runtime-supervision/peercred-runtime/runtime/peercred_linux.go:26.16,28.3 1 0
rpc_plugin_system/kernel-runtime-supervision/peercred-runtime/runtime/peercred_linux.go:29.2,31.45 3 0
rpc_plugin_system/kernel-runtime-supervision/peercred-runtime/runtime/peercred_linux.go:31.45,33.17 2 0
rpc_plugin_system/kernel-runtime-supervision/peercred-runtime/runtime/peercred_linux.go:33.17,36.4 2 0
rpc_plugin_system/kernel-runtime-supervision/peercred-runtime/runtime/peercred_linux.go:37.3,37.67 1 0
rpc_plugin_system/kernel-runtime-supervision/peercred-runtime/runtime/peercred_linux.go:38.17,40.3 1 0
rpc_plugin_system/kernel-runtime-supervision/peercred-runtime/runtime/peercred_linux.go:41.2,41.20 1 0
rpc_plugin_system/kernel-runtime-supervision/peercred-runtime/runtime/peercred_linux.go:41.20,43.3 1 0
rpc_plugin_system/kernel-runtime-supervision/peercred-runtime/runtime/peercred_linux.go:44.2,44.17 1 0
rpc_plugin_system/kernel-runtime-supervision/peercred-runtime/runtime/runtime.go:17.35,18.16 1 1
rpc_plugin_system/kernel-runtime-supervision/peercred-runtime/runtime/runtime.go:18.16,20.3 1 0
rpc_plugin_system/kernel-runtime-supervision/peercred-runtime/runtime/runtime.go:21.2,22.16 2 1
rpc_plugin_system/kernel-runtime-supervision/peercred-runtime/runtime/runtime.go:22.16,23.38 1 1
rpc_plugin_system/kernel-runtime-supervision/peercred-runtime/runtime/runtime.go:23.38,25.4 1 1
rpc_plugin_system/kernel-runtime-supervision/peercred-runtime/runtime/runtime.go:26.3,26.20 1 0
rpc_plugin_system/kernel-runtime-supervision/peercred-runtime/runtime/runtime.go:26.20,28.4 1 0
rpc_plugin_system/kernel-runtime-supervision/peercred-runtime/runtime/runtime.go:29.8,29.32 1 0
rpc_plugin_system/kernel-runtime-supervision/peercred-runtime/runtime/runtime.go:29.32,31.3 1 0
rpc_plugin_system/kernel-runtime-supervision/peercred-runtime/runtime/runtime.go:32.2,32.51 1 0
rpc_plugin_system/kernel-runtime-supervision/peercred-runtime/runtime/runtime.go:32.51,34.3 1 0
rpc_plugin_system/kernel-runtime-supervision/peercred-runtime/runtime/runtime.go:35.2,35.48 1 0
rpc_plugin_system/kernel-runtime-supervision/peercred-runtime/runtime/runtime.go:35.48,37.3 1 0
rpc_plugin_system/kernel-runtime-supervision/peercred-runtime/runtime/runtime.go:38.2,38.12 1 0
rpc_plugin_system/kernel-runtime-supervision/peercred-runtime/runtime/runtime.go:42.47,44.2 1 0
rpc_plugin_system/kernel-runtime-supervision/peercred-runtime/runtime/runtime.go:47.45,49.2 1 0
rpc_plugin_system/kernel-runtime-supervision/peercred-runtime/runtime/runtime.go:52.58,55.16 3 0
rpc_plugin_system/kernel-runtime-supervision/peercred-runtime/runtime/runtime.go:55.16,57.3 1 0
rpc_plugin_system/kernel-runtime-supervision/peercred-runtime/runtime/runtime.go:58.2,58.57 1 0
rpc_plugin_system/kernel-runtime-supervision/peercred-runtime/runtime/runtime.go:58.57,62.3 3 0
rpc_plugin_system/kernel-runtime-supervision/peercred-runtime/runtime/runtime.go:63.2,63.22 1 0
rpc_plugin_system/kernel-runtime-supervision/peercred-runtime/runtime/runtime.go:67.44,68.16 1 1
rpc_plugin_system/kernel-runtime-supervision/peercred-runtime/runtime/runtime.go:68.16,70.3 1 0
rpc_plugin_system/kernel-runtime-supervision/peercred-runtime/runtime/runtime.go:71.2,71.27 1 1
rpc_plugin_system/kernel-runtime-supervision/peercred-runtime/runtime/runtime.go:71.27,73.3 1 1
rpc_plugin_system/kernel-runtime-supervision/peercred-runtime/runtime/runtime.go:74.2,75.16 2 1
rpc_plugin_system/kernel-runtime-supervision/peercred-runtime/runtime/runtime.go:75.16,77.3 1 0
rpc_plugin_system/kernel-runtime-supervision/peercred-runtime/runtime/runtime.go:78.2,78.37 1 1
rpc_plugin_system/kernel-runtime-supervision/peercred-runtime/runtime/runtime.go:78.37,80.3 1 1
rpc_plugin_system/kernel-runtime-supervision/peercred-runtime/runtime/runtime.go:81.2,81.30 1 1
rpc_plugin_system/kernel-runtime-supervision/peercred-runtime/runtime/runtime.go:81.30,83.3 1 1
rpc_plugin_system/kernel-runtime-supervision/peercred-runtime/runtime/runtime.go:84.2,84.28 1 1
rpc_plugin_system/kernel-runtime-supervision/peercred-runtime/runtime/runtime.go:84.28,86.3 1 1
rpc_plugin_system/kernel-runtime-supervision/peercred-runtime/runtime/runtime.go:87.2,87.35 1 1
rpc_plugin_system/kernel-runtime-supervision/peercred-runtime/runtime/runtime.go:87.35,89.3 1 1
rpc_plugin_system/kernel-runtime-supervision/peercred-runtime/runtime/runtime.go:90.2,90.12 1 1
rpc_plugin_system/release-packaging-governance/go-build-deps/testroot/root.go:11.38,15.16 3 1
rpc_plugin_system/release-packaging-governance/go-build-deps/testroot/root.go:15.16,17.3 1 0
rpc_plugin_system/release-packaging-governance/go-build-deps/testroot/root.go:18.2,18.6 1 1
rpc_plugin_system/release-packaging-governance/go-build-deps/testroot/root.go:18.6,19.66 1 1
rpc_plugin_system/release-packaging-governance/go-build-deps/testroot/root.go:19.66,21.4 1 1
rpc_plugin_system/release-packaging-governance/go-build-deps/testroot/root.go:21.9,21.33 1 1
rpc_plugin_system/release-packaging-governance/go-build-deps/testroot/root.go:21.33,23.4 1 0
rpc_plugin_system/release-packaging-governance/go-build-deps/testroot/root.go:24.3,25.18 2 1
rpc_plugin_system/release-packaging-governance/go-build-deps/testroot/root.go:25.18,27.4 1 0
rpc_plugin_system/release-packaging-governance/go-build-deps/testroot/root.go:28.3,28.13 1 1
rpc_plugin_system/plugin-authoring-sdk/echo-example/rpcplugin-echo/main.go:15.82,18.2 2 0
rpc_plugin_system/plugin-authoring-sdk/echo-example/rpcplugin-echo/main.go:20.75,23.2 2 0
rpc_plugin_system/plugin-authoring-sdk/echo-example/rpcplugin-echo/main.go:25.75,28.2 2 0
rpc_plugin_system/plugin-authoring-sdk/echo-example/rpcplugin-echo/main.go:30.70,31.12 1 0
rpc_plugin_system/plugin-authoring-sdk/echo-example/rpcplugin-echo/main.go:31.12,32.73 1 0
rpc_plugin_system/plugin-authoring-sdk/echo-example/rpcplugin-echo/main.go:32.73,34.4 1 0
rpc_plugin_system/plugin-authoring-sdk/echo-example/rpcplugin-echo/main.go:35.3,36.13 2 0
rpc_plugin_system/plugin-authoring-sdk/echo-example/rpcplugin-echo/main.go:38.2,38.12 1 0
rpc_plugin_system/plugin-authoring-sdk/echo-example/rpcplugin-echo/main.go:41.13,43.16 2 0
rpc_plugin_system/plugin-authoring-sdk/echo-example/rpcplugin-echo/main.go:43.16,44.13 1 0
rpc_plugin_system/plugin-authoring-sdk/echo-example/rpcplugin-echo/main.go:46.2,47.16 2 0
rpc_plugin_system/plugin-authoring-sdk/echo-example/rpcplugin-echo/main.go:47.16,48.13 1 0
rpc_plugin_system/plugin-authoring-sdk/echo-example/rpcplugin-echo/main.go:50.2,54.55 4 0
rpc_plugin_system/plugin-authoring-sdk/echo-example/rpcplugin-echo/main.go:54.55,56.13 2 0
rpc_plugin_system/plugin-authoring-sdk/failure-example/rpcplugin-failure/main.go:22.42,22.62 1 0
rpc_plugin_system/plugin-authoring-sdk/failure-example/rpcplugin-failure/main.go:24.53,26.31 2 0
rpc_plugin_system/plugin-authoring-sdk/failure-example/rpcplugin-failure/main.go:26.31,28.3 1 0
rpc_plugin_system/plugin-authoring-sdk/failure-example/rpcplugin-failure/main.go:29.2,29.78 1 0
rpc_plugin_system/plugin-authoring-sdk/failure-example/rpcplugin-failure/main.go:32.67,33.25 1 0
rpc_plugin_system/plugin-authoring-sdk/failure-example/rpcplugin-failure/main.go:33.25,35.3 1 0
rpc_plugin_system/plugin-authoring-sdk/failure-example/rpcplugin-failure/main.go:36.2,36.12 1 0
rpc_plugin_system/plugin-authoring-sdk/failure-example/rpcplugin-failure/main.go:39.64,41.49 2 0
rpc_plugin_system/plugin-authoring-sdk/failure-example/rpcplugin-failure/main.go:41.49,43.3 1 0
rpc_plugin_system/plugin-authoring-sdk/failure-example/rpcplugin-failure/main.go:46.88,47.36 1 0
rpc_plugin_system/plugin-authoring-sdk/failure-example/rpcplugin-failure/main.go:47.36,50.3 2 0
rpc_plugin_system/plugin-authoring-sdk/failure-example/rpcplugin-failure/main.go:51.2,52.31 2 0
rpc_plugin_system/plugin-authoring-sdk/failure-example/rpcplugin-failure/main.go:52.31,54.3 1 0
rpc_plugin_system/plugin-authoring-sdk/failure-example/rpcplugin-failure/main.go:55.2,62.12 2 0
rpc_plugin_system/plugin-authoring-sdk/failure-example/rpcplugin-failure/main.go:65.85,66.28 1 0
rpc_plugin_system/plugin-authoring-sdk/failure-example/rpcplugin-failure/main.go:66.28,68.3 1 0
rpc_plugin_system/plugin-authoring-sdk/failure-example/rpcplugin-failure/main.go:69.2,69.49 1 0
rpc_plugin_system/plugin-authoring-sdk/failure-example/rpcplugin-failure/main.go:69.49,71.3 1 0
rpc_plugin_system/plugin-authoring-sdk/failure-example/rpcplugin-failure/main.go:72.2,73.12 2 0
rpc_plugin_system/plugin-authoring-sdk/failure-example/rpcplugin-failure/main.go:76.78,78.16 2 0
rpc_plugin_system/plugin-authoring-sdk/failure-example/rpcplugin-failure/main.go:78.16,80.3 1 0
rpc_plugin_system/plugin-authoring-sdk/failure-example/rpcplugin-failure/main.go:81.2,82.12 2 0
rpc_plugin_system/plugin-authoring-sdk/failure-example/rpcplugin-failure/main.go:85.78,88.2 2 0
rpc_plugin_system/plugin-authoring-sdk/failure-example/rpcplugin-failure/main.go:90.73,91.12 1 0
rpc_plugin_system/plugin-authoring-sdk/failure-example/rpcplugin-failure/main.go:91.12,92.73 1 0
rpc_plugin_system/plugin-authoring-sdk/failure-example/rpcplugin-failure/main.go:92.73,94.4 1 0
rpc_plugin_system/plugin-authoring-sdk/failure-example/rpcplugin-failure/main.go:95.3,96.13 2 0
rpc_plugin_system/plugin-authoring-sdk/failure-example/rpcplugin-failure/main.go:98.2,98.12 1 0
rpc_plugin_system/plugin-authoring-sdk/failure-example/rpcplugin-failure/main.go:101.49,102.44 1 0
rpc_plugin_system/plugin-authoring-sdk/failure-example/rpcplugin-failure/main.go:102.44,104.3 1 0
rpc_plugin_system/plugin-authoring-sdk/failure-example/rpcplugin-failure/main.go:105.2,105.44 1 0
rpc_plugin_system/plugin-authoring-sdk/failure-example/rpcplugin-failure/main.go:105.44,107.3 1 0
rpc_plugin_system/plugin-authoring-sdk/failure-example/rpcplugin-failure/main.go:108.2,108.68 1 0
rpc_plugin_system/plugin-authoring-sdk/failure-example/rpcplugin-failure/main.go:111.13,113.16 2 0
rpc_plugin_system/plugin-authoring-sdk/failure-example/rpcplugin-failure/main.go:113.16,114.13 1 0
rpc_plugin_system/plugin-authoring-sdk/failure-example/rpcplugin-failure/main.go:116.2,117.16 2 0
rpc_plugin_system/plugin-authoring-sdk/failure-example/rpcplugin-failure/main.go:117.16,118.13 1 0
rpc_plugin_system/plugin-authoring-sdk/failure-example/rpcplugin-failure/main.go:120.2,124.55 5 0
rpc_plugin_system/plugin-authoring-sdk/failure-example/rpcplugin-failure/main.go:124.55,126.13 2 0
rpc_plugin_system/secure-bootstrap-transport/startup-handshake/auth/auth.go:12.33,14.42 2 0
rpc_plugin_system/secure-bootstrap-transport/startup-handshake/auth/auth.go:14.42,16.3 1 0
rpc_plugin_system/secure-bootstrap-transport/startup-handshake/auth/auth.go:17.2,17.17 1 0
rpc_plugin_system/secure-bootstrap-transport/startup-handshake/auth/auth.go:21.35,22.22 1 0
rpc_plugin_system/secure-bootstrap-transport/startup-handshake/auth/auth.go:22.22,24.3 1 0
rpc_plugin_system/secure-bootstrap-transport/startup-handshake/auth/auth.go:25.2,25.46 1 0
rpc_plugin_system/secure-bootstrap-transport/startup-handshake/auth/auth.go:29.33,31.2 1 0
rpc_plugin_system/secure-bootstrap-transport/startup-handshake/auth/auth.go:34.42,36.16 2 0
rpc_plugin_system/secure-bootstrap-transport/startup-handshake/auth/auth.go:36.16,38.3 1 0
rpc_plugin_system/secure-bootstrap-transport/startup-handshake/auth/auth.go:39.2,39.17 1 0
rpc_plugin_system/control-plane-ops/admin-rpc/adminrpc/adminrpc.go:64.64,65.19 1 1
rpc_plugin_system/control-plane-ops/admin-rpc/adminrpc/adminrpc.go:65.19,67.3 1 0
rpc_plugin_system/control-plane-ops/admin-rpc/adminrpc/adminrpc.go:68.2,69.12 2 1
rpc_plugin_system/control-plane-ops/admin-rpc/adminrpc/adminrpc.go:73.65,74.19 1 0
rpc_plugin_system/control-plane-ops/admin-rpc/adminrpc/adminrpc.go:74.19,76.3 1 0
rpc_plugin_system/control-plane-ops/admin-rpc/adminrpc/adminrpc.go:77.2,78.12 2 0
rpc_plugin_system/control-plane-ops/admin-rpc/adminrpc/adminrpc.go:82.69,83.19 1 1
rpc_plugin_system/control-plane-ops/admin-rpc/adminrpc/adminrpc.go:83.19,85.3 1 0
rpc_plugin_system/control-plane-ops/admin-rpc/adminrpc/adminrpc.go:86.2,86.61 1 1
rpc_plugin_system/control-plane-ops/admin-rpc/adminrpc/adminrpc.go:86.61,88.3 1 1
rpc_plugin_system/control-plane-ops/admin-rpc/adminrpc/adminrpc.go:89.2,90.16 2 1
rpc_plugin_system/control-plane-ops/admin-rpc/adminrpc/adminrpc.go:90.16,92.3 1 0
rpc_plugin_system/control-plane-ops/admin-rpc/adminrpc/adminrpc.go:93.2,94.12 2 1
rpc_plugin_system/control-plane-ops/admin-rpc/adminrpc/adminrpc.go:98.73,99.19 1 1
rpc_plugin_system/control-plane-ops/admin-rpc/adminrpc/adminrpc.go:99.19,101.3 1 0
rpc_plugin_system/control-plane-ops/admin-rpc/adminrpc/adminrpc.go:102.2,104.12 3 1
rpc_plugin_system/control-plane-ops/admin-rpc/adminrpc/adminrpc.go:108.62,109.19 1 1
rpc_plugin_system/control-plane-ops/admin-rpc/adminrpc/adminrpc.go:109.19,111.3 1 0
rpc_plugin_system/control-plane-ops/admin-rpc/adminrpc/adminrpc.go:112.2,114.12 3 1
rpc_plugin_system/control-plane-ops/admin-rpc/adminrpc/adminrpc.go:118.79,119.19 1 1
rpc_plugin_system/control-plane-ops/admin-rpc/adminrpc/adminrpc.go:119.19,121.3 1 0
rpc_plugin_system/control-plane-ops/admin-rpc/adminrpc/adminrpc.go:122.2,122.61 1 1
rpc_plugin_system/control-plane-ops/admin-rpc/adminrpc/adminrpc.go:122.61,124.3 1 1
rpc_plugin_system/control-plane-ops/admin-rpc/adminrpc/adminrpc.go:125.2,126.16 2 1
rpc_plugin_system/control-plane-ops/admin-rpc/adminrpc/adminrpc.go:126.16,128.3 1 0
rpc_plugin_system/control-plane-ops/admin-rpc/adminrpc/adminrpc.go:129.2,130.12 2 1
rpc_plugin_system/control-plane-ops/admin-rpc/adminrpc/adminrpc.go:134.94,135.19 1 1
rpc_plugin_system/control-plane-ops/admin-rpc/adminrpc/adminrpc.go:135.19,137.3 1 0
rpc_plugin_system/control-plane-ops/admin-rpc/adminrpc/adminrpc.go:138.2,138.61 1 1
rpc_plugin_system/control-plane-ops/admin-rpc/adminrpc/adminrpc.go:138.61,140.3 1 1
rpc_plugin_system/control-plane-ops/admin-rpc/adminrpc/adminrpc.go:141.2,142.16 2 1
rpc_plugin_system/control-plane-ops/admin-rpc/adminrpc/adminrpc.go:142.16,144.3 1 0
rpc_plugin_system/control-plane-ops/admin-rpc/adminrpc/adminrpc.go:145.2,146.12 2 1
rpc_plugin_system/control-plane-ops/admin-rpc/adminrpc/adminrpc.go:150.71,151.19 1 1
rpc_plugin_system/control-plane-ops/admin-rpc/adminrpc/adminrpc.go:151.19,153.3 1 0
rpc_plugin_system/control-plane-ops/admin-rpc/adminrpc/adminrpc.go:154.2,154.61 1 1
rpc_plugin_system/control-plane-ops/admin-rpc/adminrpc/adminrpc.go:154.61,156.3 1 1
rpc_plugin_system/control-plane-ops/admin-rpc/adminrpc/adminrpc.go:157.2,158.16 2 1
rpc_plugin_system/control-plane-ops/admin-rpc/adminrpc/adminrpc.go:158.16,160.3 1 0
rpc_plugin_system/control-plane-ops/admin-rpc/adminrpc/adminrpc.go:161.2,162.12 2 1
rpc_plugin_system/control-plane-ops/admin-rpc/adminrpc/adminrpc.go:166.77,168.16 2 1
rpc_plugin_system/control-plane-ops/admin-rpc/adminrpc/adminrpc.go:168.16,170.3 1 0
rpc_plugin_system/control-plane-ops/admin-rpc/adminrpc/adminrpc.go:171.2,171.15 1 1
rpc_plugin_system/control-plane-ops/admin-rpc/adminrpc/adminrpc.go:171.15,174.3 2 1
rpc_plugin_system/control-plane-ops/admin-rpc/adminrpc/adminrpc.go:176.2,177.79 2 1
rpc_plugin_system/control-plane-ops/admin-rpc/adminrpc/adminrpc.go:177.79,179.3 1 0
rpc_plugin_system/control-plane-ops/admin-rpc/adminrpc/adminrpc.go:181.2,181.12 1 1
rpc_plugin_system/control-plane-ops/admin-rpc/adminrpc/adminrpc.go:181.12,184.3 2 1
rpc_plugin_system/control-plane-ops/admin-rpc/adminrpc/adminrpc.go:186.2,186.6 1 1
rpc_plugin_system/control-plane-ops/admin-rpc/adminrpc/adminrpc.go:186.6,188.17 2 1
rpc_plugin_system/control-plane-ops/admin-rpc/adminrpc/adminrpc.go:188.17,189.11 1 1
rpc_plugin_system/control-plane-ops/admin-rpc/adminrpc/adminrpc.go:190.22,191.15 1 1
rpc_plugin_system/control-plane-ops/admin-rpc/adminrpc/adminrpc.go:192.12,193.54 1 0
rpc_plugin_system/control-plane-ops/admin-rpc/adminrpc/adminrpc.go:196.3,196.28 1 1
rpc_plugin_system/control-plane-ops/admin-rpc/adminrpc/adminrpc.go:201.74,203.16 2 1
rpc_plugin_system/control-plane-ops/admin-rpc/adminrpc/adminrpc.go:203.16,205.3 1 1
rpc_plugin_system/control-plane-ops/admin-rpc/adminrpc/adminrpc.go:206.2,206.33 1 1
rpc_plugin_system/control-plane-ops/cli-status-control/rpcpluginctl/args.go:23.57,24.33 1 1
rpc_plugin_system/control-plane-ops/cli-status-control/rpcpluginctl/args.go:24.33,26.18 2 1
rpc_plugin_system/control-plane-ops/cli-status-control/rpcpluginctl/args.go:26.18,27.24 1 1
rpc_plugin_system/control-plane-ops/cli-status-control/rpcpluginctl/args.go:27.24,29.5 1 0
rpc_plugin_system/control-plane-ops/cli-status-control/rpcpluginctl/args.go:30.4,30.53 1 1
rpc_plugin_system/control-plane-ops/cli-status-control/rpcpluginctl/args.go:32.3,32.22 1 1
rpc_plugin_system/control-plane-ops/cli-status-control/rpcpluginctl/args.go:32.22,34.12 2 1
rpc_plugin_system/control-plane-ops/cli-status-control/rpcpluginctl/args.go:36.3,36.22 1 1
rpc_plugin_system/control-plane-ops/cli-status-control/rpcpluginctl/args.go:36.22,37.12 1 0
rpc_plugin_system/control-plane-ops/cli-status-control/rpcpluginctl/args.go:39.3,39.34 1 1
rpc_plugin_system/control-plane-ops/cli-status-control/rpcpluginctl/args.go:39.34,40.12 1 1
rpc_plugin_system/control-plane-ops/cli-status-control/rpcpluginctl/args.go:42.3,42.46 1 1
rpc_plugin_system/control-plane-ops/cli-status-control/rpcpluginctl/args.go:44.2,44.17 1 0
rpc_plugin_system/control-plane-ops/cli-status-control/rpcpluginctl/args.go:47.34,48.39 1 1
rpc_plugin_system/control-plane-ops/cli-status-control/rpcpluginctl/args.go:48.39,50.3 1 1
rpc_plugin_system/control-plane-ops/cli-status-control/rpcpluginctl/args.go:51.2,51.40 1 1
rpc_plugin_system/control-plane-ops/cli-status-control/rpcpluginctl/args.go:51.40,52.43 1 1
rpc_plugin_system/control-plane-ops/cli-status-control/rpcpluginctl/args.go:52.43,54.4 1 1
rpc_plugin_system/control-plane-ops/cli-status-control/rpcpluginctl/args.go:56.2,56.14 1 1
rpc_plugin_system/control-plane-ops/cli-status-control/rpcpluginctl/args.go:59.34,60.33 1 1
rpc_plugin_system/control-plane-ops/cli-status-control/rpcpluginctl/args.go:60.33,62.3 1 0
rpc_plugin_system/control-plane-ops/cli-status-control/rpcpluginctl/args.go:63.2,63.34 1 1
rpc_plugin_system/control-plane-ops/cli-status-control/rpcpluginctl/args.go:63.34,64.58 1 1
rpc_plugin_system/control-plane-ops/cli-status-control/rpcpluginctl/args.go:64.58,66.4 1 0
rpc_plugin_system/control-plane-ops/cli-status-control/rpcpluginctl/args.go:68.2,68.14 1 1
rpc_plugin_system/control-plane-ops/cli-status-control/rpcpluginctl/main.go:18.13,20.20 2 0
rpc_plugin_system/control-plane-ops/cli-status-control/rpcpluginctl/main.go:20.20,22.3 1 0
rpc_plugin_system/control-plane-ops/cli-status-control/rpcpluginctl/main.go:23.2,24.19 2 0
rpc_plugin_system/control-plane-ops/cli-status-control/rpcpluginctl/main.go:24.19,26.3 1 0
rpc_plugin_system/control-plane-ops/cli-status-control/rpcpluginctl/main.go:28.2,43.43 3 0
rpc_plugin_system/control-plane-ops/cli-status-control/rpcpluginctl/main.go:43.43,45.3 1 0
rpc_plugin_system/control-plane-ops/cli-status-control/rpcpluginctl/main.go:46.2,46.20 1 0
rpc_plugin_system/control-plane-ops/cli-status-control/rpcpluginctl/main.go:46.20,48.3 1 0
rpc_plugin_system/control-plane-ops/cli-status-control/rpcpluginctl/main.go:49.2,49.77 1 0
rpc_plugin_system/control-plane-ops/cli-status-control/rpcpluginctl/main.go:49.77,51.3 1 0
rpc_plugin_system/control-plane-ops/cli-status-control/rpcpluginctl/main.go:53.2,53.17 1 0
rpc_plugin_system/control-plane-ops/cli-status-control/rpcpluginctl/main.go:54.95,56.17 2 0
rpc_plugin_system/control-plane-ops/cli-status-control/rpcpluginctl/main.go:56.17,58.4 1 0
rpc_plugin_system/control-plane-ops/cli-status-control/rpcpluginctl/main.go:59.3,61.18 2 0
rpc_plugin_system/control-plane-ops/cli-status-control/rpcpluginctl/main.go:62.28,65.18 3 0
rpc_plugin_system/control-plane-ops/cli-status-control/rpcpluginctl/main.go:65.18,67.5 1 0
rpc_plugin_system/control-plane-ops/cli-status-control/rpcpluginctl/main.go:68.4,68.63 1 0
rpc_plugin_system/control-plane-ops/cli-status-control/rpcpluginctl/main.go:68.63,70.5 1 0
rpc_plugin_system/control-plane-ops/cli-status-control/rpcpluginctl/main.go:71.17,74.18 3 0
rpc_plugin_system/control-plane-ops/cli-status-control/rpcpluginctl/main.go:74.18,76.5 1 0
rpc_plugin_system/control-plane-ops/cli-status-control/rpcpluginctl/main.go:77.4,77.59 1 0
rpc_plugin_system/control-plane-ops/cli-status-control/rpcpluginctl/main.go:77.59,79.5 1 0
rpc_plugin_system/control-plane-ops/cli-status-control/rpcpluginctl/main.go:80.23,83.18 3 0
rpc_plugin_system/control-plane-ops/cli-status-control/rpcpluginctl/main.go:83.18,85.5 1 0
rpc_plugin_system/control-plane-ops/cli-status-control/rpcpluginctl/main.go:86.4,86.65 1 0
rpc_plugin_system/control-plane-ops/cli-status-control/rpcpluginctl/main.go:86.65,88.5 1 0
rpc_plugin_system/control-plane-ops/cli-status-control/rpcpluginctl/main.go:89.17,92.18 3 0
rpc_plugin_system/control-plane-ops/cli-status-control/rpcpluginctl/main.go:92.18,94.5 1 0
rpc_plugin_system/control-plane-ops/cli-status-control/rpcpluginctl/main.go:95.4,95.58 1 0
rpc_plugin_system/control-plane-ops/cli-status-control/rpcpluginctl/main.go:95.58,97.5 1 0
rpc_plugin_system/control-plane-ops/cli-status-control/rpcpluginctl/main.go:98.20,101.18 3 0
rpc_plugin_system/control-plane-ops/cli-status-control/rpcpluginctl/main.go:101.18,103.5 1 0
rpc_plugin_system/control-plane-ops/cli-status-control/rpcpluginctl/main.go:104.4,104.54 1 0
rpc_plugin_system/control-plane-ops/cli-status-control/rpcpluginctl/main.go:104.54,106.5 1 0
rpc_plugin_system/control-plane-ops/cli-status-control/rpcpluginctl/main.go:107.15,110.18 3 0
rpc_plugin_system/control-plane-ops/cli-status-control/rpcpluginctl/main.go:110.18,112.5 1 0
rpc_plugin_system/control-plane-ops/cli-status-control/rpcpluginctl/main.go:113.4,113.55 1 0
rpc_plugin_system/control-plane-ops/cli-status-control/rpcpluginctl/main.go:113.55,115.5 1 0
rpc_plugin_system/control-plane-ops/cli-status-control/rpcpluginctl/main.go:116.18,119.18 3 0
rpc_plugin_system/control-plane-ops/cli-status-control/rpcpluginctl/main.go:119.18,121.5 1 0
rpc_plugin_system/control-plane-ops/cli-status-control/rpcpluginctl/main.go:122.4,122.59 1 0
rpc_plugin_system/control-plane-ops/cli-status-control/rpcpluginctl/main.go:122.59,124.5 1 0
rpc_plugin_system/control-plane-ops/cli-status-control/rpcpluginctl/main.go:126.14,128.17 2 0
rpc_plugin_system/control-plane-ops/cli-status-control/rpcpluginctl/main.go:128.17,130.4 1 0
rpc_plugin_system/control-plane-ops/cli-status-control/rpcpluginctl/main.go:131.3,140.17 2 0
rpc_plugin_system/control-plane-ops/cli-status-control/rpcpluginctl/main.go:140.17,142.4 1 0
rpc_plugin_system/control-plane-ops/cli-status-control/rpcpluginctl/main.go:143.3,144.17 2 0
rpc_plugin_system/control-plane-ops/cli-status-control/rpcpluginctl/main.go:144.17,146.4 1 0
rpc_plugin_system/control-plane-ops/cli-status-control/rpcpluginctl/main.go:147.3,147.15 1 0
rpc_plugin_system/control-plane-ops/cli-status-control/rpcpluginctl/main.go:147.15,149.19 2 0
rpc_plugin_system/control-plane-ops/cli-status-control/rpcpluginctl/main.go:150.16,151.62 1 0
rpc_plugin_system/control-plane-ops/cli-status-control/rpcpluginctl/main.go:151.62,153.6 1 0
rpc_plugin_system/control-plane-ops/cli-status-control/rpcpluginctl/main.go:154.16,155.62 1 0
rpc_plugin_system/control-plane-ops/cli-status-control/rpcpluginctl/main.go:155.62,157.6 1 0
rpc_plugin_system/control-plane-ops/cli-status-control/rpcpluginctl/main.go:158.12,159.68 1 0
rpc_plugin_system/control-plane-ops/cli-status-control/rpcpluginctl/main.go:161.4,161.10 1 0
rpc_plugin_system/control-plane-ops/cli-status-control/rpcpluginctl/main.go:163.3,163.18 1 0
rpc_plugin_system/control-plane-ops/cli-status-control/rpcpluginctl/main.go:164.15,165.65 1 0
rpc_plugin_system/control-plane-ops/cli-status-control/rpcpluginctl/main.go:165.65,167.5 1 0
rpc_plugin_system/control-plane-ops/cli-status-control/rpcpluginctl/main.go:168.15,169.65 1 0
rpc_plugin_system/control-plane-ops/cli-status-control/rpcpluginctl/main.go:169.65,171.5 1 0
rpc_plugin_system/control-plane-ops/cli-status-control/rpcpluginctl/main.go:172.11,173.67 1 0
rpc_plugin_system/control-plane-ops/cli-status-control/rpcpluginctl/main.go:175.30,177.9 2 0
rpc_plugin_system/control-plane-ops/cli-status-control/rpcpluginctl/main.go:178.10,179.131 1 0
rpc_plugin_system/control-plane-ops/cli-status-control/rpcpluginctl/main.go:183.80,184.17 1 0
rpc_plugin_system/control-plane-ops/cli-status-control/rpcpluginctl/main.go:185.48,186.21 1 0
rpc_plugin_system/control-plane-ops/cli-status-control/rpcpluginctl/main.go:186.21,188.4 1 0
rpc_plugin_system/control-plane-ops/cli-status-control/rpcpluginctl/main.go:190.2,190.20 1 0
rpc_plugin_system/control-plane-ops/cli-status-control/rpcpluginctl/main.go:190.20,191.59 1 0
rpc_plugin_system/control-plane-ops/cli-status-control/rpcpluginctl/main.go:191.59,193.4 1 0
rpc_plugin_system/control-plane-ops/cli-status-control/rpcpluginctl/main.go:195.2,195.23 1 0
rpc_plugin_system/control-plane-ops/cli-status-control/rpcpluginctl/main.go:195.23,196.16 1 0
rpc_plugin_system/control-plane-ops/cli-status-control/rpcpluginctl/main.go:196.16,198.4 1 0
rpc_plugin_system/control-plane-ops/cli-status-control/rpcpluginctl/main.go:199.3,199.17 1 0
rpc_plugin_system/control-plane-ops/cli-status-control/rpcpluginctl/main.go:200.23,200.23 0 0
rpc_plugin_system/control-plane-ops/cli-status-control/rpcpluginctl/main.go:201.11,202.73 1 0
rpc_plugin_system/control-plane-ops/cli-status-control/rpcpluginctl/main.go:205.2,205.12 1 0
rpc_plugin_system/control-plane-ops/cli-status-control/rpcpluginctl/main.go:208.66,209.20 1 0
rpc_plugin_system/control-plane-ops/cli-status-control/rpcpluginctl/main.go:209.20,211.3 1 0
rpc_plugin_system/control-plane-ops/cli-status-control/rpcpluginctl/main.go:212.2,213.44 2 0
rpc_plugin_system/control-plane-ops/cli-status-control/rpcpluginctl/main.go:213.44,215.3 1 0
rpc_plugin_system/control-plane-ops/cli-status-control/rpcpluginctl/main.go:216.2,217.16 2 0
rpc_plugin_system/control-plane-ops/cli-status-control/rpcpluginctl/main.go:217.16,219.3 1 0
rpc_plugin_system/control-plane-ops/cli-status-control/rpcpluginctl/main.go:220.2,221.32 2 0
rpc_plugin_system/control-plane-ops/cli-status-control/rpcpluginctl/main.go:221.32,222.21 1 0
rpc_plugin_system/control-plane-ops/cli-status-control/rpcpluginctl/main.go:222.21,223.12 1 0
rpc_plugin_system/control-plane-ops/cli-status-control/rpcpluginctl/main.go:225.3,226.47 2 0
rpc_plugin_system/control-plane-ops/cli-status-control/rpcpluginctl/main.go:226.47,228.4 1 0
rpc_plugin_system/control-plane-ops/cli-status-control/rpcpluginctl/main.go:230.2,230.26 1 0
rpc_plugin_system/control-plane-ops/cli-status-control/rpcpluginctl/main.go:230.26,232.3 1 0
rpc_plugin_system/control-plane-ops/cli-status-control/rpcpluginctl/main.go:233.2,233.25 1 0
rpc_plugin_system/control-plane-ops/cli-status-control/rpcpluginctl/main.go:233.25,235.3 1 0
rpc_plugin_system/control-plane-ops/cli-status-control/rpcpluginctl/main.go:236.2,236.21 1 0
rpc_plugin_system/kernel-runtime-supervision/daemon-entrypoint/rpcplugind/main.go:19.13,29.16 4 0
rpc_plugin_system/kernel-runtime-supervision/daemon-entrypoint/rpcplugind/main.go:29.16,31.3 1 0
rpc_plugin_system/kernel-runtime-supervision/daemon-entrypoint/rpcplugind/main.go:33.2,40.16 2 0
rpc_plugin_system/kernel-runtime-supervision/daemon-entrypoint/rpcplugind/main.go:40.16,42.3 1 0
rpc_plugin_system/kernel-runtime-supervision/daemon-entrypoint/rpcplugind/main.go:43.2,45.40 2 0
rpc_plugin_system/kernel-runtime-supervision/daemon-entrypoint/rpcplugind/main.go:45.40,47.3 1 0
rpc_plugin_system/kernel-runtime-supervision/daemon-entrypoint/rpcplugind/main.go:49.2,53.92 4 0
rpc_plugin_system/kernel-runtime-supervision/daemon-entrypoint/rpcplugind/main.go:53.92,55.3 1 0
rpc_plugin_system/kernel-runtime-supervision/daemon-entrypoint/rpcplugind/main.go:58.91,59.22 1 1
rpc_plugin_system/kernel-runtime-supervision/daemon-entrypoint/rpcplugind/main.go:59.22,62.30 3 1
rpc_plugin_system/kernel-runtime-supervision/daemon-entrypoint/rpcplugind/main.go:62.30,65.62 3 1
rpc_plugin_system/kernel-runtime-supervision/daemon-entrypoint/rpcplugind/main.go:65.62,67.5 1 0
rpc_plugin_system/kernel-runtime-supervision/daemon-entrypoint/rpcplugind/main.go:68.4,68.61 1 1
rpc_plugin_system/kernel-runtime-supervision/daemon-entrypoint/rpcplugind/main.go:68.61,70.5 1 1
rpc_plugin_system/kernel-runtime-supervision/daemon-entrypoint/rpcplugind/main.go:71.4,71.94 1 0
rpc_plugin_system/kernel-runtime-supervision/daemon-entrypoint/rpcplugind/main.go:73.3,73.22 1 0
rpc_plugin_system/kernel-runtime-supervision/daemon-entrypoint/rpcplugind/main.go:75.2,75.22 1 1
rpc_plugin_system/kernel-runtime-supervision/daemon-entrypoint/rpcplugind/main.go:75.22,77.3 1 0
rpc_plugin_system/kernel-runtime-supervision/daemon-entrypoint/rpcplugind/main.go:78.2,78.58 1 1
rpc_plugin_system/kernel-runtime-supervision/daemon-entrypoint/rpcplugind/main.go:78.58,80.3 1 1
rpc_plugin_system/kernel-runtime-supervision/daemon-entrypoint/rpcplugind/main.go:81.2,81.81 1 0
rpc_plugin_system/kernel-runtime-supervision/manager-lifecycle/kernel/host.go:54.52,56.2 1 0
rpc_plugin_system/kernel-runtime-supervision/manager-lifecycle/kernel/host.go:59.33,61.2 1 1
rpc_plugin_system/kernel-runtime-supervision/manager-lifecycle/kernel/host.go:64.55,66.16 2 1
rpc_plugin_system/kernel-runtime-supervision/manager-lifecycle/kernel/host.go:66.16,68.3 1 0
rpc_plugin_system/kernel-runtime-supervision/manager-lifecycle/kernel/host.go:69.2,69.29 1 1
rpc_plugin_system/kernel-runtime-supervision/manager-lifecycle/kernel/host.go:73.45,74.26 1 1
rpc_plugin_system/kernel-runtime-supervision/manager-lifecycle/kernel/host.go:74.26,76.3 1 0
rpc_plugin_system/kernel-runtime-supervision/manager-lifecycle/kernel/host.go:77.2,77.27 1 1
rpc_plugin_system/kernel-runtime-supervision/manager-lifecycle/kernel/host.go:77.27,79.3 1 0
rpc_plugin_system/kernel-runtime-supervision/manager-lifecycle/kernel/host.go:80.2,82.37 3 1
rpc_plugin_system/kernel-runtime-supervision/manager-lifecycle/kernel/host.go:82.37,83.59 1 1
rpc_plugin_system/kernel-runtime-supervision/manager-lifecycle/kernel/host.go:83.59,85.4 1 1
rpc_plugin_system/kernel-runtime-supervision/manager-lifecycle/kernel/host.go:86.3,86.30 1 1
rpc_plugin_system/kernel-runtime-supervision/manager-lifecycle/kernel/host.go:86.30,88.4 1 0
rpc_plugin_system/kernel-runtime-supervision/manager-lifecycle/kernel/host.go:89.3,89.41 1 1
rpc_plugin_system/kernel-runtime-supervision/manager-lifecycle/kernel/host.go:89.41,91.4 1 0
rpc_plugin_system/kernel-runtime-supervision/manager-lifecycle/kernel/host.go:92.3,102.17 3 1
rpc_plugin_system/kernel-runtime-supervision/manager-lifecycle/kernel/host.go:102.17,103.43 1 0
rpc_plugin_system/kernel-runtime-supervision/manager-lifecycle/kernel/host.go:103.43,105.5 1 0
rpc_plugin_system/kernel-runtime-supervision/manager-lifecycle/kernel/host.go:106.4,106.74 1 0
rpc_plugin_system/kernel-runtime-supervision/manager-lifecycle/kernel/host.go:108.3,109.55 2 1
rpc_plugin_system/kernel-runtime-supervision/manager-lifecycle/kernel/host.go:111.2,112.18 2 1
rpc_plugin_system/kernel-runtime-supervision/manager-lifecycle/kernel/host.go:116.30,120.37 4 1
rpc_plugin_system/kernel-runtime-supervision/manager-lifecycle/kernel/host.go:120.37,121.73 1 1
rpc_plugin_system/kernel-runtime-supervision/manager-lifecycle/kernel/host.go:121.73,123.4 1 1
rpc_plugin_system/kernel-runtime-supervision/manager-lifecycle/kernel/host.go:125.2,125.17 1 1
rpc_plugin_system/kernel-runtime-supervision/manager-lifecycle/kernel/host.go:129.33,133.37 4 1
rpc_plugin_system/kernel-runtime-supervision/manager-lifecycle/kernel/host.go:133.37,134.54 1 1
rpc_plugin_system/kernel-runtime-supervision/manager-lifecycle/kernel/host.go:134.54,135.38 1 0
rpc_plugin_system/kernel-runtime-supervision/manager-lifecycle/kernel/host.go:135.38,137.5 1 0
rpc_plugin_system/kernel-runtime-supervision/manager-lifecycle/kernel/host.go:138.4,138.59 1 0
rpc_plugin_system/kernel-runtime-supervision/manager-lifecycle/kernel/host.go:140.3,140.38 1 1
rpc_plugin_system/kernel-runtime-supervision/manager-lifecycle/kernel/host.go:142.2,142.12 1 1
rpc_plugin_system/kernel-runtime-supervision/manager-lifecycle/kernel/host.go:146.59,150.9 4 1
rpc_plugin_system/kernel-runtime-supervision/manager-lifecycle/kernel/host.go:150.9,152.3 1 0
rpc_plugin_system/kernel-runtime-supervision/manager-lifecycle/kernel/host.go:153.2,153.21 1 1
rpc_plugin_system/kernel-runtime-supervision/manager-lifecycle/kernel/host.go:157.34,165.37 4 1
rpc_plugin_system/kernel-runtime-supervision/manager-lifecycle/kernel/host.go:165.37,175.42 4 1
rpc_plugin_system/kernel-runtime-supervision/manager-lifecycle/kernel/host.go:175.42,177.4 1 1
rpc_plugin_system/kernel-runtime-supervision/manager-lifecycle/kernel/host.go:179.2,179.37 1 1
rpc_plugin_system/kernel-runtime-supervision/manager-lifecycle/kernel/host.go:179.37,181.3 1 1
rpc_plugin_system/kernel-runtime-supervision/manager-lifecycle/kernel/host.go:182.2,182.12 1 1
rpc_plugin_system/kernel-runtime-supervision/manager-lifecycle/kernel/host.go:186.33,188.2 1 0
rpc_plugin_system/kernel-runtime-supervision/manager-lifecycle/kernel/host.go:191.62,193.16 2 1
rpc_plugin_system/kernel-runtime-supervision/manager-lifecycle/kernel/host.go:193.16,195.3 1 0
rpc_plugin_system/kernel-runtime-supervision/manager-lifecycle/kernel/host.go:196.2,197.9 2 1
rpc_plugin_system/kernel-runtime-supervision/manager-lifecycle/kernel/host.go:197.9,199.3 1 0
rpc_plugin_system/kernel-runtime-supervision/manager-lifecycle/kernel/host.go:200.2,200.19 1 1
rpc_plugin_system/kernel-runtime-supervision/manager-lifecycle/kernel/host.go:213.70,215.16 2 1
rpc_plugin_system/kernel-runtime-supervision/manager-lifecycle/kernel/host.go:215.16,217.3 1 0
rpc_plugin_system/kernel-runtime-supervision/manager-lifecycle/kernel/host.go:218.2,225.17 2 1
rpc_plugin_system/kernel-runtime-supervision/manager-lifecycle/kernel/host.go:229.63,231.16 2 1
rpc_plugin_system/kernel-runtime-supervision/manager-lifecycle/kernel/host.go:231.16,233.3 1 0
rpc_plugin_system/kernel-runtime-supervision/manager-lifecycle/kernel/host.go:234.2,234.30 1 1
rpc_plugin_system/kernel-runtime-supervision/manager-lifecycle/kernel/host.go:238.84,240.16 2 1
rpc_plugin_system/kernel-runtime-supervision/manager-lifecycle/kernel/host.go:240.16,242.3 1 0
rpc_plugin_system/kernel-runtime-supervision/manager-lifecycle/kernel/host.go:243.2,243.28 1 1
rpc_plugin_system/kernel-runtime-supervision/manager-lifecycle/kernel/host.go:261.88,263.2 1 1
rpc_plugin_system/kernel-runtime-supervision/manager-lifecycle/kernel/host.go:266.71,268.16 2 1
rpc_plugin_system/kernel-runtime-supervision/manager-lifecycle/kernel/host.go:268.16,270.3 1 0
rpc_plugin_system/kernel-runtime-supervision/manager-lifecycle/kernel/host.go:271.2,271.18 1 1
rpc_plugin_system/kernel-runtime-supervision/manager-lifecycle/kernel/host.go:272.27,274.17 2 1
rpc_plugin_system/kernel-runtime-supervision/manager-lifecycle/kernel/host.go:274.17,276.4 1 0
rpc_plugin_system/kernel-runtime-supervision/manager-lifecycle/kernel/host.go:277.3,277.70 1 1
rpc_plugin_system/kernel-runtime-supervision/manager-lifecycle/kernel/host.go:278.22,281.17 3 1
rpc_plugin_system/kernel-runtime-supervision/manager-lifecycle/kernel/host.go:281.17,283.4 1 0
rpc_plugin_system/kernel-runtime-supervision/manager-lifecycle/kernel/host.go:284.3,284.107 1 1
rpc_plugin_system/kernel-runtime-supervision/manager-lifecycle/kernel/host.go:285.25,286.43 1 1
rpc_plugin_system/kernel-runtime-supervision/manager-lifecycle/kernel/host.go:286.43,288.4 1 0
rpc_plugin_system/kernel-runtime-supervision/manager-lifecycle/kernel/host.go:289.3,289.82 1 1
rpc_plugin_system/kernel-runtime-supervision/manager-lifecycle/kernel/host.go:290.10,291.79 1 0
rpc_plugin_system/kernel-runtime-supervision/manager-lifecycle/kernel/host.go:296.49,299.37 3 0
rpc_plugin_system/kernel-runtime-supervision/manager-lifecycle/kernel/host.go:299.37,301.3 1 0
rpc_plugin_system/kernel-runtime-supervision/manager-lifecycle/kernel/host.go:304.53,306.2 1 1
rpc_plugin_system/kernel-runtime-supervision/manager-lifecycle/kernel/host.go:308.55,310.2 1 1
rpc_plugin_system/kernel-runtime-supervision/manager-lifecycle/kernel/manager.go:72.40,73.98 1 1
rpc_plugin_system/kernel-runtime-supervision/manager-lifecycle/kernel/manager.go:73.98,75.3 1 0
rpc_plugin_system/kernel-runtime-supervision/manager-lifecycle/kernel/manager.go:76.2,76.69 1 1
rpc_plugin_system/kernel-runtime-supervision/manager-lifecycle/kernel/manager.go:76.69,78.3 1 1
rpc_plugin_system/kernel-runtime-supervision/manager-lifecycle/kernel/manager.go:79.2,79.60 1 1
rpc_plugin_system/kernel-runtime-supervision/manager-lifecycle/kernel/manager.go:79.60,81.3 1 0
rpc_plugin_system/kernel-runtime-supervision/manager-lifecycle/kernel/manager.go:82.2,83.16 2 1
rpc_plugin_system/kernel-runtime-supervision/manager-lifecycle/kernel/manager.go:83.16,85.3 1 0
rpc_plugin_system/kernel-runtime-supervision/manager-lifecycle/kernel/manager.go:86.2,86.26 1 1
rpc_plugin_system/kernel-runtime-supervision/manager-lifecycle/kernel/manager.go:86.26,88.3 1 0
rpc_plugin_system/kernel-runtime-supervision/manager-lifecycle/kernel/manager.go:89.2,89.26 1 1
rpc_plugin_system/kernel-runtime-supervision/manager-lifecycle/kernel/manager.go:89.26,91.3 1 0
rpc_plugin_system/kernel-runtime-supervision/manager-lifecycle/kernel/manager.go:92.2,92.29 1 1
rpc_plugin_system/kernel-runtime-supervision/manager-lifecycle/kernel/manager.go:92.29,94.3 1 1
rpc_plugin_system/kernel-runtime-supervision/manager-lifecycle/kernel/manager.go:95.2,108.21 3 1
rpc_plugin_system/kernel-runtime-supervision/manager-lifecycle/kernel/manager.go:112.33,115.24 3 1
rpc_plugin_system/kernel-runtime-supervision/manager-lifecycle/kernel/manager.go:115.24,122.3 6 1
rpc_plugin_system/kernel-runtime-supervision/manager-lifecycle/kernel/manager.go:123.2,123.22 1 1
rpc_plugin_system/kernel-runtime-supervision/manager-lifecycle/kernel/manager.go:127.33,131.2 3 1
rpc_plugin_system/kernel-runtime-supervision/manager-lifecycle/kernel/manager.go:133.39,135.14 2 1
rpc_plugin_system/kernel-runtime-supervision/manager-lifecycle/kernel/manager.go:135.14,138.3 2 0
rpc_plugin_system/kernel-runtime-supervision/manager-lifecycle/kernel/manager.go:139.2,139.37 1 1
rpc_plugin_system/kernel-runtime-supervision/manager-lifecycle/kernel/manager.go:139.37,142.3 2 1
rpc_plugin_system/kernel-runtime-supervision/manager-lifecycle/kernel/manager.go:143.2,170.16 10 1
rpc_plugin_system/kernel-runtime-supervision/manager-lifecycle/kernel/manager.go:170.16,183.3 3 0
rpc_plugin_system/kernel-runtime-supervision/manager-lifecycle/kernel/manager.go:184.2,184.61 1 1
rpc_plugin_system/kernel-runtime-supervision/manager-lifecycle/kernel/manager.go:184.61,198.3 4 0
rpc_plugin_system/kernel-runtime-supervision/manager-lifecycle/kernel/manager.go:200.2,207.84 3 1
rpc_plugin_system/kernel-runtime-supervision/manager-lifecycle/kernel/manager.go:207.84,209.3 1 1
rpc_plugin_system/kernel-runtime-supervision/manager-lifecycle/kernel/manager.go:210.2,210.88 1 1
rpc_plugin_system/kernel-runtime-supervision/manager-lifecycle/kernel/manager.go:210.88,212.3 1 1
rpc_plugin_system/kernel-runtime-supervision/manager-lifecycle/kernel/manager.go:213.2,213.36 1 1
rpc_plugin_system/kernel-runtime-supervision/manager-lifecycle/kernel/manager.go:213.36,227.3 4 0
rpc_plugin_system/kernel-runtime-supervision/manager-lifecycle/kernel/manager.go:229.2,230.16 2 1
rpc_plugin_system/kernel-runtime-supervision/manager-lifecycle/kernel/manager.go:230.16,233.3 2 1
rpc_plugin_system/kernel-runtime-supervision/manager-lifecycle/kernel/manager.go:234.2,234.78 1 1
rpc_plugin_system/kernel-runtime-supervision/manager-lifecycle/kernel/manager.go:234.78,248.3 3 0
rpc_plugin_system/kernel-runtime-supervision/manager-lifecycle/kernel/manager.go:250.2,261.137 3 1
rpc_plugin_system/kernel-runtime-supervision/manager-lifecycle/kernel/manager.go:261.137,276.3 4 1
rpc_plugin_system/kernel-runtime-supervision/manager-lifecycle/kernel/manager.go:277.2,277.41 1 1
rpc_plugin_system/kernel-runtime-supervision/manager-lifecycle/kernel/manager.go:277.41,292.3 4 1
rpc_plugin_system/kernel-runtime-supervision/manager-lifecycle/kernel/manager.go:293.2,293.41 1 1
rpc_plugin_system/kernel-runtime-supervision/manager-lifecycle/kernel/manager.go:293.41,308.3 4 1
rpc_plugin_system/kernel-runtime-supervision/manager-lifecycle/kernel/manager.go:309.2,332.115 5 1
rpc_plugin_system/kernel-runtime-supervision/manager-lifecycle/kernel/manager.go:332.115,347.3 4 0
rpc_plugin_system/kernel-runtime-supervision/manager-lifecycle/kernel/manager.go:348.2,348.37 1 1
rpc_plugin_system/kernel-runtime-supervision/manager-lifecycle/kernel/manager.go:348.37,363.3 4 0
rpc_plugin_system/kernel-runtime-supervision/manager-lifecycle/kernel/manager.go:364.2,364.37 1 1
rpc_plugin_system/kernel-runtime-supervision/manager-lifecycle/kernel/manager.go:364.37,379.3 4 0
rpc_plugin_system/kernel-runtime-supervision/manager-lifecycle/kernel/manager.go:380.2,380.40 1 1
rpc_plugin_system/kernel-runtime-supervision/manager-lifecycle/kernel/manager.go:380.40,381.38 1 1
rpc_plugin_system/kernel-runtime-supervision/manager-lifecycle/kernel/manager.go:381.38,396.4 4 1
rpc_plugin_system/kernel-runtime-supervision/manager-lifecycle/kernel/manager.go:399.2,434.12 8 1
rpc_plugin_system/kernel-runtime-supervision/manager-lifecycle/kernel/manager.go:438.72,446.12 8 1
rpc_plugin_system/kernel-runtime-supervision/manager-lifecycle/kernel/manager.go:446.12,448.3 1 1
rpc_plugin_system/kernel-runtime-supervision/manager-lifecycle/kernel/manager.go:449.2,450.19 2 1
rpc_plugin_system/kernel-runtime-supervision/manager-lifecycle/kernel/manager.go:450.19,452.3 1 1
rpc_plugin_system/kernel-runtime-supervision/manager-lifecycle/kernel/manager.go:453.2,453.111 1 1
rpc_plugin_system/kernel-runtime-supervision/manager-lifecycle/kernel/manager.go:453.111,467.3 2 1
rpc_plugin_system/kernel-runtime-supervision/manager-lifecycle/kernel/manager.go:468.2,473.13 6 1
rpc_plugin_system/kernel-runtime-supervision/manager-lifecycle/kernel/manager.go:473.13,474.18 1 1
rpc_plugin_system/kernel-runtime-supervision/manager-lifecycle/kernel/manager.go:474.18,486.4 1 1
rpc_plugin_system/kernel-runtime-supervision/manager-lifecycle/kernel/manager.go:487.8,500.3 1 1
rpc_plugin_system/kernel-runtime-supervision/manager-lifecycle/kernel/manager.go:501.2,501.17 1 1
rpc_plugin_system/kernel-runtime-supervision/manager-lifecycle/kernel/manager.go:505.56,511.12 6 1
rpc_plugin_system/kernel-runtime-supervision/manager-lifecycle/kernel/manager.go:511.12,513.3 1 0
rpc_plugin_system/kernel-runtime-supervision/manager-lifecycle/kernel/manager.go:514.2,514.19 1 1
rpc_plugin_system/kernel-runtime-supervision/manager-lifecycle/kernel/manager.go:514.19,516.3 1 0
rpc_plugin_system/kernel-runtime-supervision/manager-lifecycle/kernel/manager.go:517.2,518.128 2 1
rpc_plugin_system/kernel-runtime-supervision/manager-lifecycle/kernel/manager.go:518.128,520.3 1 1
rpc_plugin_system/kernel-runtime-supervision/manager-lifecycle/kernel/manager.go:521.2,521.25 1 1
rpc_plugin_system/kernel-runtime-supervision/manager-lifecycle/kernel/manager.go:525.55,531.12 6 1
rpc_plugin_system/kernel-runtime-supervision/manager-lifecycle/kernel/manager.go:531.12,533.3 1 0
rpc_plugin_system/kernel-runtime-supervision/manager-lifecycle/kernel/manager.go:534.2,534.19 1 1
rpc_plugin_system/kernel-runtime-supervision/manager-lifecycle/kernel/manager.go:534.19,536.3 1 0
rpc_plugin_system/kernel-runtime-supervision/manager-lifecycle/kernel/manager.go:537.2,537.134 1 1
rpc_plugin_system/kernel-runtime-supervision/manager-lifecycle/kernel/manager.go:541.41,547.12 6 1
rpc_plugin_system/kernel-runtime-supervision/manager-lifecycle/kernel/manager.go:547.12,549.3 1 0
rpc_plugin_system/kernel-runtime-supervision/manager-lifecycle/kernel/manager.go:550.2,550.19 1 1
rpc_plugin_system/kernel-runtime-supervision/manager-lifecycle/kernel/manager.go:550.19,552.3 1 0
rpc_plugin_system/kernel-runtime-supervision/manager-lifecycle/kernel/manager.go:553.2,553.126 1 1
rpc_plugin_system/kernel-runtime-supervision/manager-lifecycle/kernel/manager.go:557.35,567.12 9 1
rpc_plugin_system/kernel-runtime-supervision/manager-lifecycle/kernel/manager.go:567.12,569.3 1 1
rpc_plugin_system/kernel-runtime-supervision/manager-lifecycle/kernel/manager.go:570.2,580.66 2 1
rpc_plugin_system/kernel-runtime-supervision/manager-lifecycle/kernel/manager.go:580.66,593.3 2 0
rpc_plugin_system/kernel-runtime-supervision/manager-lifecycle/kernel/manager.go:594.2,594.40 1 1
rpc_plugin_system/kernel-runtime-supervision/manager-lifecycle/kernel/manager.go:594.40,607.3 2 0
rpc_plugin_system/kernel-runtime-supervision/manager-lifecycle/kernel/manager.go:608.2,619.12 3 1
rpc_plugin_system/kernel-runtime-supervision/manager-lifecycle/kernel/manager.go:623.32,627.2 3 1
rpc_plugin_system/kernel-runtime-supervision/manager-lifecycle/kernel/manager.go:630.33,636.2 5 1
rpc_plugin_system/kernel-runtime-supervision/manager-lifecycle/kernel/manager.go:638.82,649.34 3 1
rpc_plugin_system/kernel-runtime-supervision/manager-lifecycle/kernel/manager.go:649.34,651.17 2 1
rpc_plugin_system/kernel-runtime-supervision/manager-lifecycle/kernel/manager.go:651.17,662.4 2 1
rpc_plugin_system/kernel-runtime-supervision/manager-lifecycle/kernel/manager.go:663.3,663.36 1 1
rpc_plugin_system/kernel-runtime-supervision/manager-lifecycle/kernel/manager.go:665.2,676.17 3 1
rpc_plugin_system/kernel-runtime-supervision/manager-lifecycle/kernel/manager.go:679.104,680.19 1 1
rpc_plugin_system/kernel-runtime-supervision/manager-lifecycle/kernel/manager.go:680.19,682.3 1 0
rpc_plugin_system/kernel-runtime-supervision/manager-lifecycle/kernel/manager.go:683.2,696.12 4 1
rpc_plugin_system/kernel-runtime-supervision/manager-lifecycle/kernel/manager.go:696.12,698.3 1 1
rpc_plugin_system/kernel-runtime-supervision/manager-lifecycle/kernel/manager.go:700.2,700.9 1 1
rpc_plugin_system/kernel-runtime-supervision/manager-lifecycle/kernel/manager.go:701.25,702.17 1 1
rpc_plugin_system/kernel-runtime-supervision/manager-lifecycle/kernel/manager.go:702.17,703.29 1 1
rpc_plugin_system/kernel-runtime-supervision/manager-lifecycle/kernel/manager.go:703.29,705.5 1 1
rpc_plugin_system/kernel-runtime-supervision/manager-lifecycle/kernel/manager.go:706.4,718.14 2 1
rpc_plugin_system/kernel-runtime-supervision/manager-lifecycle/kernel/manager.go:720.3,723.38 4 1
rpc_plugin_system/kernel-runtime-supervision/manager-lifecycle/kernel/manager.go:723.38,738.4 3 0
rpc_plugin_system/kernel-runtime-supervision/manager-lifecycle/kernel/manager.go:739.3,750.13 2 1
rpc_plugin_system/kernel-runtime-supervision/manager-lifecycle/kernel/manager.go:751.39,766.13 4 1
rpc_plugin_system/kernel-runtime-supervision/manager-lifecycle/kernel/manager.go:770.69,772.14 2 1
rpc_plugin_system/kernel-runtime-supervision/manager-lifecycle/kernel/manager.go:772.14,775.3 2 0
rpc_plugin_system/kernel-runtime-supervision/manager-lifecycle/kernel/manager.go:776.2,785.16 10 1
rpc_plugin_system/kernel-runtime-supervision/manager-lifecycle/kernel/manager.go:785.16,787.3 1 1
rpc_plugin_system/kernel-runtime-supervision/manager-lifecycle/kernel/manager.go:788.2,802.19 3 1
rpc_plugin_system/kernel-runtime-supervision/manager-lifecycle/kernel/manager.go:802.19,814.129 2 1
rpc_plugin_system/kernel-runtime-supervision/manager-lifecycle/kernel/manager.go:814.129,827.4 1 0
rpc_plugin_system/kernel-runtime-supervision/manager-lifecycle/kernel/manager.go:827.9,839.4 1 1
rpc_plugin_system/kernel-runtime-supervision/manager-lifecycle/kernel/manager.go:840.3,840.21 1 1
rpc_plugin_system/kernel-runtime-supervision/manager-lifecycle/kernel/manager.go:842.2,842.38 1 1
rpc_plugin_system/kernel-runtime-supervision/manager-lifecycle/kernel/manager.go:842.38,844.13 2 1
rpc_plugin_system/kernel-runtime-supervision/manager-lifecycle/kernel/manager.go:844.13,847.4 2 1
rpc_plugin_system/kernel-runtime-supervision/manager-lifecycle/kernel/manager.go:848.3,848.10 1 1
rpc_plugin_system/kernel-runtime-supervision/manager-lifecycle/kernel/manager.go:849.24,850.56 1 1
rpc_plugin_system/kernel-runtime-supervision/manager-lifecycle/kernel/manager.go:850.56,852.5 1 0
rpc_plugin_system/kernel-runtime-supervision/manager-lifecycle/kernel/manager.go:853.45,854.100 1 1
rpc_plugin_system/kernel-runtime-supervision/manager-lifecycle/kernel/manager.go:854.100,856.5 1 0
rpc_plugin_system/kernel-runtime-supervision/manager-lifecycle/kernel/manager.go:857.4,857.73 1 1
rpc_plugin_system/kernel-runtime-supervision/manager-lifecycle/kernel/manager.go:857.73,859.5 1 0
rpc_plugin_system/kernel-runtime-supervision/manager-lifecycle/kernel/manager.go:860.4,872.14 3 1
rpc_plugin_system/kernel-runtime-supervision/manager-lifecycle/kernel/manager.go:875.2,887.12 3 1
rpc_plugin_system/kernel-runtime-supervision/manager-lifecycle/kernel/manager.go:890.119,891.19 1 1
rpc_plugin_system/kernel-runtime-supervision/manager-lifecycle/kernel/manager.go:891.19,893.3 1 1
rpc_plugin_system/kernel-runtime-supervision/manager-lifecycle/kernel/manager.go:894.2,895.38 2 1
rpc_plugin_system/kernel-runtime-supervision/manager-lifecycle/kernel/manager.go:895.38,899.3 3 1
rpc_plugin_system/kernel-runtime-supervision/manager-lifecycle/kernel/manager.go:900.2,913.39 3 1
rpc_plugin_system/kernel-runtime-supervision/manager-lifecycle/kernel/manager.go:916.35,917.14 1 1
rpc_plugin_system/kernel-runtime-supervision/manager-lifecycle/kernel/manager.go:917.14,919.3 1 0
rpc_plugin_system/kernel-runtime-supervision/manager-lifecycle/kernel/manager.go:920.2,920.19 1 1
rpc_plugin_system/kernel-runtime-supervision/manager-lifecycle/kernel/manager.go:920.19,922.3 1 1
rpc_plugin_system/kernel-runtime-supervision/manager-lifecycle/kernel/manager.go:923.2,923.21 1 1
rpc_plugin_system/kernel-runtime-supervision/manager-lifecycle/kernel/manager.go:923.21,925.3 1 1
rpc_plugin_system/kernel-runtime-supervision/manager-lifecycle/kernel/manager.go:926.2,926.12 1 0
rpc_plugin_system/kernel-runtime-supervision/manager-lifecycle/kernel/manager.go:929.106,930.19 1 1
rpc_plugin_system/kernel-runtime-supervision/manager-lifecycle/kernel/manager.go:930.19,932.3 1 0
rpc_plugin_system/kernel-runtime-supervision/manager-lifecycle/kernel/manager.go:933.2,935.24 3 1
rpc_plugin_system/kernel-runtime-supervision/manager-lifecycle/kernel/manager.go:935.24,938.3 2 1
rpc_plugin_system/kernel-runtime-supervision/manager-lifecycle/kernel/manager.go:939.2,953.20 3 1
rpc_plugin_system/kernel-runtime-supervision/manager-lifecycle/kernel/manager.go:956.91,957.41 1 1
rpc_plugin_system/kernel-runtime-supervision/manager-lifecycle/kernel/manager.go:957.41,959.3 1 0
rpc_plugin_system/kernel-runtime-supervision/manager-lifecycle/kernel/manager.go:960.2,961.16 2 1
rpc_plugin_system/kernel-runtime-supervision/manager-lifecycle/kernel/manager.go:961.16,963.3 1 0
rpc_plugin_system/kernel-runtime-supervision/manager-lifecycle/kernel/manager.go:964.2,964.25 1 1
rpc_plugin_system/kernel-runtime-supervision/manager-lifecycle/kernel/manager.go:964.25,966.3 1 0
rpc_plugin_system/kernel-runtime-supervision/manager-lifecycle/kernel/manager.go:967.2,981.12 2 1
rpc_plugin_system/kernel-runtime-supervision/manager-lifecycle/kernel/manager.go:984.39,985.16 1 1
rpc_plugin_system/kernel-runtime-supervision/manager-lifecycle/kernel/manager.go:985.16,987.3 1 0
rpc_plugin_system/kernel-runtime-supervision/manager-lifecycle/kernel/manager.go:988.2,988.135 1 1
rpc_plugin_system/kernel-runtime-supervision/manager-lifecycle/kernel/manager.go:988.135,990.3 1 1
rpc_plugin_system/kernel-runtime-supervision/manager-lifecycle/kernel/manager.go:991.2,992.29 2 1
rpc_plugin_system/kernel-runtime-supervision/manager-lifecycle/kernel/manager.go:992.29,994.3 1 0
rpc_plugin_system/kernel-runtime-supervision/manager-lifecycle/kernel/manager.go:995.2,996.31 2 1
rpc_plugin_system/kernel-runtime-supervision/manager-lifecycle/kernel/manager.go:999.62,1002.67 3 1
rpc_plugin_system/kernel-runtime-supervision/manager-lifecycle/kernel/manager.go:1002.67,1016.3 2 1
rpc_plugin_system/kernel-runtime-supervision/manager-lifecycle/kernel/manager.go:1017.2,1019.54 3 1
rpc_plugin_system/kernel-runtime-supervision/manager-lifecycle/kernel/manager.go:1019.54,1020.41 1 1
rpc_plugin_system/kernel-runtime-supervision/manager-lifecycle/kernel/manager.go:1020.41,1021.27 1 1
rpc_plugin_system/kernel-runtime-supervision/manager-lifecycle/kernel/manager.go:1021.27,1023.5 1 0
rpc_plugin_system/kernel-runtime-supervision/manager-lifecycle/kernel/manager.go:1024.4,1024.12 1 1
rpc_plugin_system/kernel-runtime-supervision/manager-lifecycle/kernel/manager.go:1026.3,1026.34 1 1
rpc_plugin_system/kernel-runtime-supervision/manager-lifecycle/kernel/manager.go:1028.2,1028.21 1 1
rpc_plugin_system/kernel-runtime-supervision/manager-lifecycle/kernel/manager.go:1028.21,1043.3 2 0
rpc_plugin_system/kernel-runtime-supervision/manager-lifecycle/kernel/manager.go:1044.2,1055.4 1 1
rpc_plugin_system/kernel-runtime-supervision/manager-lifecycle/kernel/manager.go:1058.71,1061.40 3 1
rpc_plugin_system/kernel-runtime-supervision/manager-lifecycle/kernel/manager.go:1061.40,1063.3 1 1
rpc_plugin_system/kernel-runtime-supervision/manager-lifecycle/kernel/manager.go:1064.2,1064.53 1 1
rpc_plugin_system/kernel-runtime-supervision/manager-lifecycle/kernel/manager.go:1067.57,1069.40 2 1
rpc_plugin_system/kernel-runtime-supervision/manager-lifecycle/kernel/manager.go:1069.40,1074.3 1 1
rpc_plugin_system/kernel-runtime-supervision/manager-lifecycle/kernel/manager.go:1075.2,1075.15 1 1
rpc_plugin_system/kernel-runtime-supervision/manager-lifecycle/kernel/manager.go:1078.50,1079.30 1 1
rpc_plugin_system/kernel-runtime-supervision/manager-lifecycle/kernel/manager.go:1079.30,1081.3 1 0
rpc_plugin_system/kernel-runtime-supervision/manager-lifecycle/kernel/manager.go:1082.2,1082.24 1 1
rpc_plugin_system/kernel-runtime-supervision/manager-lifecycle/kernel/manager.go:1085.36,1086.16 1 1
rpc_plugin_system/kernel-runtime-supervision/manager-lifecycle/kernel/manager.go:1086.16,1088.3 1 0
rpc_plugin_system/kernel-runtime-supervision/manager-lifecycle/kernel/manager.go:1089.2,1089.20 1 1
rpc_plugin_system/kernel-runtime-supervision/manager-lifecycle/kernel/monitor.go:12.52,16.6 3 1
rpc_plugin_system/kernel-runtime-supervision/manager-lifecycle/kernel/monitor.go:16.6,17.10 1 1
rpc_plugin_system/kernel-runtime-supervision/manager-lifecycle/kernel/monitor.go:18.21,19.10 1 1
rpc_plugin_system/kernel-runtime-supervision/manager-lifecycle/kernel/monitor.go:20.19,21.43 1 1
rpc_plugin_system/kernel-runtime-supervision/manager-lifecycle/kernel/monitor.go:21.43,22.12 1 1
rpc_plugin_system/kernel-runtime-supervision/manager-lifecycle/kernel/monitor.go:23.23,24.12 1 1
rpc_plugin_system/kernel-runtime-supervision/manager-lifecycle/kernel/monitor.go:25.13,25.13 0 1
rpc_plugin_system/kernel-runtime-supervision/manager-lifecycle/kernel/monitor.go:27.5,36.53 2 1
rpc_plugin_system/kernel-runtime-supervision/manager-lifecycle/kernel/monitor.go:36.53,46.6 1 1
rpc_plugin_system/kernel-runtime-supervision/manager-lifecycle/kernel/plugin_id.go:12.46,13.20 1 1
rpc_plugin_system/kernel-runtime-supervision/manager-lifecycle/kernel/plugin_id.go:13.20,15.3 1 1
rpc_plugin_system/kernel-runtime-supervision/manager-lifecycle/kernel/plugin_id.go:16.2,16.44 1 1
rpc_plugin_system/kernel-runtime-supervision/manager-lifecycle/kernel/plugin_id.go:16.44,18.3 1 1
rpc_plugin_system/kernel-runtime-supervision/manager-lifecycle/kernel/plugin_id.go:19.2,19.12 1 1
