mode: set
rpc_plugin_system/cmd/rpcpluginctl/args.go:23.57,24.33 1 1
rpc_plugin_system/cmd/rpcpluginctl/args.go:24.33,26.18 2 1
rpc_plugin_system/cmd/rpcpluginctl/args.go:26.18,27.24 1 1
rpc_plugin_system/cmd/rpcpluginctl/args.go:27.24,29.5 1 1
rpc_plugin_system/cmd/rpcpluginctl/args.go:30.4,30.53 1 1
rpc_plugin_system/cmd/rpcpluginctl/args.go:32.22,34.12 2 1
rpc_plugin_system/cmd/rpcpluginctl/args.go:32.3,32.22 1 1
rpc_plugin_system/cmd/rpcpluginctl/args.go:36.22,37.12 1 1
rpc_plugin_system/cmd/rpcpluginctl/args.go:36.3,36.22 1 1
rpc_plugin_system/cmd/rpcpluginctl/args.go:39.3,39.34 1 1
rpc_plugin_system/cmd/rpcpluginctl/args.go:39.34,40.12 1 1
rpc_plugin_system/cmd/rpcpluginctl/args.go:42.3,42.46 1 1
rpc_plugin_system/cmd/rpcpluginctl/args.go:44.2,44.17 1 1
rpc_plugin_system/cmd/rpcpluginctl/args.go:47.34,48.39 1 1
rpc_plugin_system/cmd/rpcpluginctl/args.go:48.39,50.3 1 1
rpc_plugin_system/cmd/rpcpluginctl/args.go:51.2,51.40 1 1
rpc_plugin_system/cmd/rpcpluginctl/args.go:51.40,52.43 1 1
rpc_plugin_system/cmd/rpcpluginctl/args.go:52.43,54.4 1 1
rpc_plugin_system/cmd/rpcpluginctl/args.go:56.2,56.14 1 1
rpc_plugin_system/cmd/rpcpluginctl/args.go:59.34,60.33 1 1
rpc_plugin_system/cmd/rpcpluginctl/args.go:60.33,62.3 1 1
rpc_plugin_system/cmd/rpcpluginctl/args.go:63.2,63.34 1 1
rpc_plugin_system/cmd/rpcpluginctl/args.go:63.34,64.58 1 1
rpc_plugin_system/cmd/rpcpluginctl/args.go:64.58,66.4 1 1
rpc_plugin_system/cmd/rpcpluginctl/args.go:68.2,68.14 1 1
rpc_plugin_system/cmd/rpcpluginctl/main.go:101.28,104.18 3 1
rpc_plugin_system/cmd/rpcpluginctl/main.go:104.18,106.5 1 1
rpc_plugin_system/cmd/rpcpluginctl/main.go:107.4,107.60 1 1
rpc_plugin_system/cmd/rpcpluginctl/main.go:107.60,109.5 1 1
rpc_plugin_system/cmd/rpcpluginctl/main.go:110.17,113.18 3 1
rpc_plugin_system/cmd/rpcpluginctl/main.go:113.18,115.5 1 1
rpc_plugin_system/cmd/rpcpluginctl/main.go:116.4,116.56 1 1
rpc_plugin_system/cmd/rpcpluginctl/main.go:116.56,118.5 1 1
rpc_plugin_system/cmd/rpcpluginctl/main.go:119.23,122.18 3 1
rpc_plugin_system/cmd/rpcpluginctl/main.go:122.18,124.5 1 1
rpc_plugin_system/cmd/rpcpluginctl/main.go:125.4,125.62 1 1
rpc_plugin_system/cmd/rpcpluginctl/main.go:125.62,127.5 1 1
rpc_plugin_system/cmd/rpcpluginctl/main.go:128.17,131.18 3 1
rpc_plugin_system/cmd/rpcpluginctl/main.go:131.18,133.5 1 1
rpc_plugin_system/cmd/rpcpluginctl/main.go:134.4,134.55 1 1
rpc_plugin_system/cmd/rpcpluginctl/main.go:134.55,136.5 1 1
rpc_plugin_system/cmd/rpcpluginctl/main.go:137.20,140.18 3 1
rpc_plugin_system/cmd/rpcpluginctl/main.go:140.18,142.5 1 1
rpc_plugin_system/cmd/rpcpluginctl/main.go:143.4,143.51 1 1
rpc_plugin_system/cmd/rpcpluginctl/main.go:143.51,145.5 1 1
rpc_plugin_system/cmd/rpcpluginctl/main.go:146.15,149.18 3 1
rpc_plugin_system/cmd/rpcpluginctl/main.go:149.18,151.5 1 1
rpc_plugin_system/cmd/rpcpluginctl/main.go:152.4,152.52 1 1
rpc_plugin_system/cmd/rpcpluginctl/main.go:152.52,154.5 1 1
rpc_plugin_system/cmd/rpcpluginctl/main.go:155.18,158.18 3 1
rpc_plugin_system/cmd/rpcpluginctl/main.go:158.18,160.5 1 1
rpc_plugin_system/cmd/rpcpluginctl/main.go:161.4,161.56 1 1
rpc_plugin_system/cmd/rpcpluginctl/main.go:161.56,163.5 1 1
rpc_plugin_system/cmd/rpcpluginctl/main.go:165.14,167.17 2 1
rpc_plugin_system/cmd/rpcpluginctl/main.go:167.17,169.4 1 1
rpc_plugin_system/cmd/rpcpluginctl/main.go:170.3,179.17 2 1
rpc_plugin_system/cmd/rpcpluginctl/main.go:179.17,181.4 1 1
rpc_plugin_system/cmd/rpcpluginctl/main.go:182.3,183.17 2 1
rpc_plugin_system/cmd/rpcpluginctl/main.go:183.17,185.4 1 1
rpc_plugin_system/cmd/rpcpluginctl/main.go:186.15,188.25 2 1
rpc_plugin_system/cmd/rpcpluginctl/main.go:186.3,186.15 1 1
rpc_plugin_system/cmd/rpcpluginctl/main.go:188.25,189.59 1 1
rpc_plugin_system/cmd/rpcpluginctl/main.go:189.59,191.6 1 1
rpc_plugin_system/cmd/rpcpluginctl/main.go:192.5,192.13 1 1
rpc_plugin_system/cmd/rpcpluginctl/main.go:194.4,194.58 1 1
rpc_plugin_system/cmd/rpcpluginctl/main.go:194.58,196.5 1 1
rpc_plugin_system/cmd/rpcpluginctl/main.go:197.4,197.12 1 1
rpc_plugin_system/cmd/rpcpluginctl/main.go:199.24,200.62 1 1
rpc_plugin_system/cmd/rpcpluginctl/main.go:199.3,199.24 1 1
rpc_plugin_system/cmd/rpcpluginctl/main.go:200.62,202.5 1 1
rpc_plugin_system/cmd/rpcpluginctl/main.go:203.4,203.12 1 1
rpc_plugin_system/cmd/rpcpluginctl/main.go:205.3,205.61 1 1
rpc_plugin_system/cmd/rpcpluginctl/main.go:205.61,207.4 1 1
rpc_plugin_system/cmd/rpcpluginctl/main.go:208.30,210.11 2 1
rpc_plugin_system/cmd/rpcpluginctl/main.go:21.13,23.2 1 1
rpc_plugin_system/cmd/rpcpluginctl/main.go:211.10,212.134 1 1
rpc_plugin_system/cmd/rpcpluginctl/main.go:214.2,214.10 1 1
rpc_plugin_system/cmd/rpcpluginctl/main.go:217.80,218.17 1 1
rpc_plugin_system/cmd/rpcpluginctl/main.go:219.48,220.21 1 1
rpc_plugin_system/cmd/rpcpluginctl/main.go:220.21,222.4 1 1
rpc_plugin_system/cmd/rpcpluginctl/main.go:224.2,224.20 1 1
rpc_plugin_system/cmd/rpcpluginctl/main.go:224.20,225.59 1 1
rpc_plugin_system/cmd/rpcpluginctl/main.go:225.59,227.4 1 1
rpc_plugin_system/cmd/rpcpluginctl/main.go:229.2,229.23 1 1
rpc_plugin_system/cmd/rpcpluginctl/main.go:229.23,230.16 1 1
rpc_plugin_system/cmd/rpcpluginctl/main.go:230.16,232.4 1 1
rpc_plugin_system/cmd/rpcpluginctl/main.go:233.3,233.17 1 1
rpc_plugin_system/cmd/rpcpluginctl/main.go:234.23,234.23 0 1
rpc_plugin_system/cmd/rpcpluginctl/main.go:235.11,236.73 1 1
rpc_plugin_system/cmd/rpcpluginctl/main.go:239.2,239.12 1 1
rpc_plugin_system/cmd/rpcpluginctl/main.go:242.66,243.20 1 1
rpc_plugin_system/cmd/rpcpluginctl/main.go:243.20,245.3 1 1
rpc_plugin_system/cmd/rpcpluginctl/main.go:246.2,247.44 2 1
rpc_plugin_system/cmd/rpcpluginctl/main.go:247.44,249.3 1 1
rpc_plugin_system/cmd/rpcpluginctl/main.go:250.2,251.16 2 1
rpc_plugin_system/cmd/rpcpluginctl/main.go:251.16,253.3 1 1
rpc_plugin_system/cmd/rpcpluginctl/main.go:254.2,255.32 2 1
rpc_plugin_system/cmd/rpcpluginctl/main.go:255.32,256.21 1 1
rpc_plugin_system/cmd/rpcpluginctl/main.go:256.21,257.12 1 1
rpc_plugin_system/cmd/rpcpluginctl/main.go:259.3,260.47 2 1
rpc_plugin_system/cmd/rpcpluginctl/main.go:260.47,262.4 1 1
rpc_plugin_system/cmd/rpcpluginctl/main.go:264.2,264.26 1 1
rpc_plugin_system/cmd/rpcpluginctl/main.go:264.26,266.3 1 1
rpc_plugin_system/cmd/rpcpluginctl/main.go:267.2,267.25 1 1
rpc_plugin_system/cmd/rpcpluginctl/main.go:267.25,269.3 1 1
rpc_plugin_system/cmd/rpcpluginctl/main.go:270.2,270.21 1 1
rpc_plugin_system/cmd/rpcpluginctl/main.go:31.36,32.18 1 1
rpc_plugin_system/cmd/rpcpluginctl/main.go:32.18,34.3 1 1
rpc_plugin_system/cmd/rpcpluginctl/main.go:35.2,35.22 1 1
rpc_plugin_system/cmd/rpcpluginctl/main.go:35.22,37.3 1 1
rpc_plugin_system/cmd/rpcpluginctl/main.go:38.18,40.3 1 1
rpc_plugin_system/cmd/rpcpluginctl/main.go:38.2,38.18 1 1
rpc_plugin_system/cmd/rpcpluginctl/main.go:41.2,41.10 1 1
rpc_plugin_system/cmd/rpcpluginctl/main.go:44.67,47.25 3 1
rpc_plugin_system/cmd/rpcpluginctl/main.go:47.25,49.3 1 1
rpc_plugin_system/cmd/rpcpluginctl/main.go:50.2,50.30 1 1
rpc_plugin_system/cmd/rpcpluginctl/main.go:50.30,53.3 2 1
rpc_plugin_system/cmd/rpcpluginctl/main.go:54.2,54.46 1 1
rpc_plugin_system/cmd/rpcpluginctl/main.go:54.46,57.3 2 1
rpc_plugin_system/cmd/rpcpluginctl/main.go:58.2,58.20 1 1
rpc_plugin_system/cmd/rpcpluginctl/main.go:58.20,60.3 1 1
rpc_plugin_system/cmd/rpcpluginctl/main.go:61.2,62.19 2 1
rpc_plugin_system/cmd/rpcpluginctl/main.go:62.19,64.3 1 1
rpc_plugin_system/cmd/rpcpluginctl/main.go:66.2,82.43 4 1
rpc_plugin_system/cmd/rpcpluginctl/main.go:82.43,84.3 1 1
rpc_plugin_system/cmd/rpcpluginctl/main.go:85.2,85.20 1 1
rpc_plugin_system/cmd/rpcpluginctl/main.go:85.20,87.3 1 1
rpc_plugin_system/cmd/rpcpluginctl/main.go:88.2,88.77 1 1
rpc_plugin_system/cmd/rpcpluginctl/main.go:88.77,90.3 1 1
rpc_plugin_system/cmd/rpcpluginctl/main.go:92.2,92.17 1 1
rpc_plugin_system/cmd/rpcpluginctl/main.go:93.95,95.17 2 1
rpc_plugin_system/cmd/rpcpluginctl/main.go:95.17,97.4 1 1
rpc_plugin_system/cmd/rpcpluginctl/main.go:98.3,100.18 2 1
rpc_plugin_system/cmd/rpcplugind/main.go:100.2,101.16 2 1
rpc_plugin_system/cmd/rpcplugind/main.go:101.16,104.3 2 1
rpc_plugin_system/cmd/rpcplugind/main.go:105.2,107.40 2 1
rpc_plugin_system/cmd/rpcplugind/main.go:107.40,110.3 2 1
rpc_plugin_system/cmd/rpcplugind/main.go:112.2,116.63 4 1
rpc_plugin_system/cmd/rpcplugind/main.go:116.63,119.3 2 1
rpc_plugin_system/cmd/rpcplugind/main.go:120.2,120.10 1 1
rpc_plugin_system/cmd/rpcplugind/main.go:157.74,159.16 2 1
rpc_plugin_system/cmd/rpcplugind/main.go:159.16,161.3 1 1
rpc_plugin_system/cmd/rpcplugind/main.go:163.2,165.16 3 1
rpc_plugin_system/cmd/rpcplugind/main.go:165.16,167.3 1 1
rpc_plugin_system/cmd/rpcplugind/main.go:168.2,169.16 2 1
rpc_plugin_system/cmd/rpcplugind/main.go:169.16,171.3 1 1
rpc_plugin_system/cmd/rpcplugind/main.go:172.2,173.16 2 1
rpc_plugin_system/cmd/rpcplugind/main.go:173.16,175.3 1 1
rpc_plugin_system/cmd/rpcplugind/main.go:176.2,177.16 2 1
rpc_plugin_system/cmd/rpcplugind/main.go:177.16,179.3 1 1
rpc_plugin_system/cmd/rpcplugind/main.go:180.2,189.8 1 1
rpc_plugin_system/cmd/rpcplugind/main.go:192.60,193.16 1 1
rpc_plugin_system/cmd/rpcplugind/main.go:193.16,195.3 1 1
rpc_plugin_system/cmd/rpcplugind/main.go:196.2,197.16 2 1
rpc_plugin_system/cmd/rpcplugind/main.go:197.16,199.3 1 1
rpc_plugin_system/cmd/rpcplugind/main.go:200.2,202.45 3 1
rpc_plugin_system/cmd/rpcplugind/main.go:202.45,204.3 1 1
rpc_plugin_system/cmd/rpcplugind/main.go:205.2,205.17 1 1
rpc_plugin_system/cmd/rpcplugind/main.go:208.105,209.35 1 1
rpc_plugin_system/cmd/rpcplugind/main.go:209.35,211.3 1 1
rpc_plugin_system/cmd/rpcplugind/main.go:212.2,212.69 1 1
rpc_plugin_system/cmd/rpcplugind/main.go:212.69,214.3 1 1
rpc_plugin_system/cmd/rpcplugind/main.go:215.2,215.26 1 1
rpc_plugin_system/cmd/rpcplugind/main.go:215.26,217.38 2 1
rpc_plugin_system/cmd/rpcplugind/main.go:217.38,218.44 1 1
rpc_plugin_system/cmd/rpcplugind/main.go:218.44,220.5 1 1
rpc_plugin_system/cmd/rpcplugind/main.go:221.4,221.61 1 1
rpc_plugin_system/cmd/rpcplugind/main.go:221.61,223.5 1 1
rpc_plugin_system/cmd/rpcplugind/main.go:224.4,224.96 1 1
rpc_plugin_system/cmd/rpcplugind/main.go:226.3,226.22 1 1
rpc_plugin_system/cmd/rpcplugind/main.go:228.2,228.70 1 1
rpc_plugin_system/cmd/rpcplugind/main.go:23.13,25.2 1 1
rpc_plugin_system/cmd/rpcplugind/main.go:231.45,232.17 1 1
rpc_plugin_system/cmd/rpcplugind/main.go:232.17,234.3 1 1
rpc_plugin_system/cmd/rpcplugind/main.go:235.2,235.57 1 1
rpc_plugin_system/cmd/rpcplugind/main.go:238.67,239.16 1 1
rpc_plugin_system/cmd/rpcplugind/main.go:239.16,241.3 1 1
rpc_plugin_system/cmd/rpcplugind/main.go:242.2,242.17 1 1
rpc_plugin_system/cmd/rpcplugind/main.go:245.108,246.24 1 1
rpc_plugin_system/cmd/rpcplugind/main.go:246.24,248.3 1 1
rpc_plugin_system/cmd/rpcplugind/main.go:249.2,249.21 1 1
rpc_plugin_system/cmd/rpcplugind/main.go:249.21,251.3 1 1
rpc_plugin_system/cmd/rpcplugind/main.go:252.2,252.17 1 1
rpc_plugin_system/cmd/rpcplugind/main.go:255.154,256.24 1 1
rpc_plugin_system/cmd/rpcplugind/main.go:256.24,258.3 1 1
rpc_plugin_system/cmd/rpcplugind/main.go:259.2,259.21 1 1
rpc_plugin_system/cmd/rpcplugind/main.go:259.21,261.17 2 1
rpc_plugin_system/cmd/rpcplugind/main.go:261.17,263.4 1 1
rpc_plugin_system/cmd/rpcplugind/main.go:264.3,264.16 1 1
rpc_plugin_system/cmd/rpcplugind/main.go:266.2,266.22 1 1
rpc_plugin_system/cmd/rpcplugind/main.go:269.57,271.33 2 1
rpc_plugin_system/cmd/rpcplugind/main.go:271.33,271.60 1 1
rpc_plugin_system/cmd/rpcplugind/main.go:272.2,272.17 1 1
rpc_plugin_system/cmd/rpcplugind/main.go:275.91,276.22 1 1
rpc_plugin_system/cmd/rpcplugind/main.go:276.22,279.30 3 1
rpc_plugin_system/cmd/rpcplugind/main.go:279.30,282.62 3 1
rpc_plugin_system/cmd/rpcplugind/main.go:282.62,284.5 1 1
rpc_plugin_system/cmd/rpcplugind/main.go:285.4,285.61 1 1
rpc_plugin_system/cmd/rpcplugind/main.go:285.61,287.5 1 1
rpc_plugin_system/cmd/rpcplugind/main.go:288.4,288.94 1 1
rpc_plugin_system/cmd/rpcplugind/main.go:290.3,290.22 1 1
rpc_plugin_system/cmd/rpcplugind/main.go:292.2,292.22 1 1
rpc_plugin_system/cmd/rpcplugind/main.go:292.22,294.3 1 1
rpc_plugin_system/cmd/rpcplugind/main.go:295.2,295.58 1 1
rpc_plugin_system/cmd/rpcplugind/main.go:295.58,297.3 1 1
rpc_plugin_system/cmd/rpcplugind/main.go:298.2,298.81 1 1
rpc_plugin_system/cmd/rpcplugind/main.go:45.40,47.60 1 1
rpc_plugin_system/cmd/rpcplugind/main.go:47.60,49.4 1 1
rpc_plugin_system/cmd/rpcplugind/main.go:50.78,52.11 2 1
rpc_plugin_system/cmd/rpcplugind/main.go:52.11,54.5 1 1
rpc_plugin_system/cmd/rpcplugind/main.go:55.4,55.54 1 1
rpc_plugin_system/cmd/rpcplugind/main.go:62.59,76.42 4 1
rpc_plugin_system/cmd/rpcplugind/main.go:76.42,77.26 1 1
rpc_plugin_system/cmd/rpcplugind/main.go:77.26,79.4 1 1
rpc_plugin_system/cmd/rpcplugind/main.go:80.3,80.11 1 1
rpc_plugin_system/cmd/rpcplugind/main.go:83.2,95.16 3 1
rpc_plugin_system/cmd/rpcplugind/main.go:95.16,98.3 2 1
rpc_plugin_system/examples/rpcplugin-echo/main.go:15.82,18.2 2 1
rpc_plugin_system/examples/rpcplugin-echo/main.go:20.75,23.2 2 1
rpc_plugin_system/examples/rpcplugin-echo/main.go:31.75,34.2 2 1
rpc_plugin_system/examples/rpcplugin-echo/main.go:36.70,37.12 1 1
rpc_plugin_system/examples/rpcplugin-echo/main.go:37.12,38.73 1 1
rpc_plugin_system/examples/rpcplugin-echo/main.go:38.73,40.4 1 1
rpc_plugin_system/examples/rpcplugin-echo/main.go:41.3,42.17 2 1
rpc_plugin_system/examples/rpcplugin-echo/main.go:44.2,44.12 1 1
rpc_plugin_system/examples/rpcplugin-echo/main.go:47.18,49.16 2 1
rpc_plugin_system/examples/rpcplugin-echo/main.go:49.16,51.3 1 1
rpc_plugin_system/examples/rpcplugin-echo/main.go:52.2,53.16 2 1
rpc_plugin_system/examples/rpcplugin-echo/main.go:53.16,55.3 1 1
rpc_plugin_system/examples/rpcplugin-echo/main.go:56.2,60.48 4 1
rpc_plugin_system/examples/rpcplugin-echo/main.go:60.48,63.3 2 1
rpc_plugin_system/examples/rpcplugin-echo/main.go:64.2,64.12 1 1
rpc_plugin_system/examples/rpcplugin-echo/main.go:67.13,68.36 1 1
rpc_plugin_system/examples/rpcplugin-echo/main.go:68.36,69.13 1 1
rpc_plugin_system/examples/rpcplugin-failure/main.go:101.2,101.12 1 1
rpc_plugin_system/examples/rpcplugin-failure/main.go:104.49,105.44 1 1
rpc_plugin_system/examples/rpcplugin-failure/main.go:105.44,107.3 1 1
rpc_plugin_system/examples/rpcplugin-failure/main.go:108.2,108.44 1 1
rpc_plugin_system/examples/rpcplugin-failure/main.go:108.44,110.3 1 1
rpc_plugin_system/examples/rpcplugin-failure/main.go:111.2,111.68 1 1
rpc_plugin_system/examples/rpcplugin-failure/main.go:114.18,116.16 2 1
rpc_plugin_system/examples/rpcplugin-failure/main.go:116.16,118.3 1 1
rpc_plugin_system/examples/rpcplugin-failure/main.go:119.2,120.16 2 1
rpc_plugin_system/examples/rpcplugin-failure/main.go:120.16,122.3 1 1
rpc_plugin_system/examples/rpcplugin-failure/main.go:123.2,127.55 5 1
rpc_plugin_system/examples/rpcplugin-failure/main.go:127.55,130.3 2 1
rpc_plugin_system/examples/rpcplugin-failure/main.go:131.2,131.12 1 1
rpc_plugin_system/examples/rpcplugin-failure/main.go:134.13,135.30 1 1
rpc_plugin_system/examples/rpcplugin-failure/main.go:135.30,136.13 1 1
rpc_plugin_system/examples/rpcplugin-failure/main.go:22.42,22.62 1 1
rpc_plugin_system/examples/rpcplugin-failure/main.go:24.53,26.31 2 1
rpc_plugin_system/examples/rpcplugin-failure/main.go:26.31,28.3 1 1
rpc_plugin_system/examples/rpcplugin-failure/main.go:29.2,29.78 1 1
rpc_plugin_system/examples/rpcplugin-failure/main.go:32.67,33.25 1 1
rpc_plugin_system/examples/rpcplugin-failure/main.go:33.25,35.3 1 1
rpc_plugin_system/examples/rpcplugin-failure/main.go:36.2,36.12 1 1
rpc_plugin_system/examples/rpcplugin-failure/main.go:39.64,41.49 2 1
rpc_plugin_system/examples/rpcplugin-failure/main.go:41.49,43.3 1 1
rpc_plugin_system/examples/rpcplugin-failure/main.go:46.88,47.53 1 1
rpc_plugin_system/examples/rpcplugin-failure/main.go:47.53,49.3 1 1
rpc_plugin_system/examples/rpcplugin-failure/main.go:50.2,50.36 1 1
rpc_plugin_system/examples/rpcplugin-failure/main.go:50.36,53.3 2 1
rpc_plugin_system/examples/rpcplugin-failure/main.go:54.2,55.31 2 1
rpc_plugin_system/examples/rpcplugin-failure/main.go:55.31,57.3 1 1
rpc_plugin_system/examples/rpcplugin-failure/main.go:58.2,65.12 2 1
rpc_plugin_system/examples/rpcplugin-failure/main.go:68.85,69.28 1 1
rpc_plugin_system/examples/rpcplugin-failure/main.go:69.28,71.3 1 1
rpc_plugin_system/examples/rpcplugin-failure/main.go:72.2,72.49 1 1
rpc_plugin_system/examples/rpcplugin-failure/main.go:72.49,74.3 1 1
rpc_plugin_system/examples/rpcplugin-failure/main.go:75.2,76.12 2 1
rpc_plugin_system/examples/rpcplugin-failure/main.go:79.78,81.16 2 1
rpc_plugin_system/examples/rpcplugin-failure/main.go:81.16,83.3 1 1
rpc_plugin_system/examples/rpcplugin-failure/main.go:84.2,85.12 2 1
rpc_plugin_system/examples/rpcplugin-failure/main.go:88.78,91.2 2 1
rpc_plugin_system/examples/rpcplugin-failure/main.go:93.73,94.12 1 1
rpc_plugin_system/examples/rpcplugin-failure/main.go:94.12,95.73 1 1
rpc_plugin_system/examples/rpcplugin-failure/main.go:95.73,97.4 1 1
rpc_plugin_system/examples/rpcplugin-failure/main.go:98.3,99.13 2 1
rpc_plugin_system/internal/adminrpc/adminrpc.go:102.2,104.12 3 1
rpc_plugin_system/internal/adminrpc/adminrpc.go:108.62,109.19 1 1
rpc_plugin_system/internal/adminrpc/adminrpc.go:109.19,111.3 1 1
rpc_plugin_system/internal/adminrpc/adminrpc.go:112.2,114.12 3 1
rpc_plugin_system/internal/adminrpc/adminrpc.go:118.79,119.19 1 1
rpc_plugin_system/internal/adminrpc/adminrpc.go:119.19,121.3 1 1
rpc_plugin_system/internal/adminrpc/adminrpc.go:122.2,122.61 1 1
rpc_plugin_system/internal/adminrpc/adminrpc.go:122.61,124.3 1 1
rpc_plugin_system/internal/adminrpc/adminrpc.go:125.2,126.16 2 1
rpc_plugin_system/internal/adminrpc/adminrpc.go:126.16,128.3 1 1
rpc_plugin_system/internal/adminrpc/adminrpc.go:129.2,130.12 2 1
rpc_plugin_system/internal/adminrpc/adminrpc.go:134.94,135.19 1 1
rpc_plugin_system/internal/adminrpc/adminrpc.go:135.19,137.3 1 1
rpc_plugin_system/internal/adminrpc/adminrpc.go:138.2,138.61 1 1
rpc_plugin_system/internal/adminrpc/adminrpc.go:138.61,140.3 1 1
rpc_plugin_system/internal/adminrpc/adminrpc.go:141.2,142.16 2 1
rpc_plugin_system/internal/adminrpc/adminrpc.go:142.16,144.3 1 1
rpc_plugin_system/internal/adminrpc/adminrpc.go:145.2,146.12 2 1
rpc_plugin_system/internal/adminrpc/adminrpc.go:150.71,151.19 1 1
rpc_plugin_system/internal/adminrpc/adminrpc.go:151.19,153.3 1 1
rpc_plugin_system/internal/adminrpc/adminrpc.go:154.2,154.61 1 1
rpc_plugin_system/internal/adminrpc/adminrpc.go:154.61,156.3 1 1
rpc_plugin_system/internal/adminrpc/adminrpc.go:157.2,158.16 2 1
rpc_plugin_system/internal/adminrpc/adminrpc.go:158.16,160.3 1 1
rpc_plugin_system/internal/adminrpc/adminrpc.go:161.2,162.12 2 1
rpc_plugin_system/internal/adminrpc/adminrpc.go:169.77,171.2 1 1
rpc_plugin_system/internal/adminrpc/adminrpc.go:173.146,175.16 2 1
rpc_plugin_system/internal/adminrpc/adminrpc.go:175.16,177.3 1 1
rpc_plugin_system/internal/adminrpc/adminrpc.go:178.15,181.3 2 1
rpc_plugin_system/internal/adminrpc/adminrpc.go:178.2,178.15 1 1
rpc_plugin_system/internal/adminrpc/adminrpc.go:183.2,184.54 2 1
rpc_plugin_system/internal/adminrpc/adminrpc.go:184.54,186.3 1 1
rpc_plugin_system/internal/adminrpc/adminrpc.go:188.12,191.3 2 1
rpc_plugin_system/internal/adminrpc/adminrpc.go:188.2,188.12 1 1
rpc_plugin_system/internal/adminrpc/adminrpc.go:193.2,193.6 1 1
rpc_plugin_system/internal/adminrpc/adminrpc.go:193.6,195.17 2 1
rpc_plugin_system/internal/adminrpc/adminrpc.go:195.17,196.11 1 1
rpc_plugin_system/internal/adminrpc/adminrpc.go:197.22,198.15 1 1
rpc_plugin_system/internal/adminrpc/adminrpc.go:199.12,200.54 1 1
rpc_plugin_system/internal/adminrpc/adminrpc.go:203.3,203.28 1 1
rpc_plugin_system/internal/adminrpc/adminrpc.go:207.72,208.79 1 1
rpc_plugin_system/internal/adminrpc/adminrpc.go:208.79,210.3 1 1
rpc_plugin_system/internal/adminrpc/adminrpc.go:211.2,211.12 1 1
rpc_plugin_system/internal/adminrpc/adminrpc.go:215.74,217.16 2 1
rpc_plugin_system/internal/adminrpc/adminrpc.go:217.16,219.3 1 1
rpc_plugin_system/internal/adminrpc/adminrpc.go:220.2,220.33 1 1
rpc_plugin_system/internal/adminrpc/adminrpc.go:64.64,65.19 1 1
rpc_plugin_system/internal/adminrpc/adminrpc.go:65.19,67.3 1 1
rpc_plugin_system/internal/adminrpc/adminrpc.go:68.2,69.12 2 1
rpc_plugin_system/internal/adminrpc/adminrpc.go:73.65,74.19 1 1
rpc_plugin_system/internal/adminrpc/adminrpc.go:74.19,76.3 1 1
rpc_plugin_system/internal/adminrpc/adminrpc.go:77.2,78.12 2 1
rpc_plugin_system/internal/adminrpc/adminrpc.go:82.69,83.19 1 1
rpc_plugin_system/internal/adminrpc/adminrpc.go:83.19,85.3 1 1
rpc_plugin_system/internal/adminrpc/adminrpc.go:86.2,86.61 1 1
rpc_plugin_system/internal/adminrpc/adminrpc.go:86.61,88.3 1 1
rpc_plugin_system/internal/adminrpc/adminrpc.go:89.2,90.16 2 1
rpc_plugin_system/internal/adminrpc/adminrpc.go:90.16,92.3 1 1
rpc_plugin_system/internal/adminrpc/adminrpc.go:93.2,94.12 2 1
rpc_plugin_system/internal/adminrpc/adminrpc.go:98.73,99.19 1 1
rpc_plugin_system/internal/adminrpc/adminrpc.go:99.19,101.3 1 1
rpc_plugin_system/internal/auth/auth.go:15.33,17.63 2 1
rpc_plugin_system/internal/auth/auth.go:17.63,19.3 1 1
rpc_plugin_system/internal/auth/auth.go:20.2,20.17 1 1
rpc_plugin_system/internal/auth/auth.go:24.35,25.22 1 1
rpc_plugin_system/internal/auth/auth.go:25.22,27.3 1 1
rpc_plugin_system/internal/auth/auth.go:28.2,28.46 1 1
rpc_plugin_system/internal/auth/auth.go:32.33,34.2 1 1
rpc_plugin_system/internal/auth/auth.go:37.42,39.16 2 1
rpc_plugin_system/internal/auth/auth.go:39.16,41.3 1 1
rpc_plugin_system/internal/auth/auth.go:42.2,42.17 1 1
rpc_plugin_system/internal/cli/any.go:10.41,13.38 3 1
rpc_plugin_system/internal/cli/any.go:13.38,15.3 1 1
rpc_plugin_system/internal/cli/any.go:16.2,16.12 1 1
rpc_plugin_system/internal/cli/cli.go:12.56,15.42 3 1
rpc_plugin_system/internal/cli/cli.go:15.42,17.3 1 1
rpc_plugin_system/internal/cli/cli.go:18.2,18.12 1 1
rpc_plugin_system/internal/cli/cli.go:22.64,25.42 3 1
rpc_plugin_system/internal/cli/cli.go:25.42,27.3 1 1
rpc_plugin_system/internal/cli/cli.go:28.2,28.12 1 1
rpc_plugin_system/internal/cli/cli.go:32.69,35.41 3 1
rpc_plugin_system/internal/cli/cli.go:35.41,37.3 1 1
rpc_plugin_system/internal/cli/cli.go:38.2,38.12 1 1
rpc_plugin_system/internal/cli/logs.go:13.66,14.31 1 1
rpc_plugin_system/internal/cli/logs.go:14.31,15.72 1 1
rpc_plugin_system/internal/cli/logs.go:15.72,17.4 1 1
rpc_plugin_system/internal/cli/logs.go:19.2,19.12 1 1
rpc_plugin_system/internal/cli/logs.go:23.66,26.43 3 1
rpc_plugin_system/internal/cli/logs.go:26.43,28.3 1 1
rpc_plugin_system/internal/cli/logs.go:29.2,29.12 1 1
rpc_plugin_system/internal/cli/logs.go:33.68,34.72 1 1
rpc_plugin_system/internal/cli/logs.go:34.72,36.3 1 1
rpc_plugin_system/internal/cli/logs.go:37.2,44.4 1 1
rpc_plugin_system/internal/cli/logs.go:44.4,45.66 1 1
rpc_plugin_system/internal/cli/logs.go:45.66,47.4 1 1
rpc_plugin_system/internal/cli/logs.go:48.3,49.35 2 1
rpc_plugin_system/internal/cli/logs.go:49.35,51.4 1 1
rpc_plugin_system/internal/cli/logs.go:52.3,53.28 2 1
rpc_plugin_system/internal/cli/logs.go:53.28,54.84 1 1
rpc_plugin_system/internal/cli/logs.go:54.84,56.5 1 1
rpc_plugin_system/internal/cli/logs.go:59.2,59.12 1 1
rpc_plugin_system/internal/cli/logs.go:63.68,66.44 3 1
rpc_plugin_system/internal/cli/logs.go:66.44,68.3 1 1
rpc_plugin_system/internal/cli/logs.go:69.2,69.12 1 1
rpc_plugin_system/internal/eventlog/eventlog.go:114.40,116.2 1 1
rpc_plugin_system/internal/eventlog/eventlog.go:119.65,120.24 1 1
rpc_plugin_system/internal/eventlog/eventlog.go:120.24,122.3 1 1
rpc_plugin_system/internal/eventlog/eventlog.go:123.2,123.26 1 1
rpc_plugin_system/internal/eventlog/eventlog.go:123.26,125.3 1 1
rpc_plugin_system/internal/eventlog/eventlog.go:126.2,127.16 2 1
rpc_plugin_system/internal/eventlog/eventlog.go:127.16,129.3 1 1
rpc_plugin_system/internal/eventlog/eventlog.go:130.2,130.96 1 1
rpc_plugin_system/internal/eventlog/eventlog.go:134.32,136.2 1 1
rpc_plugin_system/internal/eventlog/eventlog.go:139.32,140.14 1 1
rpc_plugin_system/internal/eventlog/eventlog.go:140.14,142.3 1 1
rpc_plugin_system/internal/eventlog/eventlog.go:143.2,143.15 1 1
rpc_plugin_system/internal/eventlog/eventlog.go:147.43,150.25 3 1
rpc_plugin_system/internal/eventlog/eventlog.go:150.25,152.3 1 1
rpc_plugin_system/internal/eventlog/eventlog.go:153.2,153.23 1 1
rpc_plugin_system/internal/eventlog/eventlog.go:153.23,155.3 1 1
rpc_plugin_system/internal/eventlog/eventlog.go:156.2,156.27 1 1
rpc_plugin_system/internal/eventlog/eventlog.go:156.27,158.3 1 1
rpc_plugin_system/internal/eventlog/eventlog.go:159.2,160.16 2 1
rpc_plugin_system/internal/eventlog/eventlog.go:160.16,162.3 1 1
rpc_plugin_system/internal/eventlog/eventlog.go:163.2,164.59 2 1
rpc_plugin_system/internal/eventlog/eventlog.go:164.59,166.3 1 1
rpc_plugin_system/internal/eventlog/eventlog.go:167.2,167.51 1 1
rpc_plugin_system/internal/eventlog/eventlog.go:167.51,169.3 1 1
rpc_plugin_system/internal/eventlog/eventlog.go:170.2,170.41 1 1
rpc_plugin_system/internal/eventlog/eventlog.go:170.41,172.3 1 1
rpc_plugin_system/internal/eventlog/eventlog.go:173.2,173.12 1 1
rpc_plugin_system/internal/eventlog/eventlog.go:176.61,177.37 1 1
rpc_plugin_system/internal/eventlog/eventlog.go:177.37,179.3 1 1
rpc_plugin_system/internal/eventlog/eventlog.go:180.2,181.16 2 1
rpc_plugin_system/internal/eventlog/eventlog.go:181.16,183.3 1 1
rpc_plugin_system/internal/eventlog/eventlog.go:184.2,184.46 1 1
rpc_plugin_system/internal/eventlog/eventlog.go:184.46,186.3 1 1
rpc_plugin_system/internal/eventlog/eventlog.go:187.2,187.42 1 1
rpc_plugin_system/internal/eventlog/eventlog.go:187.42,189.3 1 1
rpc_plugin_system/internal/eventlog/eventlog.go:19.39,19.59 1 1
rpc_plugin_system/internal/eventlog/eventlog.go:190.2,190.37 1 1
rpc_plugin_system/internal/eventlog/eventlog.go:190.37,192.24 2 1
rpc_plugin_system/internal/eventlog/eventlog.go:192.24,194.12 2 1
rpc_plugin_system/internal/eventlog/eventlog.go:196.3,197.46 2 1
rpc_plugin_system/internal/eventlog/eventlog.go:197.46,198.55 1 1
rpc_plugin_system/internal/eventlog/eventlog.go:198.55,200.5 1 1
rpc_plugin_system/internal/eventlog/eventlog.go:20.59,20.83 1 1
rpc_plugin_system/internal/eventlog/eventlog.go:203.2,203.44 1 1
rpc_plugin_system/internal/eventlog/eventlog.go:203.44,204.67 1 1
rpc_plugin_system/internal/eventlog/eventlog.go:204.67,206.4 1 1
rpc_plugin_system/internal/eventlog/eventlog.go:208.2,209.16 2 1
rpc_plugin_system/internal/eventlog/eventlog.go:209.16,211.3 1 1
rpc_plugin_system/internal/eventlog/eventlog.go:21.39,21.58 1 1
rpc_plugin_system/internal/eventlog/eventlog.go:212.2,226.16 4 1
rpc_plugin_system/internal/eventlog/eventlog.go:226.16,228.3 1 1
rpc_plugin_system/internal/eventlog/eventlog.go:229.2,229.68 1 1
rpc_plugin_system/internal/eventlog/eventlog.go:229.68,231.3 1 1
rpc_plugin_system/internal/eventlog/eventlog.go:232.2,232.41 1 1
rpc_plugin_system/internal/eventlog/eventlog.go:232.41,234.3 1 1
rpc_plugin_system/internal/eventlog/eventlog.go:235.2,235.12 1 1
rpc_plugin_system/internal/eventlog/eventlog.go:238.44,241.15 3 1
rpc_plugin_system/internal/eventlog/eventlog.go:241.15,243.3 1 1
rpc_plugin_system/internal/eventlog/eventlog.go:244.2,244.45 1 1
rpc_plugin_system/internal/eventlog/eventlog.go:247.50,249.16 2 1
rpc_plugin_system/internal/eventlog/eventlog.go:249.16,251.3 1 1
rpc_plugin_system/internal/eventlog/eventlog.go:252.2,252.14 1 1
rpc_plugin_system/internal/eventlog/read.go:101.2,101.23 1 1
rpc_plugin_system/internal/eventlog/read.go:101.23,103.3 1 1
rpc_plugin_system/internal/eventlog/read.go:104.2,104.35 1 1
rpc_plugin_system/internal/eventlog/read.go:107.61,109.16 2 1
rpc_plugin_system/internal/eventlog/read.go:109.16,111.3 1 1
rpc_plugin_system/internal/eventlog/read.go:112.2,117.6 5 1
rpc_plugin_system/internal/eventlog/read.go:117.6,119.38 2 1
rpc_plugin_system/internal/eventlog/read.go:119.38,120.9 1 1
rpc_plugin_system/internal/eventlog/read.go:122.3,123.34 2 1
rpc_plugin_system/internal/eventlog/read.go:123.34,125.4 1 1
rpc_plugin_system/internal/eventlog/read.go:126.3,128.54 3 1
rpc_plugin_system/internal/eventlog/read.go:128.54,130.4 1 1
rpc_plugin_system/internal/eventlog/read.go:131.29,132.12 1 1
rpc_plugin_system/internal/eventlog/read.go:131.3,131.29 1 1
rpc_plugin_system/internal/eventlog/read.go:134.3,135.20 2 1
rpc_plugin_system/internal/eventlog/read.go:135.20,136.9 1 1
rpc_plugin_system/internal/eventlog/read.go:139.2,139.20 1 1
rpc_plugin_system/internal/eventlog/read.go:142.54,144.42 2 1
rpc_plugin_system/internal/eventlog/read.go:144.42,146.39 2 1
rpc_plugin_system/internal/eventlog/read.go:146.39,148.4 1 1
rpc_plugin_system/internal/eventlog/read.go:150.2,150.41 1 1
rpc_plugin_system/internal/eventlog/read.go:150.41,152.3 1 1
rpc_plugin_system/internal/eventlog/read.go:153.2,153.21 1 1
rpc_plugin_system/internal/eventlog/read.go:153.21,155.3 1 1
rpc_plugin_system/internal/eventlog/read.go:156.2,156.19 1 1
rpc_plugin_system/internal/eventlog/read.go:159.47,160.57 1 1
rpc_plugin_system/internal/eventlog/read.go:160.57,162.3 1 1
rpc_plugin_system/internal/eventlog/read.go:163.2,163.69 1 1
rpc_plugin_system/internal/eventlog/read.go:163.69,165.3 1 1
rpc_plugin_system/internal/eventlog/read.go:166.2,166.57 1 1
rpc_plugin_system/internal/eventlog/read.go:166.57,168.3 1 1
rpc_plugin_system/internal/eventlog/read.go:169.2,169.66 1 1
rpc_plugin_system/internal/eventlog/read.go:169.66,171.3 1 1
rpc_plugin_system/internal/eventlog/read.go:172.2,172.60 1 1
rpc_plugin_system/internal/eventlog/read.go:172.60,174.3 1 1
rpc_plugin_system/internal/eventlog/read.go:175.2,175.65 1 1
rpc_plugin_system/internal/eventlog/read.go:175.65,177.3 1 1
rpc_plugin_system/internal/eventlog/read.go:178.2,178.13 1 1
rpc_plugin_system/internal/eventlog/read.go:181.30,182.55 1 1
rpc_plugin_system/internal/eventlog/read.go:182.55,184.3 1 1
rpc_plugin_system/internal/eventlog/read.go:35.61,37.16 2 1
rpc_plugin_system/internal/eventlog/read.go:37.16,39.3 1 1
rpc_plugin_system/internal/eventlog/read.go:40.2,41.26 2 1
rpc_plugin_system/internal/eventlog/read.go:41.26,43.17 2 1
rpc_plugin_system/internal/eventlog/read.go:43.17,45.4 1 1
rpc_plugin_system/internal/eventlog/read.go:46.3,46.36 1 1
rpc_plugin_system/internal/eventlog/read.go:48.2,48.21 1 1
rpc_plugin_system/internal/eventlog/read.go:48.21,50.3 1 1
rpc_plugin_system/internal/eventlog/read.go:51.2,51.54 1 1
rpc_plugin_system/internal/eventlog/read.go:51.54,53.3 1 1
rpc_plugin_system/internal/eventlog/read.go:54.2,54.20 1 1
rpc_plugin_system/internal/eventlog/read.go:58.40,65.31 2 1
rpc_plugin_system/internal/eventlog/read.go:65.31,69.3 3 1
rpc_plugin_system/internal/eventlog/read.go:70.2,70.16 1 1
rpc_plugin_system/internal/eventlog/read.go:74.37,77.27 3 1
rpc_plugin_system/internal/eventlog/read.go:77.27,79.3 1 1
rpc_plugin_system/internal/eventlog/read.go:80.2,80.23 1 1
rpc_plugin_system/internal/eventlog/read.go:80.23,82.3 1 1
rpc_plugin_system/internal/eventlog/read.go:83.2,83.26 1 1
rpc_plugin_system/internal/eventlog/read.go:83.26,85.3 1 1
rpc_plugin_system/internal/eventlog/read.go:86.2,86.29 1 1
rpc_plugin_system/internal/eventlog/read.go:86.29,88.3 1 1
rpc_plugin_system/internal/eventlog/read.go:89.2,89.20 1 1
rpc_plugin_system/internal/eventlog/read.go:89.20,91.3 1 1
rpc_plugin_system/internal/eventlog/read.go:92.2,92.24 1 1
rpc_plugin_system/internal/eventlog/read.go:92.24,94.3 1 1
rpc_plugin_system/internal/eventlog/read.go:95.2,95.25 1 1
rpc_plugin_system/internal/eventlog/read.go:95.25,97.3 1 1
rpc_plugin_system/internal/eventlog/read.go:98.2,98.24 1 1
rpc_plugin_system/internal/eventlog/read.go:98.24,100.3 1 1
rpc_plugin_system/internal/kernel/host.go:101.2,103.37 3 1
rpc_plugin_system/internal/kernel/host.go:103.37,104.59 1 1
rpc_plugin_system/internal/kernel/host.go:104.59,106.4 1 1
rpc_plugin_system/internal/kernel/host.go:107.3,107.30 1 1
rpc_plugin_system/internal/kernel/host.go:107.30,109.4 1 1
rpc_plugin_system/internal/kernel/host.go:110.3,110.41 1 1
rpc_plugin_system/internal/kernel/host.go:110.41,112.4 1 1
rpc_plugin_system/internal/kernel/host.go:113.3,125.17 3 1
rpc_plugin_system/internal/kernel/host.go:125.17,126.43 1 1
rpc_plugin_system/internal/kernel/host.go:126.43,128.5 1 1
rpc_plugin_system/internal/kernel/host.go:129.4,129.74 1 1
rpc_plugin_system/internal/kernel/host.go:131.3,132.55 2 1
rpc_plugin_system/internal/kernel/host.go:134.2,135.18 2 1
rpc_plugin_system/internal/kernel/host.go:139.30,143.37 4 1
rpc_plugin_system/internal/kernel/host.go:143.37,144.73 1 1
rpc_plugin_system/internal/kernel/host.go:144.73,146.4 1 1
rpc_plugin_system/internal/kernel/host.go:148.2,148.17 1 1
rpc_plugin_system/internal/kernel/host.go:152.33,156.37 4 1
rpc_plugin_system/internal/kernel/host.go:156.37,157.54 1 1
rpc_plugin_system/internal/kernel/host.go:157.54,158.38 1 1
rpc_plugin_system/internal/kernel/host.go:158.38,160.5 1 1
rpc_plugin_system/internal/kernel/host.go:161.4,161.59 1 1
rpc_plugin_system/internal/kernel/host.go:163.3,163.38 1 1
rpc_plugin_system/internal/kernel/host.go:165.2,165.12 1 1
rpc_plugin_system/internal/kernel/host.go:169.59,173.9 4 1
rpc_plugin_system/internal/kernel/host.go:173.9,175.3 1 1
rpc_plugin_system/internal/kernel/host.go:176.2,176.21 1 1
rpc_plugin_system/internal/kernel/host.go:180.34,188.37 4 1
rpc_plugin_system/internal/kernel/host.go:188.37,198.42 4 1
rpc_plugin_system/internal/kernel/host.go:198.42,200.4 1 1
rpc_plugin_system/internal/kernel/host.go:202.2,202.37 1 1
rpc_plugin_system/internal/kernel/host.go:202.37,204.3 1 1
rpc_plugin_system/internal/kernel/host.go:205.2,205.12 1 1
rpc_plugin_system/internal/kernel/host.go:209.33,211.2 1 1
rpc_plugin_system/internal/kernel/host.go:216.44,220.37 4 1
rpc_plugin_system/internal/kernel/host.go:220.37,222.3 1 1
rpc_plugin_system/internal/kernel/host.go:223.2,223.12 1 1
rpc_plugin_system/internal/kernel/host.go:227.62,229.16 2 1
rpc_plugin_system/internal/kernel/host.go:229.16,231.3 1 1
rpc_plugin_system/internal/kernel/host.go:232.2,233.9 2 1
rpc_plugin_system/internal/kernel/host.go:233.9,235.3 1 1
rpc_plugin_system/internal/kernel/host.go:236.2,236.19 1 1
rpc_plugin_system/internal/kernel/host.go:249.70,251.16 2 1
rpc_plugin_system/internal/kernel/host.go:251.16,253.3 1 1
rpc_plugin_system/internal/kernel/host.go:254.2,261.17 2 1
rpc_plugin_system/internal/kernel/host.go:265.63,267.16 2 1
rpc_plugin_system/internal/kernel/host.go:267.16,269.3 1 1
rpc_plugin_system/internal/kernel/host.go:270.2,270.30 1 1
rpc_plugin_system/internal/kernel/host.go:274.84,276.16 2 1
rpc_plugin_system/internal/kernel/host.go:276.16,278.3 1 1
rpc_plugin_system/internal/kernel/host.go:279.2,279.28 1 1
rpc_plugin_system/internal/kernel/host.go:297.88,299.2 1 1
rpc_plugin_system/internal/kernel/host.go:302.71,304.16 2 1
rpc_plugin_system/internal/kernel/host.go:304.16,306.3 1 1
rpc_plugin_system/internal/kernel/host.go:307.2,307.18 1 1
rpc_plugin_system/internal/kernel/host.go:308.27,310.17 2 1
rpc_plugin_system/internal/kernel/host.go:310.17,312.4 1 1
rpc_plugin_system/internal/kernel/host.go:313.3,313.70 1 1
rpc_plugin_system/internal/kernel/host.go:314.22,317.17 3 1
rpc_plugin_system/internal/kernel/host.go:317.17,319.4 1 1
rpc_plugin_system/internal/kernel/host.go:320.3,320.107 1 1
rpc_plugin_system/internal/kernel/host.go:321.25,322.43 1 1
rpc_plugin_system/internal/kernel/host.go:322.43,324.4 1 1
rpc_plugin_system/internal/kernel/host.go:325.3,325.82 1 1
rpc_plugin_system/internal/kernel/host.go:326.10,327.79 1 1
rpc_plugin_system/internal/kernel/host.go:332.49,335.37 3 1
rpc_plugin_system/internal/kernel/host.go:335.37,337.3 1 1
rpc_plugin_system/internal/kernel/host.go:340.53,342.2 1 1
rpc_plugin_system/internal/kernel/host.go:344.55,346.2 1 1
rpc_plugin_system/internal/kernel/host.go:70.102,72.2 1 1
rpc_plugin_system/internal/kernel/host.go:75.52,77.2 1 1
rpc_plugin_system/internal/kernel/host.go:80.33,82.2 1 1
rpc_plugin_system/internal/kernel/host.go:85.55,87.16 2 1
rpc_plugin_system/internal/kernel/host.go:87.16,89.3 1 1
rpc_plugin_system/internal/kernel/host.go:90.2,90.29 1 1
rpc_plugin_system/internal/kernel/host.go:94.45,95.26 1 1
rpc_plugin_system/internal/kernel/host.go:95.26,97.3 1 1
rpc_plugin_system/internal/kernel/host.go:98.2,98.27 1 1
rpc_plugin_system/internal/kernel/host.go:98.27,100.3 1 1
rpc_plugin_system/internal/kernel/manager.go:1001.2,1002.38 2 1
rpc_plugin_system/internal/kernel/manager.go:1002.38,1006.3 3 1
rpc_plugin_system/internal/kernel/manager.go:1007.2,1020.39 3 1
rpc_plugin_system/internal/kernel/manager.go:1023.35,1024.14 1 1
rpc_plugin_system/internal/kernel/manager.go:1024.14,1026.3 1 1
rpc_plugin_system/internal/kernel/manager.go:1027.19,1029.3 1 1
rpc_plugin_system/internal/kernel/manager.go:1027.2,1027.19 1 1
rpc_plugin_system/internal/kernel/manager.go:1030.2,1030.21 1 1
rpc_plugin_system/internal/kernel/manager.go:1030.21,1032.3 1 1
rpc_plugin_system/internal/kernel/manager.go:1033.2,1033.12 1 1
rpc_plugin_system/internal/kernel/manager.go:1036.106,1037.19 1 1
rpc_plugin_system/internal/kernel/manager.go:1037.19,1039.3 1 1
rpc_plugin_system/internal/kernel/manager.go:1040.2,1042.24 3 1
rpc_plugin_system/internal/kernel/manager.go:1042.24,1045.3 2 1
rpc_plugin_system/internal/kernel/manager.go:1046.2,1060.20 3 1
rpc_plugin_system/internal/kernel/manager.go:1063.91,1064.41 1 1
rpc_plugin_system/internal/kernel/manager.go:1064.41,1066.3 1 1
rpc_plugin_system/internal/kernel/manager.go:1067.2,1068.16 2 1
rpc_plugin_system/internal/kernel/manager.go:1068.16,1070.3 1 1
rpc_plugin_system/internal/kernel/manager.go:1071.2,1071.25 1 1
rpc_plugin_system/internal/kernel/manager.go:1071.25,1073.3 1 1
rpc_plugin_system/internal/kernel/manager.go:1074.2,1088.12 2 1
rpc_plugin_system/internal/kernel/manager.go:1091.39,1092.16 1 1
rpc_plugin_system/internal/kernel/manager.go:1092.16,1094.3 1 1
rpc_plugin_system/internal/kernel/manager.go:1095.135,1097.3 1 1
rpc_plugin_system/internal/kernel/manager.go:1095.2,1095.135 1 1
rpc_plugin_system/internal/kernel/manager.go:1098.2,1099.29 2 1
rpc_plugin_system/internal/kernel/manager.go:1099.29,1101.3 1 1
rpc_plugin_system/internal/kernel/manager.go:1102.2,1103.31 2 1
rpc_plugin_system/internal/kernel/manager.go:1106.62,1109.67 3 1
rpc_plugin_system/internal/kernel/manager.go:1109.67,1123.3 2 1
rpc_plugin_system/internal/kernel/manager.go:1124.2,1126.54 3 1
rpc_plugin_system/internal/kernel/manager.go:1126.54,1127.41 1 1
rpc_plugin_system/internal/kernel/manager.go:1127.41,1128.27 1 1
rpc_plugin_system/internal/kernel/manager.go:1128.27,1130.5 1 1
rpc_plugin_system/internal/kernel/manager.go:1131.4,1131.12 1 1
rpc_plugin_system/internal/kernel/manager.go:1133.3,1133.34 1 1
rpc_plugin_system/internal/kernel/manager.go:1135.2,1135.21 1 1
rpc_plugin_system/internal/kernel/manager.go:1135.21,1150.3 2 1
rpc_plugin_system/internal/kernel/manager.go:1151.2,1162.4 1 1
rpc_plugin_system/internal/kernel/manager.go:1165.71,1168.40 3 1
rpc_plugin_system/internal/kernel/manager.go:1168.40,1170.3 1 1
rpc_plugin_system/internal/kernel/manager.go:117.40,118.98 1 1
rpc_plugin_system/internal/kernel/manager.go:1171.2,1171.53 1 1
rpc_plugin_system/internal/kernel/manager.go:1174.57,1176.40 2 1
rpc_plugin_system/internal/kernel/manager.go:1176.40,1181.3 1 1
rpc_plugin_system/internal/kernel/manager.go:118.98,120.3 1 1
rpc_plugin_system/internal/kernel/manager.go:1182.2,1182.15 1 1
rpc_plugin_system/internal/kernel/manager.go:1185.50,1186.30 1 1
rpc_plugin_system/internal/kernel/manager.go:1186.30,1188.3 1 1
rpc_plugin_system/internal/kernel/manager.go:1189.2,1189.24 1 1
rpc_plugin_system/internal/kernel/manager.go:1192.36,1193.16 1 1
rpc_plugin_system/internal/kernel/manager.go:1193.16,1195.3 1 1
rpc_plugin_system/internal/kernel/manager.go:1196.2,1196.20 1 1
rpc_plugin_system/internal/kernel/manager.go:121.2,121.69 1 1
rpc_plugin_system/internal/kernel/manager.go:121.69,123.3 1 1
rpc_plugin_system/internal/kernel/manager.go:124.2,124.60 1 1
rpc_plugin_system/internal/kernel/manager.go:124.60,126.3 1 1
rpc_plugin_system/internal/kernel/manager.go:127.2,128.16 2 1
rpc_plugin_system/internal/kernel/manager.go:128.16,130.3 1 1
rpc_plugin_system/internal/kernel/manager.go:131.2,131.26 1 1
rpc_plugin_system/internal/kernel/manager.go:131.26,133.3 1 1
rpc_plugin_system/internal/kernel/manager.go:134.2,134.26 1 1
rpc_plugin_system/internal/kernel/manager.go:134.26,136.3 1 1
rpc_plugin_system/internal/kernel/manager.go:137.2,137.29 1 1
rpc_plugin_system/internal/kernel/manager.go:137.29,139.3 1 1
rpc_plugin_system/internal/kernel/manager.go:140.2,153.21 3 1
rpc_plugin_system/internal/kernel/manager.go:157.33,160.24 3 1
rpc_plugin_system/internal/kernel/manager.go:160.24,163.16 3 1
rpc_plugin_system/internal/kernel/manager.go:163.16,166.4 2 1
rpc_plugin_system/internal/kernel/manager.go:167.3,170.46 4 1
rpc_plugin_system/internal/kernel/manager.go:170.46,172.4 1 1
rpc_plugin_system/internal/kernel/manager.go:174.2,174.19 1 1
rpc_plugin_system/internal/kernel/manager.go:178.33,182.2 3 1
rpc_plugin_system/internal/kernel/manager.go:184.39,186.14 2 1
rpc_plugin_system/internal/kernel/manager.go:186.14,189.3 2 1
rpc_plugin_system/internal/kernel/manager.go:190.2,190.37 1 1
rpc_plugin_system/internal/kernel/manager.go:190.37,193.3 2 1
rpc_plugin_system/internal/kernel/manager.go:194.2,221.16 10 1
rpc_plugin_system/internal/kernel/manager.go:221.16,234.3 3 1
rpc_plugin_system/internal/kernel/manager.go:235.2,235.61 1 1
rpc_plugin_system/internal/kernel/manager.go:235.61,249.3 4 1
rpc_plugin_system/internal/kernel/manager.go:251.2,258.84 3 1
rpc_plugin_system/internal/kernel/manager.go:258.84,260.3 1 1
rpc_plugin_system/internal/kernel/manager.go:261.2,261.88 1 1
rpc_plugin_system/internal/kernel/manager.go:261.88,263.3 1 1
rpc_plugin_system/internal/kernel/manager.go:264.2,264.36 1 1
rpc_plugin_system/internal/kernel/manager.go:264.36,278.3 4 1
rpc_plugin_system/internal/kernel/manager.go:280.2,281.16 2 1
rpc_plugin_system/internal/kernel/manager.go:281.16,284.3 2 1
rpc_plugin_system/internal/kernel/manager.go:285.2,285.86 1 1
rpc_plugin_system/internal/kernel/manager.go:285.86,299.3 3 1
rpc_plugin_system/internal/kernel/manager.go:301.2,312.151 3 1
rpc_plugin_system/internal/kernel/manager.go:312.151,327.3 4 1
rpc_plugin_system/internal/kernel/manager.go:328.2,328.41 1 1
rpc_plugin_system/internal/kernel/manager.go:328.41,343.3 4 1
rpc_plugin_system/internal/kernel/manager.go:344.2,344.41 1 1
rpc_plugin_system/internal/kernel/manager.go:344.41,359.3 4 1
rpc_plugin_system/internal/kernel/manager.go:360.2,383.129 5 1
rpc_plugin_system/internal/kernel/manager.go:383.129,398.3 4 1
rpc_plugin_system/internal/kernel/manager.go:399.2,399.37 1 1
rpc_plugin_system/internal/kernel/manager.go:399.37,414.3 4 1
rpc_plugin_system/internal/kernel/manager.go:415.2,415.37 1 1
rpc_plugin_system/internal/kernel/manager.go:415.37,430.3 4 1
rpc_plugin_system/internal/kernel/manager.go:431.2,431.40 1 1
rpc_plugin_system/internal/kernel/manager.go:431.40,432.38 1 1
rpc_plugin_system/internal/kernel/manager.go:432.38,447.4 4 1
rpc_plugin_system/internal/kernel/manager.go:450.2,485.12 8 1
rpc_plugin_system/internal/kernel/manager.go:489.72,498.12 9 1
rpc_plugin_system/internal/kernel/manager.go:498.12,500.3 1 1
rpc_plugin_system/internal/kernel/manager.go:501.2,502.19 2 1
rpc_plugin_system/internal/kernel/manager.go:502.19,504.3 1 1
rpc_plugin_system/internal/kernel/manager.go:505.129,519.3 2 1
rpc_plugin_system/internal/kernel/manager.go:505.2,505.129 1 1
rpc_plugin_system/internal/kernel/manager.go:520.2,522.97 3 1
rpc_plugin_system/internal/kernel/manager.go:522.97,525.3 2 1
rpc_plugin_system/internal/kernel/manager.go:526.2,529.13 4 1
rpc_plugin_system/internal/kernel/manager.go:529.13,530.18 1 1
rpc_plugin_system/internal/kernel/manager.go:530.18,542.4 1 1
rpc_plugin_system/internal/kernel/manager.go:543.8,556.3 1 1
rpc_plugin_system/internal/kernel/manager.go:557.2,557.17 1 1
rpc_plugin_system/internal/kernel/manager.go:561.56,568.12 7 1
rpc_plugin_system/internal/kernel/manager.go:568.12,570.3 1 1
rpc_plugin_system/internal/kernel/manager.go:571.19,573.3 1 1
rpc_plugin_system/internal/kernel/manager.go:571.2,571.19 1 1
rpc_plugin_system/internal/kernel/manager.go:574.2,575.146 2 1
rpc_plugin_system/internal/kernel/manager.go:575.146,577.3 1 1
rpc_plugin_system/internal/kernel/manager.go:578.2,578.25 1 1
rpc_plugin_system/internal/kernel/manager.go:582.55,589.12 7 1
rpc_plugin_system/internal/kernel/manager.go:589.12,591.3 1 1
rpc_plugin_system/internal/kernel/manager.go:592.19,594.3 1 1
rpc_plugin_system/internal/kernel/manager.go:592.2,592.19 1 1
rpc_plugin_system/internal/kernel/manager.go:595.2,595.152 1 1
rpc_plugin_system/internal/kernel/manager.go:599.41,606.12 7 1
rpc_plugin_system/internal/kernel/manager.go:606.12,608.3 1 1
rpc_plugin_system/internal/kernel/manager.go:609.19,611.3 1 1
rpc_plugin_system/internal/kernel/manager.go:609.2,609.19 1 1
rpc_plugin_system/internal/kernel/manager.go:612.2,612.144 1 1
rpc_plugin_system/internal/kernel/manager.go:616.35,626.12 9 1
rpc_plugin_system/internal/kernel/manager.go:626.12,628.3 1 1
rpc_plugin_system/internal/kernel/manager.go:629.2,639.66 2 1
rpc_plugin_system/internal/kernel/manager.go:639.66,652.3 2 1
rpc_plugin_system/internal/kernel/manager.go:653.2,653.40 1 1
rpc_plugin_system/internal/kernel/manager.go:653.40,666.3 2 1
rpc_plugin_system/internal/kernel/manager.go:667.2,678.12 3 1
rpc_plugin_system/internal/kernel/manager.go:682.32,686.2 3 1
rpc_plugin_system/internal/kernel/manager.go:689.33,696.2 6 1
rpc_plugin_system/internal/kernel/manager.go:700.41,710.2 5 1
rpc_plugin_system/internal/kernel/manager.go:712.100,714.21 2 1
rpc_plugin_system/internal/kernel/manager.go:714.21,716.3 1 1
rpc_plugin_system/internal/kernel/manager.go:717.2,718.13 2 1
rpc_plugin_system/internal/kernel/manager.go:721.106,723.21 2 1
rpc_plugin_system/internal/kernel/manager.go:723.21,725.3 1 1
rpc_plugin_system/internal/kernel/manager.go:726.2,727.13 2 1
rpc_plugin_system/internal/kernel/manager.go:730.115,731.41 1 1
rpc_plugin_system/internal/kernel/manager.go:731.41,733.3 1 1
rpc_plugin_system/internal/kernel/manager.go:734.2,735.99 2 1
rpc_plugin_system/internal/kernel/manager.go:735.99,737.3 1 1
rpc_plugin_system/internal/kernel/manager.go:738.2,738.18 1 1
rpc_plugin_system/internal/kernel/manager.go:741.82,752.34 3 1
rpc_plugin_system/internal/kernel/manager.go:752.34,754.17 2 1
rpc_plugin_system/internal/kernel/manager.go:754.17,765.4 2 1
rpc_plugin_system/internal/kernel/manager.go:766.3,766.36 1 1
rpc_plugin_system/internal/kernel/manager.go:768.2,779.17 3 1
rpc_plugin_system/internal/kernel/manager.go:782.111,783.19 1 1
rpc_plugin_system/internal/kernel/manager.go:783.19,785.3 1 1
rpc_plugin_system/internal/kernel/manager.go:786.2,799.12 4 1
rpc_plugin_system/internal/kernel/manager.go:799.12,801.3 1 1
rpc_plugin_system/internal/kernel/manager.go:803.2,803.9 1 1
rpc_plugin_system/internal/kernel/manager.go:804.25,805.17 1 1
rpc_plugin_system/internal/kernel/manager.go:805.17,806.29 1 1
rpc_plugin_system/internal/kernel/manager.go:806.29,808.5 1 1
rpc_plugin_system/internal/kernel/manager.go:809.4,821.14 2 1
rpc_plugin_system/internal/kernel/manager.go:823.3,829.118 7 1
rpc_plugin_system/internal/kernel/manager.go:829.118,844.4 3 1
rpc_plugin_system/internal/kernel/manager.go:83.126,85.3 1 1
rpc_plugin_system/internal/kernel/manager.go:845.3,856.13 2 1
rpc_plugin_system/internal/kernel/manager.go:857.39,872.13 4 1
rpc_plugin_system/internal/kernel/manager.go:86.100,88.3 1 1
rpc_plugin_system/internal/kernel/manager.go:876.69,878.14 2 1
rpc_plugin_system/internal/kernel/manager.go:878.14,881.3 2 1
rpc_plugin_system/internal/kernel/manager.go:882.2,892.16 11 1
rpc_plugin_system/internal/kernel/manager.go:89.68,91.3 1 1
rpc_plugin_system/internal/kernel/manager.go:892.16,894.3 1 1
rpc_plugin_system/internal/kernel/manager.go:895.2,909.19 3 1
rpc_plugin_system/internal/kernel/manager.go:909.19,921.143 2 1
rpc_plugin_system/internal/kernel/manager.go:92.68,94.3 1 1
rpc_plugin_system/internal/kernel/manager.go:921.143,934.4 1 1
rpc_plugin_system/internal/kernel/manager.go:934.9,946.4 1 1
rpc_plugin_system/internal/kernel/manager.go:947.3,947.21 1 1
rpc_plugin_system/internal/kernel/manager.go:949.2,949.38 1 1
rpc_plugin_system/internal/kernel/manager.go:949.38,951.13 2 1
rpc_plugin_system/internal/kernel/manager.go:95.78,97.3 1 1
rpc_plugin_system/internal/kernel/manager.go:951.13,954.4 2 1
rpc_plugin_system/internal/kernel/manager.go:955.3,955.10 1 1
rpc_plugin_system/internal/kernel/manager.go:956.24,957.56 1 1
rpc_plugin_system/internal/kernel/manager.go:957.56,959.5 1 1
rpc_plugin_system/internal/kernel/manager.go:960.45,961.108 1 1
rpc_plugin_system/internal/kernel/manager.go:961.108,963.5 1 1
rpc_plugin_system/internal/kernel/manager.go:964.4,964.73 1 1
rpc_plugin_system/internal/kernel/manager.go:964.73,966.5 1 1
rpc_plugin_system/internal/kernel/manager.go:967.4,979.14 3 1
rpc_plugin_system/internal/kernel/manager.go:982.2,994.12 3 1
rpc_plugin_system/internal/kernel/manager.go:997.119,998.19 1 1
rpc_plugin_system/internal/kernel/manager.go:998.19,1000.3 1 1
rpc_plugin_system/internal/kernel/monitor.go:12.52,16.6 3 1
rpc_plugin_system/internal/kernel/monitor.go:16.6,17.10 1 1
rpc_plugin_system/internal/kernel/monitor.go:18.21,19.10 1 1
rpc_plugin_system/internal/kernel/monitor.go:20.19,21.43 1 1
rpc_plugin_system/internal/kernel/monitor.go:21.43,22.12 1 1
rpc_plugin_system/internal/kernel/monitor.go:23.23,24.12 1 1
rpc_plugin_system/internal/kernel/monitor.go:25.13,25.13 0 1
rpc_plugin_system/internal/kernel/monitor.go:27.5,36.53 2 1
rpc_plugin_system/internal/kernel/monitor.go:36.53,46.6 1 1
rpc_plugin_system/internal/kernel/plugin_id.go:12.46,13.20 1 1
rpc_plugin_system/internal/kernel/plugin_id.go:13.20,15.3 1 1
rpc_plugin_system/internal/kernel/plugin_id.go:16.2,16.44 1 1
rpc_plugin_system/internal/kernel/plugin_id.go:16.44,18.3 1 1
rpc_plugin_system/internal/kernel/plugin_id.go:19.2,19.12 1 1
rpc_plugin_system/internal/providerbundle/loader.go:100.26,102.5 1 1
rpc_plugin_system/internal/providerbundle/loader.go:103.4,103.108 1 1
rpc_plugin_system/internal/providerbundle/loader.go:105.3,105.80 1 1
rpc_plugin_system/internal/providerbundle/loader.go:108.2,110.17 3 1
rpc_plugin_system/internal/providerbundle/loader.go:119.65,120.56 1 1
rpc_plugin_system/internal/providerbundle/loader.go:120.56,122.3 1 1
rpc_plugin_system/internal/providerbundle/loader.go:123.2,123.32 1 1
rpc_plugin_system/internal/providerbundle/loader.go:123.32,125.3 1 1
rpc_plugin_system/internal/providerbundle/loader.go:126.2,126.30 1 1
rpc_plugin_system/internal/providerbundle/loader.go:126.30,128.3 1 1
rpc_plugin_system/internal/providerbundle/loader.go:129.2,129.61 1 1
rpc_plugin_system/internal/providerbundle/loader.go:129.61,131.3 1 1
rpc_plugin_system/internal/providerbundle/loader.go:132.2,132.12 1 1
rpc_plugin_system/internal/providerbundle/loader.go:135.64,137.48 2 1
rpc_plugin_system/internal/providerbundle/loader.go:137.48,139.3 1 1
rpc_plugin_system/internal/providerbundle/loader.go:140.2,141.95 2 1
rpc_plugin_system/internal/providerbundle/loader.go:141.95,143.3 1 0
rpc_plugin_system/internal/providerbundle/loader.go:144.2,144.47 1 1
rpc_plugin_system/internal/providerbundle/loader.go:144.47,146.3 1 1
rpc_plugin_system/internal/providerbundle/loader.go:147.2,147.90 1 1
rpc_plugin_system/internal/providerbundle/loader.go:147.90,149.3 1 1
rpc_plugin_system/internal/providerbundle/loader.go:150.2,151.112 2 1
rpc_plugin_system/internal/providerbundle/loader.go:151.112,153.3 1 0
rpc_plugin_system/internal/providerbundle/loader.go:153.15,155.3 1 1
rpc_plugin_system/internal/providerbundle/loader.go:153.8,153.15 1 1
rpc_plugin_system/internal/providerbundle/loader.go:156.2,156.16 1 1
rpc_plugin_system/internal/providerbundle/loader.go:159.85,160.27 1 1
rpc_plugin_system/internal/providerbundle/loader.go:160.27,162.10 2 1
rpc_plugin_system/internal/providerbundle/loader.go:162.10,163.12 1 1
rpc_plugin_system/internal/providerbundle/loader.go:165.3,165.52 1 1
rpc_plugin_system/internal/providerbundle/loader.go:165.52,167.4 1 1
rpc_plugin_system/internal/providerbundle/loader.go:168.3,168.13 1 1
rpc_plugin_system/internal/providerbundle/loader.go:170.2,170.12 1 1
rpc_plugin_system/internal/providerbundle/loader.go:173.91,174.27 1 1
rpc_plugin_system/internal/providerbundle/loader.go:174.27,176.10 2 1
rpc_plugin_system/internal/providerbundle/loader.go:176.10,177.12 1 1
rpc_plugin_system/internal/providerbundle/loader.go:179.3,179.52 1 1
rpc_plugin_system/internal/providerbundle/loader.go:179.52,181.4 1 0
rpc_plugin_system/internal/providerbundle/loader.go:182.3,182.19 1 1
rpc_plugin_system/internal/providerbundle/loader.go:184.2,184.19 1 1
rpc_plugin_system/internal/providerbundle/loader.go:187.53,188.35 1 1
rpc_plugin_system/internal/providerbundle/loader.go:188.35,190.3 1 0
rpc_plugin_system/internal/providerbundle/loader.go:191.2,192.16 2 1
rpc_plugin_system/internal/providerbundle/loader.go:192.16,194.3 1 0
rpc_plugin_system/internal/providerbundle/loader.go:195.2,196.16 2 1
rpc_plugin_system/internal/providerbundle/loader.go:196.16,198.3 1 1
rpc_plugin_system/internal/providerbundle/loader.go:199.2,200.16 2 1
rpc_plugin_system/internal/providerbundle/loader.go:200.16,202.3 1 0
rpc_plugin_system/internal/providerbundle/loader.go:203.19,205.3 1 0
rpc_plugin_system/internal/providerbundle/loader.go:203.2,203.19 1 1
rpc_plugin_system/internal/providerbundle/loader.go:206.2,206.22 1 1
rpc_plugin_system/internal/providerbundle/loader.go:209.87,210.43 1 1
rpc_plugin_system/internal/providerbundle/loader.go:210.43,212.3 1 1
rpc_plugin_system/internal/providerbundle/loader.go:213.2,214.20 2 1
rpc_plugin_system/internal/providerbundle/loader.go:214.20,216.3 1 0
rpc_plugin_system/internal/providerbundle/loader.go:217.2,217.42 1 1
rpc_plugin_system/internal/providerbundle/loader.go:220.56,221.32 1 1
rpc_plugin_system/internal/providerbundle/loader.go:221.32,223.3 1 0
rpc_plugin_system/internal/providerbundle/loader.go:224.2,225.32 2 1
rpc_plugin_system/internal/providerbundle/loader.go:225.32,227.3 1 1
rpc_plugin_system/internal/providerbundle/loader.go:228.2,229.16 2 1
rpc_plugin_system/internal/providerbundle/loader.go:229.16,231.3 1 0
rpc_plugin_system/internal/providerbundle/loader.go:232.2,232.32 1 1
rpc_plugin_system/internal/providerbundle/loader.go:232.32,234.3 1 1
rpc_plugin_system/internal/providerbundle/loader.go:235.2,235.96 1 1
rpc_plugin_system/internal/providerbundle/loader.go:235.96,237.3 1 1
rpc_plugin_system/internal/providerbundle/loader.go:238.2,238.17 1 1
rpc_plugin_system/internal/providerbundle/loader.go:241.45,243.65 2 1
rpc_plugin_system/internal/providerbundle/loader.go:243.65,245.3 1 1
rpc_plugin_system/internal/providerbundle/loader.go:246.2,246.61 1 1
rpc_plugin_system/internal/providerbundle/loader.go:249.68,251.16 2 1
rpc_plugin_system/internal/providerbundle/loader.go:251.16,253.3 1 1
rpc_plugin_system/internal/providerbundle/loader.go:254.2,258.16 4 1
rpc_plugin_system/internal/providerbundle/loader.go:258.16,260.3 1 1
rpc_plugin_system/internal/providerbundle/loader.go:261.2,261.97 1 1
rpc_plugin_system/internal/providerbundle/loader.go:264.126,269.2 4 1
rpc_plugin_system/internal/providerbundle/loader.go:271.63,272.48 1 1
rpc_plugin_system/internal/providerbundle/loader.go:272.48,274.3 1 0
rpc_plugin_system/internal/providerbundle/loader.go:275.2,275.52 1 1
rpc_plugin_system/internal/providerbundle/loader.go:275.52,277.3 1 1
rpc_plugin_system/internal/providerbundle/loader.go:278.2,278.50 1 0
rpc_plugin_system/internal/providerbundle/loader.go:278.50,280.3 1 0
rpc_plugin_system/internal/providerbundle/loader.go:281.2,281.11 1 0
rpc_plugin_system/internal/providerbundle/loader.go:35.88,44.51 2 1
rpc_plugin_system/internal/providerbundle/loader.go:44.51,47.3 2 1
rpc_plugin_system/internal/providerbundle/loader.go:48.2,48.97 1 1
rpc_plugin_system/internal/providerbundle/loader.go:48.97,51.3 2 1
rpc_plugin_system/internal/providerbundle/loader.go:53.2,54.16 2 1
rpc_plugin_system/internal/providerbundle/loader.go:54.16,57.3 2 1
rpc_plugin_system/internal/providerbundle/loader.go:58.2,61.16 3 1
rpc_plugin_system/internal/providerbundle/loader.go:61.16,64.3 2 0
rpc_plugin_system/internal/providerbundle/loader.go:65.2,68.16 3 1
rpc_plugin_system/internal/providerbundle/loader.go:68.16,70.25 2 1
rpc_plugin_system/internal/providerbundle/loader.go:70.25,72.4 1 1
rpc_plugin_system/internal/providerbundle/loader.go:73.3,73.106 1 1
rpc_plugin_system/internal/providerbundle/loader.go:75.2,78.16 3 1
rpc_plugin_system/internal/providerbundle/loader.go:78.16,80.3 1 1
rpc_plugin_system/internal/providerbundle/loader.go:81.2,81.67 1 1
rpc_plugin_system/internal/providerbundle/loader.go:81.67,83.3 1 1
rpc_plugin_system/internal/providerbundle/loader.go:84.2,84.93 1 1
rpc_plugin_system/internal/providerbundle/loader.go:84.93,86.3 1 1
rpc_plugin_system/internal/providerbundle/loader.go:87.2,90.58 3 1
rpc_plugin_system/internal/providerbundle/loader.go:90.58,92.17 2 1
rpc_plugin_system/internal/providerbundle/loader.go:92.17,95.4 2 1
rpc_plugin_system/internal/providerbundle/loader.go:96.3,97.17 2 1
rpc_plugin_system/internal/providerbundle/loader.go:97.17,100.26 3 1
rpc_plugin_system/internal/providerbundle/metadata.go:102.58,104.36 2 1
rpc_plugin_system/internal/providerbundle/metadata.go:104.36,106.3 1 1
rpc_plugin_system/internal/providerbundle/metadata.go:107.2,107.14 1 1
rpc_plugin_system/internal/providerbundle/metadata.go:112.77,113.53 1 1
rpc_plugin_system/internal/providerbundle/metadata.go:113.53,115.3 1 1
rpc_plugin_system/internal/providerbundle/metadata.go:116.2,116.29 1 1
rpc_plugin_system/internal/providerbundle/metadata.go:116.29,118.3 1 1
rpc_plugin_system/internal/providerbundle/metadata.go:119.2,119.33 1 1
rpc_plugin_system/internal/providerbundle/metadata.go:119.33,121.3 1 0
rpc_plugin_system/internal/providerbundle/metadata.go:122.2,122.81 1 1
rpc_plugin_system/internal/providerbundle/metadata.go:122.81,124.3 1 1
rpc_plugin_system/internal/providerbundle/metadata.go:125.2,125.47 1 1
rpc_plugin_system/internal/providerbundle/metadata.go:125.47,127.3 1 1
rpc_plugin_system/internal/providerbundle/metadata.go:128.2,128.45 1 1
rpc_plugin_system/internal/providerbundle/metadata.go:128.45,130.3 1 1
rpc_plugin_system/internal/providerbundle/metadata.go:131.2,131.52 1 1
rpc_plugin_system/internal/providerbundle/metadata.go:131.52,133.3 1 1
rpc_plugin_system/internal/providerbundle/metadata.go:134.2,134.54 1 1
rpc_plugin_system/internal/providerbundle/metadata.go:134.54,136.3 1 1
rpc_plugin_system/internal/providerbundle/metadata.go:137.2,137.46 1 1
rpc_plugin_system/internal/providerbundle/metadata.go:137.46,139.3 1 0
rpc_plugin_system/internal/providerbundle/metadata.go:140.2,140.27 1 1
rpc_plugin_system/internal/providerbundle/metadata.go:140.27,142.3 1 1
rpc_plugin_system/internal/providerbundle/metadata.go:143.2,143.58 1 1
rpc_plugin_system/internal/providerbundle/metadata.go:143.58,145.3 1 1
rpc_plugin_system/internal/providerbundle/metadata.go:146.2,146.91 1 1
rpc_plugin_system/internal/providerbundle/metadata.go:146.91,148.3 1 1
rpc_plugin_system/internal/providerbundle/metadata.go:149.2,149.36 1 1
rpc_plugin_system/internal/providerbundle/metadata.go:149.36,150.42 1 1
rpc_plugin_system/internal/providerbundle/metadata.go:150.42,152.4 1 1
rpc_plugin_system/internal/providerbundle/metadata.go:153.3,153.49 1 1
rpc_plugin_system/internal/providerbundle/metadata.go:153.49,155.4 1 1
rpc_plugin_system/internal/providerbundle/metadata.go:157.2,157.12 1 1
rpc_plugin_system/internal/providerbundle/metadata.go:163.48,164.65 1 1
rpc_plugin_system/internal/providerbundle/metadata.go:164.65,166.3 1 1
rpc_plugin_system/internal/providerbundle/metadata.go:167.2,167.58 1 1
rpc_plugin_system/internal/providerbundle/metadata.go:167.58,169.3 1 1
rpc_plugin_system/internal/providerbundle/metadata.go:170.2,170.12 1 1
rpc_plugin_system/internal/providerbundle/metadata.go:174.48,175.11 1 1
rpc_plugin_system/internal/providerbundle/metadata.go:176.119,177.13 1 1
rpc_plugin_system/internal/providerbundle/metadata.go:178.10,179.71 1 1
rpc_plugin_system/internal/providerbundle/metadata.go:186.73,189.31 3 1
rpc_plugin_system/internal/providerbundle/metadata.go:189.31,191.3 1 1
rpc_plugin_system/internal/providerbundle/metadata.go:192.2,203.3 1 1
rpc_plugin_system/internal/providerbundle/metadata.go:208.83,210.24 2 1
rpc_plugin_system/internal/providerbundle/metadata.go:210.24,212.3 1 1
rpc_plugin_system/internal/providerbundle/metadata.go:213.2,228.3 1 1
rpc_plugin_system/internal/providerbundle/metadata.go:232.40,233.27 1 1
rpc_plugin_system/internal/providerbundle/metadata.go:233.27,235.3 1 1
rpc_plugin_system/internal/providerbundle/metadata.go:236.2,236.10 1 1
rpc_plugin_system/internal/providerbundle/metadata.go:241.59,242.41 1 1
rpc_plugin_system/internal/providerbundle/metadata.go:242.41,244.3 1 1
rpc_plugin_system/internal/providerbundle/metadata.go:245.2,245.51 1 1
rpc_plugin_system/internal/providerbundle/metadata.go:245.51,247.3 1 1
rpc_plugin_system/internal/providerbundle/metadata.go:248.2,249.97 2 1
rpc_plugin_system/internal/providerbundle/metadata.go:249.97,251.3 1 0
rpc_plugin_system/internal/providerbundle/metadata.go:252.2,252.34 1 1
rpc_plugin_system/internal/providerbundle/metadata.go:255.66,256.15 1 1
rpc_plugin_system/internal/providerbundle/metadata.go:256.15,258.3 1 0
rpc_plugin_system/internal/providerbundle/metadata.go:259.2,261.12 3 1
rpc_plugin_system/internal/providerbundle/metadata.go:264.40,266.2 1 1
rpc_plugin_system/internal/providerbundle/metadata.go:268.46,269.20 1 1
rpc_plugin_system/internal/providerbundle/metadata.go:269.20,271.3 1 1
rpc_plugin_system/internal/providerbundle/metadata.go:272.2,272.44 1 1
rpc_plugin_system/internal/providerbundle/metadata.go:272.44,274.3 1 1
rpc_plugin_system/internal/providerbundle/metadata.go:275.2,275.12 1 1
rpc_plugin_system/internal/providerbundle/metadata.go:96.64,99.2 2 1
rpc_plugin_system/internal/runtime/peercred_linux.go:25.52,27.9 2 1
rpc_plugin_system/internal/runtime/peercred_linux.go:27.9,29.3 1 1
rpc_plugin_system/internal/runtime/peercred_linux.go:30.2,31.16 2 1
rpc_plugin_system/internal/runtime/peercred_linux.go:31.16,33.3 1 1
rpc_plugin_system/internal/runtime/peercred_linux.go:34.2,36.45 3 1
rpc_plugin_system/internal/runtime/peercred_linux.go:36.45,38.17 2 1
rpc_plugin_system/internal/runtime/peercred_linux.go:38.17,41.4 2 1
rpc_plugin_system/internal/runtime/peercred_linux.go:42.3,42.67 1 1
rpc_plugin_system/internal/runtime/peercred_linux.go:43.17,45.3 1 1
rpc_plugin_system/internal/runtime/peercred_linux.go:46.2,46.20 1 1
rpc_plugin_system/internal/runtime/peercred_linux.go:46.20,48.3 1 1
rpc_plugin_system/internal/runtime/peercred_linux.go:49.2,49.17 1 1
rpc_plugin_system/internal/runtime/runtime.go:22.35,23.16 1 1
rpc_plugin_system/internal/runtime/runtime.go:23.16,25.3 1 1
rpc_plugin_system/internal/runtime/runtime.go:26.2,27.16 2 1
rpc_plugin_system/internal/runtime/runtime.go:27.16,28.38 1 1
rpc_plugin_system/internal/runtime/runtime.go:28.38,30.4 1 1
rpc_plugin_system/internal/runtime/runtime.go:31.20,33.4 1 1
rpc_plugin_system/internal/runtime/runtime.go:31.3,31.20 1 1
rpc_plugin_system/internal/runtime/runtime.go:34.32,36.3 1 1
rpc_plugin_system/internal/runtime/runtime.go:34.8,34.32 1 1
rpc_plugin_system/internal/runtime/runtime.go:37.2,37.48 1 1
rpc_plugin_system/internal/runtime/runtime.go:37.48,39.3 1 1
rpc_plugin_system/internal/runtime/runtime.go:40.2,40.45 1 1
rpc_plugin_system/internal/runtime/runtime.go:40.45,42.3 1 1
rpc_plugin_system/internal/runtime/runtime.go:43.2,43.12 1 1
rpc_plugin_system/internal/runtime/runtime.go:47.47,49.2 1 1
rpc_plugin_system/internal/runtime/runtime.go:52.45,54.2 1 1
rpc_plugin_system/internal/runtime/runtime.go:57.58,60.16 3 1
rpc_plugin_system/internal/runtime/runtime.go:60.16,62.3 1 1
rpc_plugin_system/internal/runtime/runtime.go:63.2,63.54 1 1
rpc_plugin_system/internal/runtime/runtime.go:63.54,67.3 3 1
rpc_plugin_system/internal/runtime/runtime.go:68.2,68.22 1 1
rpc_plugin_system/internal/runtime/runtime.go:72.44,73.16 1 1
rpc_plugin_system/internal/runtime/runtime.go:73.16,75.3 1 1
rpc_plugin_system/internal/runtime/runtime.go:76.2,76.27 1 1
rpc_plugin_system/internal/runtime/runtime.go:76.27,78.3 1 1
rpc_plugin_system/internal/runtime/runtime.go:79.2,80.16 2 1
rpc_plugin_system/internal/runtime/runtime.go:80.16,82.3 1 1
rpc_plugin_system/internal/runtime/runtime.go:83.2,83.37 1 1
rpc_plugin_system/internal/runtime/runtime.go:83.37,85.3 1 1
rpc_plugin_system/internal/runtime/runtime.go:86.2,86.30 1 1
rpc_plugin_system/internal/runtime/runtime.go:86.30,88.3 1 1
rpc_plugin_system/internal/runtime/runtime.go:89.2,89.28 1 1
rpc_plugin_system/internal/runtime/runtime.go:89.28,91.3 1 1
rpc_plugin_system/internal/runtime/runtime.go:92.2,92.35 1 1
rpc_plugin_system/internal/runtime/runtime.go:92.35,94.3 1 1
rpc_plugin_system/internal/runtime/runtime.go:95.2,95.12 1 1
rpc_plugin_system/pkg/plugin/example_minimal.go:10.16,11.13 1 1
rpc_plugin_system/pkg/plugin/example_minimal.go:14.2,16.55 2 1
rpc_plugin_system/pkg/plugin/example_minimal.go:16.55,17.13 1 1
rpc_plugin_system/pkg/plugin/example_minimal.go:8.24,10.16 2 1
rpc_plugin_system/pkg/plugin/logging.go:100.2,100.20 1 1
rpc_plugin_system/pkg/plugin/logging.go:100.20,102.3 1 1
rpc_plugin_system/pkg/plugin/logging.go:103.2,103.23 1 1
rpc_plugin_system/pkg/plugin/logging.go:103.23,105.3 1 1
rpc_plugin_system/pkg/plugin/logging.go:106.2,106.30 1 1
rpc_plugin_system/pkg/plugin/logging.go:55.45,58.16 3 1
rpc_plugin_system/pkg/plugin/logging.go:58.16,60.3 1 1
rpc_plugin_system/pkg/plugin/logging.go:61.2,67.8 1 1
rpc_plugin_system/pkg/plugin/logging.go:71.32,72.14 1 1
rpc_plugin_system/pkg/plugin/logging.go:72.14,74.3 1 1
rpc_plugin_system/pkg/plugin/logging.go:75.2,75.15 1 1
rpc_plugin_system/pkg/plugin/logging.go:79.32,80.33 1 1
rpc_plugin_system/pkg/plugin/logging.go:80.33,82.3 1 1
rpc_plugin_system/pkg/plugin/logging.go:83.2,83.25 1 1
rpc_plugin_system/pkg/plugin/logging.go:87.46,88.33 1 1
rpc_plugin_system/pkg/plugin/logging.go:88.33,90.3 1 1
rpc_plugin_system/pkg/plugin/logging.go:91.2,91.27 1 1
rpc_plugin_system/pkg/plugin/logging.go:91.27,93.3 1 1
rpc_plugin_system/pkg/plugin/logging.go:94.2,94.26 1 1
rpc_plugin_system/pkg/plugin/logging.go:94.26,96.3 1 1
rpc_plugin_system/pkg/plugin/logging.go:97.2,97.29 1 1
rpc_plugin_system/pkg/plugin/logging.go:97.29,99.3 1 1
rpc_plugin_system/pkg/plugin/plugin.go:118.42,120.16 2 1
rpc_plugin_system/pkg/plugin/plugin.go:120.16,122.3 1 1
rpc_plugin_system/pkg/plugin/plugin.go:123.2,124.20 2 1
rpc_plugin_system/pkg/plugin/plugin.go:124.20,126.3 1 1
rpc_plugin_system/pkg/plugin/plugin.go:127.2,128.18 2 1
rpc_plugin_system/pkg/plugin/plugin.go:128.18,130.3 1 1
rpc_plugin_system/pkg/plugin/plugin.go:131.2,132.16 2 1
rpc_plugin_system/pkg/plugin/plugin.go:132.16,134.3 1 1
rpc_plugin_system/pkg/plugin/plugin.go:135.2,136.20 2 1
rpc_plugin_system/pkg/plugin/plugin.go:136.20,138.3 1 1
rpc_plugin_system/pkg/plugin/plugin.go:139.2,140.16 2 1
rpc_plugin_system/pkg/plugin/plugin.go:140.16,142.3 1 1
rpc_plugin_system/pkg/plugin/plugin.go:143.2,143.119 1 1
rpc_plugin_system/pkg/plugin/plugin.go:146.29,148.16 2 1
rpc_plugin_system/pkg/plugin/plugin.go:148.16,150.3 1 1
rpc_plugin_system/pkg/plugin/plugin.go:151.2,151.35 1 1
rpc_plugin_system/pkg/plugin/plugin.go:154.75,156.2 1 1
rpc_plugin_system/pkg/plugin/plugin.go:158.55,160.2 1 1
rpc_plugin_system/pkg/plugin/plugin.go:162.51,163.17 1 1
rpc_plugin_system/pkg/plugin/plugin.go:163.17,165.3 1 1
rpc_plugin_system/pkg/plugin/plugin.go:166.2,167.16 2 1
rpc_plugin_system/pkg/plugin/plugin.go:167.16,169.3 1 1
rpc_plugin_system/pkg/plugin/plugin.go:170.2,175.16 5 1
rpc_plugin_system/pkg/plugin/plugin.go:175.16,178.3 2 1
rpc_plugin_system/pkg/plugin/plugin.go:179.2,179.39 1 1
rpc_plugin_system/pkg/plugin/plugin.go:179.39,181.3 1 1
rpc_plugin_system/pkg/plugin/plugin.go:182.2,187.72 5 1
rpc_plugin_system/pkg/plugin/plugin.go:187.72,190.3 2 1
rpc_plugin_system/pkg/plugin/plugin.go:191.2,191.6 1 1
rpc_plugin_system/pkg/plugin/plugin.go:191.6,193.17 2 1
rpc_plugin_system/pkg/plugin/plugin.go:193.17,196.4 2 1
rpc_plugin_system/pkg/plugin/plugin.go:197.3,197.35 1 1
rpc_plugin_system/pkg/plugin/plugin.go:201.45,202.44 1 1
rpc_plugin_system/pkg/plugin/plugin.go:202.44,204.3 1 1
rpc_plugin_system/pkg/plugin/plugin.go:205.2,206.30 2 1
rpc_plugin_system/pkg/plugin/plugin.go:206.30,208.3 1 1
rpc_plugin_system/pkg/plugin/plugin.go:209.2,209.31 1 1
rpc_plugin_system/pkg/plugin/plugin.go:209.31,211.3 1 1
rpc_plugin_system/pkg/plugin/plugin.go:212.2,212.31 1 1
rpc_plugin_system/pkg/plugin/plugin.go:212.31,214.3 1 1
rpc_plugin_system/pkg/plugin/plugin.go:215.2,215.13 1 1
rpc_plugin_system/pkg/plugin/plugin.go:218.64,219.21 1 1
rpc_plugin_system/pkg/plugin/plugin.go:219.21,221.3 1 1
rpc_plugin_system/pkg/plugin/plugin.go:222.2,222.39 1 1
rpc_plugin_system/pkg/plugin/plugin.go:222.39,223.48 1 1
rpc_plugin_system/pkg/plugin/plugin.go:223.48,224.23 1 1
rpc_plugin_system/pkg/plugin/plugin.go:224.23,226.5 1 1
rpc_plugin_system/pkg/plugin/plugin.go:227.4,227.14 1 1
rpc_plugin_system/pkg/plugin/plugin.go:230.2,232.79 3 1
rpc_plugin_system/pkg/plugin/plugin.go:232.79,233.22 1 1
rpc_plugin_system/pkg/plugin/plugin.go:233.22,235.4 1 1
rpc_plugin_system/pkg/plugin/plugin.go:236.3,236.26 1 1
rpc_plugin_system/pkg/plugin/plugin.go:238.2,241.43 4 1
rpc_plugin_system/pkg/plugin/plugin.go:241.43,243.3 1 1
rpc_plugin_system/pkg/plugin/plugin.go:244.2,245.21 2 1
rpc_plugin_system/pkg/plugin/plugin.go:245.21,247.3 1 1
rpc_plugin_system/pkg/plugin/plugin.go:248.2,248.12 1 1
rpc_plugin_system/pkg/plugin/plugin.go:251.73,252.58 1 1
rpc_plugin_system/pkg/plugin/plugin.go:252.58,254.3 1 1
rpc_plugin_system/pkg/plugin/plugin.go:255.2,257.43 3 1
rpc_plugin_system/pkg/plugin/plugin.go:257.43,259.3 1 1
rpc_plugin_system/pkg/plugin/plugin.go:260.2,261.21 2 1
rpc_plugin_system/pkg/plugin/plugin.go:261.21,263.3 1 1
rpc_plugin_system/pkg/plugin/plugin.go:264.2,264.12 1 1
rpc_plugin_system/pkg/plugin/plugin.go:267.68,268.55 1 1
rpc_plugin_system/pkg/plugin/plugin.go:268.55,270.3 1 1
rpc_plugin_system/pkg/plugin/plugin.go:271.2,273.12 3 1
rpc_plugin_system/pkg/plugin/plugin.go:276.55,277.54 1 1
rpc_plugin_system/pkg/plugin/plugin.go:277.54,279.3 1 1
rpc_plugin_system/pkg/plugin/plugin.go:280.2,280.21 1 1
rpc_plugin_system/pkg/plugin/plugin.go:280.21,282.3 1 1
rpc_plugin_system/pkg/plugin/plugin.go:283.2,285.12 3 1
rpc_plugin_system/pkg/plugin/plugin.go:288.64,289.50 1 1
rpc_plugin_system/pkg/plugin/plugin.go:289.50,291.3 1 1
rpc_plugin_system/pkg/plugin/plugin.go:292.2,293.9 2 1
rpc_plugin_system/pkg/plugin/plugin.go:293.9,297.3 3 1
rpc_plugin_system/pkg/plugin/plugin.go:298.2,300.12 3 1
rpc_plugin_system/pkg/plugin/plugin.go:303.59,304.51 1 1
rpc_plugin_system/pkg/plugin/plugin.go:304.51,306.3 1 1
rpc_plugin_system/pkg/plugin/plugin.go:307.2,308.9 2 1
rpc_plugin_system/pkg/plugin/plugin.go:308.9,312.3 3 1
rpc_plugin_system/pkg/plugin/plugin.go:313.2,315.12 3 1
rpc_plugin_system/pkg/plugin/plugin.go:318.59,319.51 1 1
rpc_plugin_system/pkg/plugin/plugin.go:319.51,321.3 1 1
rpc_plugin_system/pkg/plugin/plugin.go:322.2,323.9 2 1
rpc_plugin_system/pkg/plugin/plugin.go:323.9,327.3 3 1
rpc_plugin_system/pkg/plugin/plugin.go:328.2,330.12 3 1
rpc_plugin_system/pkg/plugin/plugin.go:333.51,336.16 3 1
rpc_plugin_system/pkg/plugin/plugin.go:336.16,338.3 1 1
rpc_plugin_system/pkg/plugin/plugin.go:339.2,340.21 2 1
rpc_plugin_system/pkg/plugin/plugin.go:340.21,342.3 1 1
rpc_plugin_system/pkg/plugin/plugin.go:343.2,344.12 2 1
rpc_plugin_system/pkg/plugin/plugin.go:347.51,348.21 1 1
rpc_plugin_system/pkg/plugin/plugin.go:348.21,350.3 1 1
rpc_plugin_system/pkg/plugin/plugin.go:351.16,354.3 2 1
rpc_plugin_system/pkg/plugin/plugin.go:351.2,351.16 1 1
rpc_plugin_system/pkg/plugin/plugin.go:355.2,355.121 1 1
rpc_plugin_system/pkg/plugin/plugin.go:85.39,87.2 1 1
rpc_plugin_system/pkg/plugin/template.go:16.62,17.19 1 1
rpc_plugin_system/pkg/plugin/template.go:17.19,19.3 1 1
rpc_plugin_system/pkg/plugin/template.go:20.2,25.3 1 1
rpc_plugin_system/pkg/plugin/template.go:29.43,31.2 1 1
rpc_plugin_system/pkg/plugin/template.go:34.75,43.2 2 1
rpc_plugin_system/pkg/plugin/template.go:46.60,48.2 1 1
rpc_plugin_system/test/testpluginapi/config.go:101.2,101.17 1 1
rpc_plugin_system/test/testpluginapi/config.go:104.52,106.17 2 1
rpc_plugin_system/test/testpluginapi/config.go:106.17,108.3 1 1
rpc_plugin_system/test/testpluginapi/config.go:109.2,110.16 2 1
rpc_plugin_system/test/testpluginapi/config.go:110.16,112.3 1 1
rpc_plugin_system/test/testpluginapi/config.go:113.2,113.15 1 1
rpc_plugin_system/test/testpluginapi/config.go:116.58,118.17 2 1
rpc_plugin_system/test/testpluginapi/config.go:118.17,120.3 1 1
rpc_plugin_system/test/testpluginapi/config.go:121.2,122.16 2 1
rpc_plugin_system/test/testpluginapi/config.go:122.16,124.3 1 1
rpc_plugin_system/test/testpluginapi/config.go:125.2,125.15 1 1
rpc_plugin_system/test/testpluginapi/config.go:128.49,130.17 2 1
rpc_plugin_system/test/testpluginapi/config.go:130.17,132.3 1 1
rpc_plugin_system/test/testpluginapi/config.go:133.2,134.16 2 1
rpc_plugin_system/test/testpluginapi/config.go:134.16,136.3 1 1
rpc_plugin_system/test/testpluginapi/config.go:137.2,137.15 1 1
rpc_plugin_system/test/testpluginapi/config.go:31.45,32.29 1 1
rpc_plugin_system/test/testpluginapi/config.go:32.29,34.3 1 1
rpc_plugin_system/test/testpluginapi/config.go:35.2,35.61 1 1
rpc_plugin_system/test/testpluginapi/config.go:38.44,39.28 1 1
rpc_plugin_system/test/testpluginapi/config.go:39.28,41.3 1 1
rpc_plugin_system/test/testpluginapi/config.go:42.2,42.60 1 1
rpc_plugin_system/test/testpluginapi/config.go:45.23,46.54 1 1
rpc_plugin_system/test/testpluginapi/config.go:46.54,48.17 2 1
rpc_plugin_system/test/testpluginapi/config.go:48.17,50.41 2 1
rpc_plugin_system/test/testpluginapi/config.go:50.41,51.26 1 1
rpc_plugin_system/test/testpluginapi/config.go:51.26,53.6 1 1
rpc_plugin_system/test/testpluginapi/config.go:54.34,56.6 1 1
rpc_plugin_system/test/testpluginapi/config.go:54.5,54.34 1 1
rpc_plugin_system/test/testpluginapi/config.go:57.28,59.6 1 1
rpc_plugin_system/test/testpluginapi/config.go:57.5,57.28 1 1
rpc_plugin_system/test/testpluginapi/config.go:60.5,60.15 1 1
rpc_plugin_system/test/testpluginapi/config.go:64.2,64.18 1 1
rpc_plugin_system/test/testpluginapi/config.go:67.46,69.16 2 1
rpc_plugin_system/test/testpluginapi/config.go:69.16,71.3 1 1
rpc_plugin_system/test/testpluginapi/config.go:72.2,72.56 1 1
rpc_plugin_system/test/testpluginapi/config.go:72.56,74.3 1 1
rpc_plugin_system/test/testpluginapi/config.go:75.2,75.12 1 1
rpc_plugin_system/test/testpluginapi/config.go:79.20,95.2 1 1
rpc_plugin_system/test/testpluginapi/config.go:97.49,98.42 1 1
rpc_plugin_system/test/testpluginapi/config.go:98.42,100.3 1 1
rpc_plugin_system/test/testroot/root.go:18.38,22.16 3 1
rpc_plugin_system/test/testroot/root.go:22.16,24.3 1 1
rpc_plugin_system/test/testroot/root.go:25.2,25.12 1 1
rpc_plugin_system/test/testroot/root.go:28.103,30.16 2 1
rpc_plugin_system/test/testroot/root.go:30.16,32.3 1 1
rpc_plugin_system/test/testroot/root.go:33.2,33.6 1 1
rpc_plugin_system/test/testroot/root.go:33.6,34.63 1 1
rpc_plugin_system/test/testroot/root.go:34.63,36.4 1 1
rpc_plugin_system/test/testroot/root.go:36.33,38.4 1 1
rpc_plugin_system/test/testroot/root.go:36.9,36.33 1 1
rpc_plugin_system/test/testroot/root.go:39.3,40.18 2 1
rpc_plugin_system/test/testroot/root.go:40.18,42.4 1 1
rpc_plugin_system/test/testroot/root.go:43.3,43.13 1 1
